Archive member included to satisfy reference by file (symbol)

C:/ST/STM32CubeIDE_1.17.0/STM32CubeIDE/plugins/com.st.stm32cube.ide.mcu.externaltools.gnu-tools-for-stm32.12.3.rel1.win32_1.1.0.202410251130/tools/bin/../lib/gcc/arm-none-eabi/12.3.1/../../../../arm-none-eabi/lib/thumb/v7e-m+fp/hard\libc_nano.a(libc_a-exit.o)
                              C:/ST/STM32CubeIDE_1.17.0/STM32CubeIDE/plugins/com.st.stm32cube.ide.mcu.externaltools.gnu-tools-for-stm32.12.3.rel1.win32_1.1.0.202410251130/tools/bin/../lib/gcc/arm-none-eabi/12.3.1/../../../../arm-none-eabi/lib/thumb/v7e-m+fp/hard/crt0.o (exit)
C:/ST/STM32CubeIDE_1.17.0/STM32CubeIDE/plugins/com.st.stm32cube.ide.mcu.externaltools.gnu-tools-for-stm32.12.3.rel1.win32_1.1.0.202410251130/tools/bin/../lib/gcc/arm-none-eabi/12.3.1/../../../../arm-none-eabi/lib/thumb/v7e-m+fp/hard\libc_nano.a(libc_a-findfp.o)
                              ./Middlewares/Third_Party/FreeRTOS/Source/tasks.o (__sf)
C:/ST/STM32CubeIDE_1.17.0/STM32CubeIDE/plugins/com.st.stm32cube.ide.mcu.externaltools.gnu-tools-for-stm32.12.3.rel1.win32_1.1.0.202410251130/tools/bin/../lib/gcc/arm-none-eabi/12.3.1/../../../../arm-none-eabi/lib/thumb/v7e-m+fp/hard\libc_nano.a(libc_a-fwalk.o)
                              C:/ST/STM32CubeIDE_1.17.0/STM32CubeIDE/plugins/com.st.stm32cube.ide.mcu.externaltools.gnu-tools-for-stm32.12.3.rel1.win32_1.1.0.202410251130/tools/bin/../lib/gcc/arm-none-eabi/12.3.1/../../../../arm-none-eabi/lib/thumb/v7e-m+fp/hard\libc_nano.a(libc_a-findfp.o) (_fwalk_sglue)
C:/ST/STM32CubeIDE_1.17.0/STM32CubeIDE/plugins/com.st.stm32cube.ide.mcu.externaltools.gnu-tools-for-stm32.12.3.rel1.win32_1.1.0.202410251130/tools/bin/../lib/gcc/arm-none-eabi/12.3.1/../../../../arm-none-eabi/lib/thumb/v7e-m+fp/hard\libc_nano.a(libc_a-stdio.o)
                              C:/ST/STM32CubeIDE_1.17.0/STM32CubeIDE/plugins/com.st.stm32cube.ide.mcu.externaltools.gnu-tools-for-stm32.12.3.rel1.win32_1.1.0.202410251130/tools/bin/../lib/gcc/arm-none-eabi/12.3.1/../../../../arm-none-eabi/lib/thumb/v7e-m+fp/hard\libc_nano.a(libc_a-findfp.o) (__sread)
C:/ST/STM32CubeIDE_1.17.0/STM32CubeIDE/plugins/com.st.stm32cube.ide.mcu.externaltools.gnu-tools-for-stm32.12.3.rel1.win32_1.1.0.202410251130/tools/bin/../lib/gcc/arm-none-eabi/12.3.1/../../../../arm-none-eabi/lib/thumb/v7e-m+fp/hard\libc_nano.a(libc_a-memset.o)
                              C:/ST/STM32CubeIDE_1.17.0/STM32CubeIDE/plugins/com.st.stm32cube.ide.mcu.externaltools.gnu-tools-for-stm32.12.3.rel1.win32_1.1.0.202410251130/tools/bin/../lib/gcc/arm-none-eabi/12.3.1/../../../../arm-none-eabi/lib/thumb/v7e-m+fp/hard/crt0.o (memset)
C:/ST/STM32CubeIDE_1.17.0/STM32CubeIDE/plugins/com.st.stm32cube.ide.mcu.externaltools.gnu-tools-for-stm32.12.3.rel1.win32_1.1.0.202410251130/tools/bin/../lib/gcc/arm-none-eabi/12.3.1/../../../../arm-none-eabi/lib/thumb/v7e-m+fp/hard\libc_nano.a(libc_a-closer.o)
                              C:/ST/STM32CubeIDE_1.17.0/STM32CubeIDE/plugins/com.st.stm32cube.ide.mcu.externaltools.gnu-tools-for-stm32.12.3.rel1.win32_1.1.0.202410251130/tools/bin/../lib/gcc/arm-none-eabi/12.3.1/../../../../arm-none-eabi/lib/thumb/v7e-m+fp/hard\libc_nano.a(libc_a-stdio.o) (_close_r)
C:/ST/STM32CubeIDE_1.17.0/STM32CubeIDE/plugins/com.st.stm32cube.ide.mcu.externaltools.gnu-tools-for-stm32.12.3.rel1.win32_1.1.0.202410251130/tools/bin/../lib/gcc/arm-none-eabi/12.3.1/../../../../arm-none-eabi/lib/thumb/v7e-m+fp/hard\libc_nano.a(libc_a-reent.o)
                              ./Middlewares/Third_Party/FreeRTOS/Source/tasks.o (_reclaim_reent)
C:/ST/STM32CubeIDE_1.17.0/STM32CubeIDE/plugins/com.st.stm32cube.ide.mcu.externaltools.gnu-tools-for-stm32.12.3.rel1.win32_1.1.0.202410251130/tools/bin/../lib/gcc/arm-none-eabi/12.3.1/../../../../arm-none-eabi/lib/thumb/v7e-m+fp/hard\libc_nano.a(libc_a-impure.o)
                              ./Middlewares/Third_Party/FreeRTOS/Source/tasks.o (_impure_ptr)
C:/ST/STM32CubeIDE_1.17.0/STM32CubeIDE/plugins/com.st.stm32cube.ide.mcu.externaltools.gnu-tools-for-stm32.12.3.rel1.win32_1.1.0.202410251130/tools/bin/../lib/gcc/arm-none-eabi/12.3.1/../../../../arm-none-eabi/lib/thumb/v7e-m+fp/hard\libc_nano.a(libc_a-lseekr.o)
                              C:/ST/STM32CubeIDE_1.17.0/STM32CubeIDE/plugins/com.st.stm32cube.ide.mcu.externaltools.gnu-tools-for-stm32.12.3.rel1.win32_1.1.0.202410251130/tools/bin/../lib/gcc/arm-none-eabi/12.3.1/../../../../arm-none-eabi/lib/thumb/v7e-m+fp/hard\libc_nano.a(libc_a-stdio.o) (_lseek_r)
C:/ST/STM32CubeIDE_1.17.0/STM32CubeIDE/plugins/com.st.stm32cube.ide.mcu.externaltools.gnu-tools-for-stm32.12.3.rel1.win32_1.1.0.202410251130/tools/bin/../lib/gcc/arm-none-eabi/12.3.1/../../../../arm-none-eabi/lib/thumb/v7e-m+fp/hard\libc_nano.a(libc_a-readr.o)
[...]
Memory Configuration

Name             Origin             Length             Attributes
RAM              0x20000000         0x00040000         xrw
RAM2             0x10000000         0x00010000         xrw
FLASH            0x08000000         0x00080000         xr
*default*        0x00000000         0xffffffff

Linker script and memory map

LOAD C:/ST/STM32CubeIDE_1.17.0/STM32CubeIDE/plugins/com.st.stm32cube.ide.mcu.externaltools.gnu-tools-for-stm32.12.3.rel1.win32_1.1.0.202410251130/tools/bin/../lib/gcc/arm-none-eabi/12.3.1/thumb/v7e-m+fp/hard/crti.o
LOAD C:/ST/STM32CubeIDE_1.17.0/STM32CubeIDE/plugins/com.st.stm32cube.ide.mcu.externaltools.gnu-tools-for-stm32.12.3.rel1.win32_1.1.0.202410251130/tools/bin/../lib/gcc/arm-none-eabi/12.3.1/thumb/v7e-m+fp/hard/crtbegin.o
LOAD C:/ST/STM32CubeIDE_1.17.0/STM32CubeIDE/plugins/com.st.stm32cube.ide.mcu.externaltools.gnu-tools-for-stm32.12.3.rel1.win32_1.1.0.202410251130/tools/bin/../lib/gcc/arm-none-eabi/12.3.1/../../../../arm-none-eabi/lib/thumb/v7e-m+fp/hard/crt0.o
LOAD ./Core/Src/CAN.o
LOAD ./Core/Src/CAN_X_2025.o
LOAD ./Core/Src/freertos.o
LOAD ./Core/Src/main.o
LOAD ./Core/Src/stm32l4xx_hal_msp.o
LOAD ./Core/Src/stm32l4xx_hal_timebase_tim.o
LOAD ./Core/Src/stm32l4xx_it.o
LOAD ./Core/Src/syscalls.o
LOAD ./Core/Src/sysmem.o
LOAD ./Core/Src/system_stm32l4xx.o
LOAD ./Core/Startup/startup_stm32l496vetx.o
LOAD ./Drivers/STM32L4xx_HAL_Driver/Src/stm32l4xx_hal.o
LOAD ./Drivers/STM32L4xx_HAL_Driver/Src/stm32l4xx_hal_adc.o
LOAD ./Drivers/STM32L4xx_HAL_Driver/Src/stm32l4xx_hal_adc_ex.o
LOAD ./Drivers/STM32L4xx_HAL_Driver/Src/stm32l4xx_hal_can.o
LOAD ./Drivers/STM32L4xx_HAL_Driver/Src/stm32l4xx_hal_cortex.o
LOAD ./Drivers/STM32L4xx_HAL_Driver/Src/stm32l4xx_hal_dma.o
LOAD ./Drivers/STM32L4xx_HAL_Driver/Src/stm32l4xx_hal_dma_ex.o
LOAD ./Drivers/STM32L4xx_HAL_Driver/Src/stm32l4xx_hal_exti.o
LOAD ./Drivers/STM32L4xx_HAL_Driver/Src/stm32l4xx_hal_flash.o
LOAD ./Drivers/STM32L4xx_HAL_Driver/Src/stm32l4xx_hal_flash_ex.o
LOAD ./Drivers/STM32L4xx_HAL_Driver/Src/stm32l4xx_hal_flash_ramfunc.o
LOAD ./Drivers/STM32L4xx_HAL_Driver/Src/stm32l4xx_hal_gpio.o
LOAD ./Drivers/STM32L4xx_HAL_Driver/Src/stm32l4xx_hal_i2c.o
LOAD ./Drivers/STM32L4xx_HAL_Driver/Src/stm32l4xx_hal_i2c_ex.o
LOAD ./Drivers/STM32L4xx_HAL_Driver/Src/stm32l4xx_hal_pwr.o
LOAD ./Drivers/STM32L4xx_HAL_Driver/Src/stm32l4xx_hal_pwr_ex.o
LOAD ./Drivers/STM32L4xx_HAL_Driver/Src/stm32l4xx_hal_rcc.o
LOAD ./Drivers/STM32L4xx_HAL_Driver/Src/stm32l4xx_hal_rcc_ex.o
LOAD ./Drivers/STM32L4xx_HAL_Driver/Src/stm32l4xx_hal_tim.o
LOAD ./Drivers/STM32L4xx_HAL_Driver/Src/stm32l4xx_hal_tim_ex.o
LOAD ./Middlewares/Third_Party/FreeRTOS/Source/CMSIS_RTOS/cmsis_os.o
LOAD ./Middlewares/Third_Party/FreeRTOS/Source/croutine.o
LOAD ./Middlewares/Third_Party/FreeRTOS/Source/event_groups.o
LOAD ./Middlewares/Third_Party/FreeRTOS/Source/list.o
LOAD ./Middlewares/Third_Party/FreeRTOS/Source/queue.o
LOAD ./Middlewares/Third_Party/FreeRTOS/Source/stream_buffer.o
LOAD ./Middlewares/Third_Party/FreeRTOS/Source/tasks.o
LOAD ./Middlewares/Third_Party/FreeRTOS/Source/timers.o
LOAD ./Middlewares/Third_Party/FreeRTOS/Source/portable/GCC/ARM_CM4F/port.o
LOAD ./Middlewares/Third_Party/FreeRTOS/Source/portable/MemMang/heap_4.o
START GROUP
LOAD C:/ST/STM32CubeIDE_1.17.0/STM32CubeIDE/plugins/com.st.stm32cube.ide.mcu.externaltools.gnu-tools-for-stm32.12.3.rel1.win32_1.1.0.202410251130/tools/bin/../lib/gcc/arm-none-eabi/12.3.1/../../../../arm-none-eabi/lib/thumb/v7e-m+fp/hard\libc_nano.a
LOAD C:/ST/STM32CubeIDE_1.17.0/STM32CubeIDE/plugins/com.st.stm32cube.ide.mcu.externaltools.gnu-tools-for-stm32.12.3.rel1.win32_1.1.0.202410251130/tools/bin/../lib/gcc/arm-none-eabi/12.3.1/../../../../arm-none-eabi/lib/thumb/v7e-m+fp/hard\libm.a
END GROUP
START GROUP
LOAD C:/ST/STM32CubeIDE_1.17.0/STM32CubeIDE/plugins/com.st.stm32cube.ide.mcu.externaltools.gnu-tools-for-stm32.12.3.rel1.win32_1.1.0.202410251130/tools/bin/../lib/gcc/arm-none-eabi/12.3.1/thumb/v7e-m+fp/hard\libgcc.a
LOAD C:/ST/STM32CubeIDE_1.17.0/STM32CubeIDE/plugins/com.st.stm32cube.ide.mcu.externaltools.gnu-tools-for-stm32.12.3.rel1.win32_1.1.0.202410251130/tools/bin/../lib/gcc/arm-none-eabi/12.3.1/../../../../arm-none-eabi/lib/thumb/v7e-m+fp/hard\libc_nano.a
END GROUP
START GROUP
LOAD C:/ST/STM32CubeIDE_1.17.0/STM32CubeIDE/plugins/com.st.stm32cube.ide.mcu.externaltools.gnu-tools-for-stm32.12.3.rel1.win32_1.1.0.202410251130/tools/bin/../lib/gcc/arm-none-eabi/12.3.1/thumb/v7e-m+fp/hard\libgcc.a
LOAD C:/ST/STM32CubeIDE_1.17.0/STM32CubeIDE/plugins/com.st.stm32cube.ide.mcu.externaltools.gnu-tools-for-stm32.12.3.rel1.win32_1.1.0.202410251130/tools/bin/../lib/gcc/arm-none-eabi/12.3.1/../../../../arm-none-eabi/lib/thumb/v7e-m+fp/hard\libc_nano.a
LOAD C:/ST/STM32CubeIDE_1.17.0/STM32CubeIDE/plugins/com.st.stm32cube.ide.mcu.externaltools.gnu-tools-for-stm32.12.3.rel1.win32_1.1.0.202410251130/tools/bin/../lib/gcc/arm-none-eabi/12.3.1/../../../../arm-none-eabi/lib/thumb/v7e-m+fp/hard\libnosys.a
END GROUP
START GROUP
LOAD C:/ST/STM32CubeIDE_1.17.0/STM32CubeIDE/plugins/com.st.stm32cube.ide.mcu.externaltools.gnu-tools-for-stm32.12.3.rel1.win32_1.1.0.202410251130/tools/bin/../lib/gcc/arm-none-eabi/12.3.1/thumb/v7e-m+fp/hard\libgcc.a
LOAD C:/ST/STM32CubeIDE_1.17.0/STM32CubeIDE/plugins/com.st.stm32cube.ide.mcu.externaltools.gnu-tools-for-stm32.12.3.rel1.win32_1.1.0.202410251130/tools/bin/../lib/gcc/arm-none-eabi/12.3.1/../../../../arm-none-eabi/lib/thumb/v7e-m+fp/hard\libc_nano.a
LOAD C:/ST/STM32CubeIDE_1.17.0/STM32CubeIDE/plugins/com.st.stm32cube.ide.mcu.externaltools.gnu-tools-for-stm32.12.3.rel1.win32_1.1.0.202410251130/tools/bin/../lib/gcc/arm-none-eabi/12.3.1/../../../../arm-none-eabi/lib/thumb/v7e-m+fp/hard\libnosys.a
END GROUP
LOAD C:/ST/STM32CubeIDE_1.17.0/STM32CubeIDE/plugins/com.st.stm32cube.ide.mcu.externaltools.gnu-tools-for-stm32.12.3.rel1.win32_1.1.0.202410251130/tools/bin/../lib/gcc/arm-none-eabi/12.3.1/thumb/v7e-m+fp/hard/crtend.o
LOAD C:/ST/STM32CubeIDE_1.17.0/STM32CubeIDE/plugins/com.st.stm32cube.ide.mcu.externaltools.gnu-tools-for-stm32.12.3.rel1.win32_1.1.0.202410251130/tools/bin/../lib/gcc/arm-none-eabi/12.3.1/thumb/v7e-m+fp/hard/crtn.o
                0x20040000                        _estack = (ORIGIN (RAM) + LENGTH (RAM))
                0x00000200                        _Min_Heap_Size = 0x200
                0x00000400                        _Min_Stack_Size = 0x400

.isr_vector     0x08000000      0x1ac
                0x08000000                        . = ALIGN (0x4)
 *(.isr_vector)
 .isr_vector    0x08000000      0x1ac ./Core/Startup/startup_stm32l496vetx.o
                0x08000000                g_pfnVectors
                0x080001ac                        . = ALIGN (0x4)

.text           0x080001b0     0x7380
                0x080001b0                        . = ALIGN (0x4)
 *(.text)
 .text          0x080001b0       0x40 C:/ST/STM32CubeIDE_1.17.0/STM32CubeIDE/plugins/com.st.stm32cube.ide.mcu.externaltools.gnu-tools-for-stm32.12.3.rel1.win32_1.1.0.202410251130/tools/bin/../lib/gcc/arm-none-eabi/12.3.1/thumb/v7e-m+fp/hard/crtbegin.o
 *(.text*)
 .text.Init_CAN_Filter
                0x080001f0       0x44 ./Core/Src/CAN.o
                0x080001f0                Init_CAN_Filter
 .text.__NVIC_SystemReset
                0x08000234       0x2c ./Core/Src/CAN_X_2025.o
 .text.message_cantx_STAT_FECU_Keep_Alive
                0x08000260      0x1e4 ./Core/Src/CAN_X_2025.o
                0x08000260                message_cantx_STAT_FECU_Keep_Alive
 .text.message_cantx_RAW_FECU_Data2
                0x08000444      0x178 ./Core/Src/CAN_X_2025.o
                0x08000444                message_cantx_RAW_FECU_Data2
 .text.message_cantx_RAW_FECU_Data1
                0x080005bc      0x148 ./Core/Src/CAN_X_2025.o
                0x080005bc                message_cantx_RAW_FECU_Data1
 .text.error_handle
                0x08000704       0x20 ./Core/Src/CAN_X_2025.o
                0x08000704                error_handle
 .text.vApplicationGetIdleTaskMemory
                0x08000724       0x34 ./Core/Src/freertos.o
                0x08000724                vApplicationGetIdleTaskMemory
 .text.main     0x08000758      0x100 ./Core/Src/main.o
                0x08000758                main
 .text.SystemClock_Config
                0x08000858       0xa4 ./Core/Src/main.o
                0x08000858                SystemClock_Config
 .text.MX_ADC1_Init
                0x080008fc      0x264 ./Core/Src/main.o
 .text.MX_CAN1_Init
                0x08000b60       0x6c ./Core/Src/main.o
 .text.MX_TIM8_Init
                0x08000bcc       0xa8 ./Core/Src/main.o
 .text.MX_DMA_Init
                0x08000c74       0x3c ./Core/Src/main.o
 .text.MX_GPIO_Init
                0x08000cb0       0xc8 ./Core/Src/main.o
 .text.StartCAN
                0x08000d78      0x114 ./Core/Src/main.o
                0x08000d78                StartCAN
 .text.StartADC
                0x08000e8c       0xa8 ./Core/Src/main.o
                0x08000e8c                StartADC
 .text.StartShutdown
                0x08000f34       0x54 ./Core/Src/main.o
                0x08000f34                StartShutdown
 .text.HAL_TIM_PeriodElapsedCallback
                0x08000f88       0x24 ./Core/Src/main.o
                0x08000f88                HAL_TIM_PeriodElapsedCallback
 .text.Error_Handler
                0x08000fac        0xc ./Core/Src/main.o
                0x08000fac                Error_Handler
 .text.HAL_MspInit
                0x08000fb8       0x50 ./Core/Src/stm32l4xx_hal_msp.o
                0x08000fb8                HAL_MspInit
 .text.HAL_ADC_MspInit
                0x08001008      0x1b8 ./Core/Src/stm32l4xx_hal_msp.o
                0x08001008                HAL_ADC_MspInit
 .text.HAL_CAN_MspInit
                0x080011c0       0x88 ./Core/Src/stm32l4xx_hal_msp.o
                0x080011c0                HAL_CAN_MspInit
 .text.HAL_TIM_Base_MspInit
                0x08001248       0x40 ./Core/Src/stm32l4xx_hal_msp.o
                0x08001248                HAL_TIM_Base_MspInit
 .text.HAL_InitTick
                0x08001288       0xf4 ./Core/Src/stm32l4xx_hal_timebase_tim.o
                0x08001288                HAL_InitTick
 .text.NMI_Handler
                0x0800137c        0x8 ./Core/Src/stm32l4xx_it.o
                0x0800137c                NMI_Handler
 .text.HardFault_Handler
                0x08001384        0x8 ./Core/Src/stm32l4xx_it.o
                0x08001384                HardFault_Handler
 .text.MemManage_Handler
                0x0800138c        0x8 ./Core/Src/stm32l4xx_it.o
                0x0800138c                MemManage_Handler
 .text.BusFault_Handler
                0x08001394        0x8 ./Core/Src/stm32l4xx_it.o
                0x08001394                BusFault_Handler
 .text.UsageFault_Handler
                0x0800139c        0x8 ./Core/Src/stm32l4xx_it.o
                0x0800139c                UsageFault_Handler
 .text.DebugMon_Handler
                0x080013a4        0xe ./Core/Src/stm32l4xx_it.o
                0x080013a4                DebugMon_Handler
 *fill*         0x080013b2        0x2 
 .text.DMA1_Channel1_IRQHandler
                0x080013b4       0x14 ./Core/Src/stm32l4xx_it.o
                0x080013b4                DMA1_Channel1_IRQHandler
 .text.ADC1_2_IRQHandler
                0x080013c8       0x14 ./Core/Src/stm32l4xx_it.o
                0x080013c8                ADC1_2_IRQHandler
 .text.TIM4_IRQHandler
                0x080013dc       0x14 ./Core/Src/stm32l4xx_it.o
                0x080013dc                TIM4_IRQHandler
 .text.SystemInit
                0x080013f0       0x24 ./Core/Src/system_stm32l4xx.o
                0x080013f0                SystemInit
 .text.Reset_Handler
                0x08001414       0x50 ./Core/Startup/startup_stm32l496vetx.o
                0x08001414                Reset_Handler
 .text.Default_Handler
                0x08001464        0x2 ./Core/Startup/startup_stm32l496vetx.o
                0x08001464                RTC_Alarm_IRQHandler
                0x08001464                EXTI2_IRQHandler
                0x08001464                TIM8_TRG_COM_IRQHandler
                0x08001464                TIM8_CC_IRQHandler
                0x08001464                TIM1_CC_IRQHandler
                0x08001464                TSC_IRQHandler
                0x08001464                TAMP_STAMP_IRQHandler
                0x08001464                CAN2_RX1_IRQHandler
                0x08001464                EXTI3_IRQHandler
                0x08001464                LPTIM2_IRQHandler
                0x08001464                DFSDM1_FLT1_IRQHandler
                0x08001464                I2C3_ER_IRQHandler
                0x08001464                DFSDM1_FLT2_IRQHandler
                0x08001464                EXTI0_IRQHandler
                0x08001464                I2C2_EV_IRQHandler
                0x08001464                CAN1_RX0_IRQHandler
                0x08001464                FPU_IRQHandler
                0x08001464                TIM1_UP_TIM16_IRQHandler
                0x08001464                CAN2_SCE_IRQHandler
                0x08001464                SPI1_IRQHandler
                0x08001464                TIM6_DAC_IRQHandler
                0x08001464                DCMI_IRQHandler
                0x08001464                CAN2_RX0_IRQHandler
                0x08001464                TIM8_UP_IRQHandler
                0x08001464                DMA2_Channel2_IRQHandler
                0x08001464                DMA1_Channel4_IRQHandler
                0x08001464                SAI2_IRQHandler
                0x08001464                DFSDM1_FLT3_IRQHandler
                0x08001464                USART3_IRQHandler
                0x08001464                DMA1_Channel7_IRQHandler
                0x08001464                CAN1_RX1_IRQHandler
                0x08001464                LCD_IRQHandler
                0x08001464                UART5_IRQHandler
                0x08001464                ADC3_IRQHandler
                0x08001464                DMA2_Channel1_IRQHandler
                0x08001464                QUADSPI_IRQHandler
                0x08001464                I2C1_EV_IRQHandler
                0x08001464                DMA1_Channel6_IRQHandler
                0x08001464                UART4_IRQHandler
                0x08001464                DMA2_Channel4_IRQHandler
                0x08001464                TIM3_IRQHandler
                0x08001464                RCC_IRQHandler
                0x08001464                Default_Handler
                0x08001464                DMA2_Channel7_IRQHandler
                0x08001464                EXTI15_10_IRQHandler
                0x08001464                TIM7_IRQHandler
                0x08001464                SDMMC1_IRQHandler
                0x08001464                CAN2_TX_IRQHandler
                0x08001464                TIM5_IRQHandler
                0x08001464                I2C3_EV_IRQHandler
                0x08001464                EXTI9_5_IRQHandler
                0x08001464                RTC_WKUP_IRQHandler
                0x08001464                PVD_PVM_IRQHandler
                0x08001464                SPI2_IRQHandler
                0x08001464                CAN1_TX_IRQHandler
                0x08001464                DMA2_Channel5_IRQHandler
                0x08001464                CRS_IRQHandler
                0x08001464                DMA1_Channel5_IRQHandler
                0x08001464                EXTI4_IRQHandler
                0x08001464                RNG_IRQHandler
                0x08001464                TIM1_TRG_COM_TIM17_IRQHandler
                0x08001464                DMA1_Channel3_IRQHandler
                0x08001464                COMP_IRQHandler
                0x08001464                WWDG_IRQHandler
                0x08001464                I2C4_EV_IRQHandler
                0x08001464                LPUART1_IRQHandler
                0x08001464                DMA2_Channel6_IRQHandler
                0x08001464                TIM2_IRQHandler
                0x08001464                EXTI1_IRQHandler
                0x08001464                USART2_IRQHandler
                0x08001464                DFSDM1_FLT0_IRQHandler
                0x08001464                I2C2_ER_IRQHandler
                0x08001464                DMA1_Channel2_IRQHandler
                0x08001464                TIM8_BRK_IRQHandler
                0x08001464                CAN1_SCE_IRQHandler
                0x08001464                FLASH_IRQHandler
                0x08001464                USART1_IRQHandler
                0x08001464                OTG_FS_IRQHandler
                0x08001464                SPI3_IRQHandler
                0x08001464                I2C1_ER_IRQHandler
                0x08001464                FMC_IRQHandler
                0x08001464                SWPMI1_IRQHandler
                0x08001464                LPTIM1_IRQHandler
                0x08001464                I2C4_ER_IRQHandler
                0x08001464                SAI1_IRQHandler
                0x08001464                DMA2_Channel3_IRQHandler
                0x08001464                TIM1_BRK_TIM15_IRQHandler
 .text.HAL_Init
                0x08001466       0x30 ./Drivers/STM32L4xx_HAL_Driver/Src/stm32l4xx_hal.o
                0x08001466                HAL_Init
 *fill*         0x08001496        0x2 
 .text.HAL_IncTick
                0x08001498       0x28 ./Drivers/STM32L4xx_HAL_Driver/Src/stm32l4xx_hal.o
                0x08001498                HAL_IncTick
 .text.HAL_GetTick
                0x080014c0       0x18 ./Drivers/STM32L4xx_HAL_Driver/Src/stm32l4xx_hal.o
                0x080014c0                HAL_GetTick
 .text.HAL_Delay
                0x080014d8       0x48 ./Drivers/STM32L4xx_HAL_Driver/Src/stm32l4xx_hal.o
                0x080014d8                HAL_Delay
 .text.LL_ADC_SetCommonClock
                0x08001520       0x26 ./Drivers/STM32L4xx_HAL_Driver/Src/stm32l4xx_hal_adc.o
 .text.LL_ADC_SetCommonPathInternalCh
                0x08001546       0x26 ./Drivers/STM32L4xx_HAL_Driver/Src/stm32l4xx_hal_adc.o
 .text.LL_ADC_GetCommonPathInternalCh
                0x0800156c       0x1c ./Drivers/STM32L4xx_HAL_Driver/Src/stm32l4xx_hal_adc.o
 .text.LL_ADC_SetOffset
                0x08001588       0x48 ./Drivers/STM32L4xx_HAL_Driver/Src/stm32l4xx_hal_adc.o
 .text.LL_ADC_GetOffsetChannel
                0x080015d0       0x2c ./Drivers/STM32L4xx_HAL_Driver/Src/stm32l4xx_hal_adc.o
 .text.LL_ADC_SetOffsetState
                0x080015fc       0x36 ./Drivers/STM32L4xx_HAL_Driver/Src/stm32l4xx_hal_adc.o
 .text.LL_ADC_SetSamplingTimeCommonConfig
                0x08001632       0x26 ./Drivers/STM32L4xx_HAL_Driver/Src/stm32l4xx_hal_adc.o
 .text.LL_ADC_REG_IsTriggerSourceSWStart
                0x08001658       0x26 ./Drivers/STM32L4xx_HAL_Driver/Src/stm32l4xx_hal_adc.o
 .text.LL_ADC_REG_SetSequencerRanks
                0x0800167e       0x58 ./Drivers/STM32L4xx_HAL_Driver/Src/stm32l4xx_hal_adc.o
 .text.LL_ADC_INJ_IsTriggerSourceSWStart
                0x080016d6       0x26 ./Drivers/STM32L4xx_HAL_Driver/Src/stm32l4xx_hal_adc.o
 .text.LL_ADC_SetChannelSamplingTime
                0x080016fc       0x56 ./Drivers/STM32L4xx_HAL_Driver/Src/stm32l4xx_hal_adc.o
 *fill*         0x08001752        0x2 
 .text.LL_ADC_SetChannelSingleDiff
                0x08001754       0x48 ./Drivers/STM32L4xx_HAL_Driver/Src/stm32l4xx_hal_adc.o
 .text.LL_ADC_GetMultimode
                0x0800179c       0x1c ./Drivers/STM32L4xx_HAL_Driver/Src/stm32l4xx_hal_adc.o
 .text.LL_ADC_GetMultiDMATransfer
                0x080017b8       0x1c ./Drivers/STM32L4xx_HAL_Driver/Src/stm32l4xx_hal_adc.o
 .text.LL_ADC_DisableDeepPowerDown
                0x080017d4       0x24 ./Drivers/STM32L4xx_HAL_Driver/Src/stm32l4xx_hal_adc.o
 .text.LL_ADC_IsDeepPowerDownEnabled
                0x080017f8       0x28 ./Drivers/STM32L4xx_HAL_Driver/Src/stm32l4xx_hal_adc.o
 .text.LL_ADC_EnableInternalRegulator
                0x08001820       0x28 ./Drivers/STM32L4xx_HAL_Driver/Src/stm32l4xx_hal_adc.o
 .text.LL_ADC_IsInternalRegulatorEnabled
                0x08001848       0x28 ./Drivers/STM32L4xx_HAL_Driver/Src/stm32l4xx_hal_adc.o
 .text.LL_ADC_Enable
                0x08001870       0x28 ./Drivers/STM32L4xx_HAL_Driver/Src/stm32l4xx_hal_adc.o
 .text.LL_ADC_IsEnabled
                0x08001898       0x26 ./Drivers/STM32L4xx_HAL_Driver/Src/stm32l4xx_hal_adc.o
 .text.LL_ADC_REG_StartConversion
                0x080018be       0x28 ./Drivers/STM32L4xx_HAL_Driver/Src/stm32l4xx_hal_adc.o
 .text.LL_ADC_REG_IsConversionOngoing
                0x080018e6       0x26 ./Drivers/STM32L4xx_HAL_Driver/Src/stm32l4xx_hal_adc.o
 .text.LL_ADC_INJ_IsConversionOngoing
                0x0800190c       0x26 ./Drivers/STM32L4xx_HAL_Driver/Src/stm32l4xx_hal_adc.o
 *fill*         0x08001932        0x2 
 .text.HAL_ADC_Init
                0x08001934      0x2a8 ./Drivers/STM32L4xx_HAL_Driver/Src/stm32l4xx_hal_adc.o
                0x08001934                HAL_ADC_Init
 .text.HAL_ADC_Start_DMA
                0x08001bdc      0x178 ./Drivers/STM32L4xx_HAL_Driver/Src/stm32l4xx_hal_adc.o
                0x08001bdc                HAL_ADC_Start_DMA
 .text.HAL_ADC_IRQHandler
                0x08001d54      0x434 ./Drivers/STM32L4xx_HAL_Driver/Src/stm32l4xx_hal_adc.o
                0x08001d54                HAL_ADC_IRQHandler
 .text.HAL_ADC_ConvCpltCallback
                0x08002188       0x14 ./Drivers/STM32L4xx_HAL_Driver/Src/stm32l4xx_hal_adc.o
                0x08002188                HAL_ADC_ConvCpltCallback
 .text.HAL_ADC_ConvHalfCpltCallback
                0x0800219c       0x14 ./Drivers/STM32L4xx_HAL_Driver/Src/stm32l4xx_hal_adc.o
                0x0800219c                HAL_ADC_ConvHalfCpltCallback
 .text.HAL_ADC_LevelOutOfWindowCallback
                0x080021b0       0x14 ./Drivers/STM32L4xx_HAL_Driver/Src/stm32l4xx_hal_adc.o
                0x080021b0                HAL_ADC_LevelOutOfWindowCallback
 .text.HAL_ADC_ErrorCallback
                0x080021c4       0x14 ./Drivers/STM32L4xx_HAL_Driver/Src/stm32l4xx_hal_adc.o
                0x080021c4                HAL_ADC_ErrorCallback
 .text.HAL_ADC_ConfigChannel
                0x080021d8      0x818 ./Drivers/STM32L4xx_HAL_Driver/Src/stm32l4xx_hal_adc.o
                0x080021d8                HAL_ADC_ConfigChannel
 .text.ADC_Enable
                0x080029f0      0x10c ./Drivers/STM32L4xx_HAL_Driver/Src/stm32l4xx_hal_adc.o
                0x080029f0                ADC_Enable
 .text.ADC_DMAConvCplt
                0x08002afc       0xd8 ./Drivers/STM32L4xx_HAL_Driver/Src/stm32l4xx_hal_adc.o
                0x08002afc                ADC_DMAConvCplt
 .text.ADC_DMAHalfConvCplt
                0x08002bd4       0x1c ./Drivers/STM32L4xx_HAL_Driver/Src/stm32l4xx_hal_adc.o
                0x08002bd4                ADC_DMAHalfConvCplt
 .text.ADC_DMAError
                0x08002bf0       0x34 ./Drivers/STM32L4xx_HAL_Driver/Src/stm32l4xx_hal_adc.o
                0x08002bf0                ADC_DMAError
 .text.LL_ADC_IsEnabled
                0x08002c24       0x26 ./Drivers/STM32L4xx_HAL_Driver/Src/stm32l4xx_hal_adc_ex.o
 .text.LL_ADC_REG_IsConversionOngoing
                0x08002c4a       0x26 ./Drivers/STM32L4xx_HAL_Driver/Src/stm32l4xx_hal_adc_ex.o
 .text.HAL_ADCEx_InjectedConvCpltCallback
                0x08002c70       0x14 ./Drivers/STM32L4xx_HAL_Driver/Src/stm32l4xx_hal_adc_ex.o
                0x08002c70                HAL_ADCEx_InjectedConvCpltCallback
 .text.HAL_ADCEx_InjectedQueueOverflowCallback
                0x08002c84       0x14 ./Drivers/STM32L4xx_HAL_Driver/Src/stm32l4xx_hal_adc_ex.o
                0x08002c84                HAL_ADCEx_InjectedQueueOverflowCallback
 .text.HAL_ADCEx_LevelOutOfWindow2Callback
                0x08002c98       0x14 ./Drivers/STM32L4xx_HAL_Driver/Src/stm32l4xx_hal_adc_ex.o
                0x08002c98                HAL_ADCEx_LevelOutOfWindow2Callback
 .text.HAL_ADCEx_LevelOutOfWindow3Callback
                0x08002cac       0x14 ./Drivers/STM32L4xx_HAL_Driver/Src/stm32l4xx_hal_adc_ex.o
                0x08002cac                HAL_ADCEx_LevelOutOfWindow3Callback
 .text.HAL_ADCEx_EndOfSamplingCallback
                0x08002cc0       0x14 ./Drivers/STM32L4xx_HAL_Driver/Src/stm32l4xx_hal_adc_ex.o
                0x08002cc0                HAL_ADCEx_EndOfSamplingCallback
 .text.HAL_ADCEx_MultiModeConfigChannel
                0x08002cd4      0x160 ./Drivers/STM32L4xx_HAL_Driver/Src/stm32l4xx_hal_adc_ex.o
                0x08002cd4                HAL_ADCEx_MultiModeConfigChannel
 .text.HAL_CAN_Init
                0x08002e34      0x1f6 ./Drivers/STM32L4xx_HAL_Driver/Src/stm32l4xx_hal_can.o
                0x08002e34                HAL_CAN_Init
 *fill*         0x0800302a        0x2 
 .text.HAL_CAN_ConfigFilter
                0x0800302c      0x1c0 ./Drivers/STM32L4xx_HAL_Driver/Src/stm32l4xx_hal_can.o
                0x0800302c                HAL_CAN_ConfigFilter
 .text.HAL_CAN_Start
                0x080031ec       0x88 ./Drivers/STM32L4xx_HAL_Driver/Src/stm32l4xx_hal_can.o
                0x080031ec                HAL_CAN_Start
 .text.HAL_CAN_AddTxMessage
                0x08003274      0x1a0 ./Drivers/STM32L4xx_HAL_Driver/Src/stm32l4xx_hal_can.o
                0x08003274                HAL_CAN_AddTxMessage
 .text.__NVIC_SetPriorityGrouping
                0x08003414       0x48 ./Drivers/STM32L4xx_HAL_Driver/Src/stm32l4xx_hal_cortex.o
 .text.__NVIC_GetPriorityGrouping
                0x0800345c       0x1c ./Drivers/STM32L4xx_HAL_Driver/Src/stm32l4xx_hal_cortex.o
 .text.__NVIC_EnableIRQ
                0x08003478       0x3c ./Drivers/STM32L4xx_HAL_Driver/Src/stm32l4xx_hal_cortex.o
 .text.__NVIC_SetPriority
                0x080034b4       0x54 ./Drivers/STM32L4xx_HAL_Driver/Src/stm32l4xx_hal_cortex.o
 .text.NVIC_EncodePriority
                0x08003508       0x66 ./Drivers/STM32L4xx_HAL_Driver/Src/stm32l4xx_hal_cortex.o
 .text.HAL_NVIC_SetPriorityGrouping
                0x0800356e       0x16 ./Drivers/STM32L4xx_HAL_Driver/Src/stm32l4xx_hal_cortex.o
                0x0800356e                HAL_NVIC_SetPriorityGrouping
 .text.HAL_NVIC_SetPriority
                0x08003584       0x38 ./Drivers/STM32L4xx_HAL_Driver/Src/stm32l4xx_hal_cortex.o
                0x08003584                HAL_NVIC_SetPriority
 .text.HAL_NVIC_EnableIRQ
                0x080035bc       0x1c ./Drivers/STM32L4xx_HAL_Driver/Src/stm32l4xx_hal_cortex.o
                0x080035bc                HAL_NVIC_EnableIRQ
 .text.HAL_DMA_Init
                0x080035d8      0x170 ./Drivers/STM32L4xx_HAL_Driver/Src/stm32l4xx_hal_dma.o
                0x080035d8                HAL_DMA_Init
 .text.HAL_DMA_Start_IT
                0x08003748       0xc0 ./Drivers/STM32L4xx_HAL_Driver/Src/stm32l4xx_hal_dma.o
                0x08003748                HAL_DMA_Start_IT
 .text.HAL_DMA_IRQHandler
                0x08003808      0x15e ./Drivers/STM32L4xx_HAL_Driver/Src/stm32l4xx_hal_dma.o
                0x08003808                HAL_DMA_IRQHandler
 .text.DMA_SetConfig
                0x08003966       0x60 ./Drivers/STM32L4xx_HAL_Driver/Src/stm32l4xx_hal_dma.o
 *fill*         0x080039c6        0x2 
 .text.HAL_GPIO_Init
                0x080039c8      0x324 ./Drivers/STM32L4xx_HAL_Driver/Src/stm32l4xx_hal_gpio.o
                0x080039c8                HAL_GPIO_Init
 .text.HAL_GPIO_ReadPin
                0x08003cec       0x30 ./Drivers/STM32L4xx_HAL_Driver/Src/stm32l4xx_hal_gpio.o
                0x08003cec                HAL_GPIO_ReadPin
 .text.HAL_GPIO_WritePin
                0x08003d1c       0x30 ./Drivers/STM32L4xx_HAL_Driver/Src/stm32l4xx_hal_gpio.o
                0x08003d1c                HAL_GPIO_WritePin
 .text.HAL_PWREx_GetVoltageRange
                0x08003d4c       0x1c ./Drivers/STM32L4xx_HAL_Driver/Src/stm32l4xx_hal_pwr_ex.o
                0x08003d4c                HAL_PWREx_GetVoltageRange
 .text.HAL_PWREx_ControlVoltageScaling
                0x08003d68       0xac ./Drivers/STM32L4xx_HAL_Driver/Src/stm32l4xx_hal_pwr_ex.o
                0x08003d68                HAL_PWREx_ControlVoltageScaling
 .text.HAL_RCC_OscConfig
                0x08003e14      0x834 ./Drivers/STM32L4xx_HAL_Driver/Src/stm32l4xx_hal_rcc.o
                0x08003e14                HAL_RCC_OscConfig
 .text.HAL_RCC_ClockConfig
                0x08004648      0x200 ./Drivers/STM32L4xx_HAL_Driver/Src/stm32l4xx_hal_rcc.o
                0x08004648                HAL_RCC_ClockConfig
 .text.HAL_RCC_GetSysClockFreq
                0x08004848      0x118 ./Drivers/STM32L4xx_HAL_Driver/Src/stm32l4xx_hal_rcc.o
                0x08004848                HAL_RCC_GetSysClockFreq
 .text.HAL_RCC_GetHCLKFreq
                0x08004960       0x18 ./Drivers/STM32L4xx_HAL_Driver/Src/stm32l4xx_hal_rcc.o
                0x08004960                HAL_RCC_GetHCLKFreq
 .text.HAL_RCC_GetPCLK1Freq
                0x08004978       0x2c ./Drivers/STM32L4xx_HAL_Driver/Src/stm32l4xx_hal_rcc.o
                0x08004978                HAL_RCC_GetPCLK1Freq
 .text.HAL_RCC_GetClockConfig
                0x080049a4       0x64 ./Drivers/STM32L4xx_HAL_Driver/Src/stm32l4xx_hal_rcc.o
                0x080049a4                HAL_RCC_GetClockConfig
 .text.RCC_SetFlashLatencyFromMSIRange
                0x08004a08       0xc0 ./Drivers/STM32L4xx_HAL_Driver/Src/stm32l4xx_hal_rcc.o
 .text.HAL_RCCEx_PeriphCLKConfig
                0x08004ac8      0x5f8 ./Drivers/STM32L4xx_HAL_Driver/Src/stm32l4xx_hal_rcc_ex.o
                0x08004ac8                HAL_RCCEx_PeriphCLKConfig
 .text.RCCEx_PLLSAI1_Config
                0x080050c0      0x1e4 ./Drivers/STM32L4xx_HAL_Driver/Src/stm32l4xx_hal_rcc_ex.o
 .text.RCCEx_PLLSAI2_Config
                0x080052a4      0x1b8 ./Drivers/STM32L4xx_HAL_Driver/Src/stm32l4xx_hal_rcc_ex.o
 .text.HAL_TIM_Base_Init
                0x0800545c       0xae ./Drivers/STM32L4xx_HAL_Driver/Src/stm32l4xx_hal_tim.o
                0x0800545c                HAL_TIM_Base_Init
 *fill*         0x0800550a        0x2 
 .text.HAL_TIM_Base_Start
                0x0800550c       0xd0 ./Drivers/STM32L4xx_HAL_Driver/Src/stm32l4xx_hal_tim.o
                0x0800550c                HAL_TIM_Base_Start
 .text.HAL_TIM_Base_Start_IT
                0x080055dc       0xe0 ./Drivers/STM32L4xx_HAL_Driver/Src/stm32l4xx_hal_tim.o
                0x080055dc                HAL_TIM_Base_Start_IT
 .text.HAL_TIM_IRQHandler
                0x080056bc      0x20e ./Drivers/STM32L4xx_HAL_Driver/Src/stm32l4xx_hal_tim.o
                0x080056bc                HAL_TIM_IRQHandler
 .text.HAL_TIM_ConfigClockSource
                0x080058ca      0x192 ./Drivers/STM32L4xx_HAL_Driver/Src/stm32l4xx_hal_tim.o
                0x080058ca                HAL_TIM_ConfigClockSource
 .text.HAL_TIM_OC_DelayElapsedCallback
                0x08005a5c       0x14 ./Drivers/STM32L4xx_HAL_Driver/Src/stm32l4xx_hal_tim.o
                0x08005a5c                HAL_TIM_OC_DelayElapsedCallback
 .text.HAL_TIM_IC_CaptureCallback
                0x08005a70       0x14 ./Drivers/STM32L4xx_HAL_Driver/Src/stm32l4xx_hal_tim.o
                0x08005a70                HAL_TIM_IC_CaptureCallback
 .text.HAL_TIM_PWM_PulseFinishedCallback
                0x08005a84       0x14 ./Drivers/STM32L4xx_HAL_Driver/Src/stm32l4xx_hal_tim.o
                0x08005a84                HAL_TIM_PWM_PulseFinishedCallback
 .text.HAL_TIM_TriggerCallback
                0x08005a98       0x14 ./Drivers/STM32L4xx_HAL_Driver/Src/stm32l4xx_hal_tim.o
                0x08005a98                HAL_TIM_TriggerCallback
 .text.TIM_Base_SetConfig
                0x08005aac      0x14c ./Drivers/STM32L4xx_HAL_Driver/Src/stm32l4xx_hal_tim.o
                0x08005aac                TIM_Base_SetConfig
 .text.TIM_TI1_ConfigInputStage
                0x08005bf8       0x5e ./Drivers/STM32L4xx_HAL_Driver/Src/stm32l4xx_hal_tim.o
 .text.TIM_TI2_ConfigInputStage
                0x08005c56       0x60 ./Drivers/STM32L4xx_HAL_Driver/Src/stm32l4xx_hal_tim.o
 .text.TIM_ITRx_SetConfig
                0x08005cb6       0x36 ./Drivers/STM32L4xx_HAL_Driver/Src/stm32l4xx_hal_tim.o
 .text.TIM_ETR_SetConfig
                0x08005cec       0x40 ./Drivers/STM32L4xx_HAL_Driver/Src/stm32l4xx_hal_tim.o
                0x08005cec                TIM_ETR_SetConfig
 .text.HAL_TIMEx_MasterConfigSynchronization
                0x08005d2c      0x110 ./Drivers/STM32L4xx_HAL_Driver/Src/stm32l4xx_hal_tim_ex.o
                0x08005d2c                HAL_TIMEx_MasterConfigSynchronization
 .text.HAL_TIMEx_CommutCallback
                0x08005e3c       0x14 ./Drivers/STM32L4xx_HAL_Driver/Src/stm32l4xx_hal_tim_ex.o
                0x08005e3c                HAL_TIMEx_CommutCallback
 .text.HAL_TIMEx_BreakCallback
                0x08005e50       0x14 ./Drivers/STM32L4xx_HAL_Driver/Src/stm32l4xx_hal_tim_ex.o
                0x08005e50                HAL_TIMEx_BreakCallback
 .text.HAL_TIMEx_Break2Callback
                0x08005e64       0x14 ./Drivers/STM32L4xx_HAL_Driver/Src/stm32l4xx_hal_tim_ex.o
                0x08005e64                HAL_TIMEx_Break2Callback
 .text.makeFreeRtosPriority
                0x08005e78       0x30 ./Middlewares/Third_Party/FreeRTOS/Source/CMSIS_RTOS/cmsis_os.o
 .text.osKernelStart
                0x08005ea8        0xe ./Middlewares/Third_Party/FreeRTOS/Source/CMSIS_RTOS/cmsis_os.o
                0x08005ea8                osKernelStart
 .text.osThreadCreate
                0x08005eb6       0x98 ./Middlewares/Third_Party/FreeRTOS/Source/CMSIS_RTOS/cmsis_os.o
                0x08005eb6                osThreadCreate
 .text.vListInitialise
                0x08005f4e       0x40 ./Middlewares/Third_Party/FreeRTOS/Source/list.o
                0x08005f4e                vListInitialise
 .text.vListInitialiseItem
                0x08005f8e       0x1a ./Middlewares/Third_Party/FreeRTOS/Source/list.o
                0x08005f8e                vListInitialiseItem
 .text.vListInsertEnd
                0x08005fa8       0x48 ./Middlewares/Third_Party/FreeRTOS/Source/list.o
                0x08005fa8                vListInsertEnd
 .text.vListInsert
                0x08005ff0       0x72 ./Middlewares/Third_Party/FreeRTOS/Source/list.o
                0x08005ff0                vListInsert
 .text.uxListRemove
                0x08006062       0x54 ./Middlewares/Third_Party/FreeRTOS/Source/list.o
                0x08006062                uxListRemove
 .text.xTaskCreateStatic
                0x080060b6       0xc0 ./Middlewares/Third_Party/FreeRTOS/Source/tasks.o
                0x080060b6                xTaskCreateStatic
 .text.xTaskCreate
                0x08006176       0x8a ./Middlewares/Third_Party/FreeRTOS/Source/tasks.o
                0x08006176                xTaskCreate
 .text.prvInitialiseNewTask
                0x08006200      0x140 ./Middlewares/Third_Party/FreeRTOS/Source/tasks.o
 .text.prvAddNewTaskToReadyList
                0x08006340       0xd4 ./Middlewares/Third_Party/FreeRTOS/Source/tasks.o
 .text.vTaskDelay
                0x08006414       0x6c ./Middlewares/Third_Party/FreeRTOS/Source/tasks.o
                0x08006414                vTaskDelay
 .text.vTaskStartScheduler
                0x08006480       0xd4 ./Middlewares/Third_Party/FreeRTOS/Source/tasks.o
                0x08006480                vTaskStartScheduler
 .text.vTaskSuspendAll
                0x08006554       0x1c ./Middlewares/Third_Party/FreeRTOS/Source/tasks.o
                0x08006554                vTaskSuspendAll
 .text.xTaskResumeAll
                0x08006570      0x13c ./Middlewares/Third_Party/FreeRTOS/Source/tasks.o
                0x08006570                xTaskResumeAll
 .text.xTaskIncrementTick
                0x080066ac      0x174 ./Middlewares/Third_Party/FreeRTOS/Source/tasks.o
                0x080066ac                xTaskIncrementTick
 .text.vTaskSwitchContext
                0x08006820       0xc8 ./Middlewares/Third_Party/FreeRTOS/Source/tasks.o
                0x08006820                vTaskSwitchContext
 .text.prvIdleTask
                0x080068e8       0x30 ./Middlewares/Third_Party/FreeRTOS/Source/tasks.o
 .text.prvInitialiseTaskLists
                0x08006918       0x80 ./Middlewares/Third_Party/FreeRTOS/Source/tasks.o
 .text.prvCheckTasksWaitingTermination
                0x08006998       0x5c ./Middlewares/Third_Party/FreeRTOS/Source/tasks.o
 .text.prvDeleteTCB
                0x080069f4       0x6a ./Middlewares/Third_Party/FreeRTOS/Source/tasks.o
 *fill*         0x08006a5e        0x2 
 .text.prvResetNextTaskUnblockTime
                0x08006a60       0x40 ./Middlewares/Third_Party/FreeRTOS/Source/tasks.o
 .text.prvAddCurrentTaskToDelayedList
                0x08006aa0       0xcc ./Middlewares/Third_Party/FreeRTOS/Source/tasks.o
 .text.pxPortInitialiseStack
                0x08006b6c       0x68 ./Middlewares/Third_Party/FreeRTOS/Source/portable/GCC/ARM_CM4F/port.o
                0x08006b6c                pxPortInitialiseStack
 .text.prvTaskExitError
                0x08006bd4       0x5c ./Middlewares/Third_Party/FreeRTOS/Source/portable/GCC/ARM_CM4F/port.o
 .text.SVC_Handler
                0x08006c30       0x28 ./Middlewares/Third_Party/FreeRTOS/Source/portable/GCC/ARM_CM4F/port.o
                0x08006c30                SVC_Handler
 .text.prvPortStartFirstTask
                0x08006c58       0x28 ./Middlewares/Third_Party/FreeRTOS/Source/portable/GCC/ARM_CM4F/port.o
 .text.xPortStartScheduler
                0x08006c80      0x148 ./Middlewares/Third_Party/FreeRTOS/Source/portable/GCC/ARM_CM4F/port.o
                0x08006c80                xPortStartScheduler
 .text.vPortEnterCritical
                0x08006dc8       0x64 ./Middlewares/Third_Party/FreeRTOS/Source/portable/GCC/ARM_CM4F/port.o
                0x08006dc8                vPortEnterCritical
 .text.vPortExitCritical
                0x08006e2c       0x54 ./Middlewares/Third_Party/FreeRTOS/Source/portable/GCC/ARM_CM4F/port.o
                0x08006e2c                vPortExitCritical
 .text.PendSV_Handler
                0x08006e80       0x68 ./Middlewares/Third_Party/FreeRTOS/Source/portable/GCC/ARM_CM4F/port.o
                0x08006e80                PendSV_Handler
 .text.SysTick_Handler
                0x08006ee8       0x44 ./Middlewares/Third_Party/FreeRTOS/Source/portable/GCC/ARM_CM4F/port.o
                0x08006ee8                SysTick_Handler
 .text.vPortSetupTimerInterrupt
                0x08006f2c       0x48 ./Middlewares/Third_Party/FreeRTOS/Source/portable/GCC/ARM_CM4F/port.o
                0x08006f2c                vPortSetupTimerInterrupt
 .text.vPortEnableVFP
                0x08006f74       0x14 ./Middlewares/Third_Party/FreeRTOS/Source/portable/GCC/ARM_CM4F/port.o
 .text.pvPortMalloc
                0x08006f88      0x19c ./Middlewares/Third_Party/FreeRTOS/Source/portable/MemMang/heap_4.o
                0x08006f88                pvPortMalloc
 .text.vPortFree
                0x08007124       0xc8 ./Middlewares/Third_Party/FreeRTOS/Source/portable/MemMang/heap_4.o
                0x08007124                vPortFree
 .text.prvHeapInit
                0x080071ec       0xc4 ./Middlewares/Third_Party/FreeRTOS/Source/portable/MemMang/heap_4.o
 .text.prvInsertBlockIntoFreeList
                0x080072b0       0xb4 ./Middlewares/Third_Party/FreeRTOS/Source/portable/MemMang/heap_4.o
 .text.memset   0x08007364       0x10 C:/ST/STM32CubeIDE_1.17.0/STM32CubeIDE/plugins/com.st.stm32cube.ide.mcu.externaltools.gnu-tools-for-stm32.12.3.rel1.win32_1.1.0.202410251130/tools/bin/../lib/gcc/arm-none-eabi/12.3.1/../../../../arm-none-eabi/lib/thumb/v7e-m+fp/hard\libc_nano.a(libc_a-memset.o)
                0x08007364                memset
 .text._reclaim_reent
                0x08007374       0xac C:/ST/STM32CubeIDE_1.17.0/STM32CubeIDE/plugins/com.st.stm32cube.ide.mcu.externaltools.gnu-tools-for-stm32.12.3.rel1.win32_1.1.0.202410251130/tools/bin/../lib/gcc/arm-none-eabi/12.3.1/../../../../arm-none-eabi/lib/thumb/v7e-m+fp/hard\libc_nano.a(libc_a-reent.o)
                0x08007374                _reclaim_reent
 .text.__libc_init_array
                0x08007420       0x48 C:/ST/STM32CubeIDE_1.17.0/STM32CubeIDE/plugins/com.st.stm32cube.ide.mcu.externaltools.gnu-tools-for-stm32.12.3.rel1.win32_1.1.0.202410251130/tools/bin/../lib/gcc/arm-none-eabi/12.3.1/../../../../arm-none-eabi/lib/thumb/v7e-m+fp/hard\libc_nano.a(libc_a-init.o)
                0x08007420                __libc_init_array
 .text.__retarget_lock_acquire_recursive
                0x08007468        0x2 C:/ST/STM32CubeIDE_1.17.0/STM32CubeIDE/plugins/com.st.stm32cube.ide.mcu.externaltools.gnu-tools-for-stm32.12.3.rel1.win32_1.1.0.202410251130/tools/bin/../lib/gcc/arm-none-eabi/12.3.1/../../../../arm-none-eabi/lib/thumb/v7e-m+fp/hard\libc_nano.a(libc_a-lock.o)
                0x08007468                __retarget_lock_acquire_recursive
 .text.__retarget_lock_release_recursive
                0x0800746a        0x2 C:/ST/STM32CubeIDE_1.17.0/STM32CubeIDE/plugins/com.st.stm32cube.ide.mcu.externaltools.gnu-tools-for-stm32.12.3.rel1.win32_1.1.0.202410251130/tools/bin/../lib/gcc/arm-none-eabi/12.3.1/../../../../arm-none-eabi/lib/thumb/v7e-m+fp/hard\libc_nano.a(libc_a-lock.o)
                0x0800746a                __retarget_lock_release_recursive
 .text._free_r  0x0800746c       0x94 C:/ST/STM32CubeIDE_1.17.0/STM32CubeIDE/plugins/com.st.stm32cube.ide.mcu.externaltools.gnu-tools-for-stm32.12.3.rel1.win32_1.1.0.202410251130/tools/bin/../lib/gcc/arm-none-eabi/12.3.1/../../../../arm-none-eabi/lib/thumb/v7e-m+fp/hard\libc_nano.a(libc_a-freer.o)
                0x0800746c                _free_r
 .text.__malloc_lock
                0x08007500        0xc C:/ST/STM32CubeIDE_1.17.0/STM32CubeIDE/plugins/com.st.stm32cube.ide.mcu.externaltools.gnu-tools-for-stm32.12.3.rel1.win32_1.1.0.202410251130/tools/bin/../lib/gcc/arm-none-eabi/12.3.1/../../../../arm-none-eabi/lib/thumb/v7e-m+fp/hard\libc_nano.a(libc_a-mlock.o)
                0x08007500                __malloc_lock
 .text.__malloc_unlock
                0x0800750c        0xc C:/ST/STM32CubeIDE_1.17.0/STM32CubeIDE/plugins/com.st.stm32cube.ide.mcu.externaltools.gnu-tools-for-stm32.12.3.rel1.win32_1.1.0.202410251130/tools/bin/../lib/gcc/arm-none-eabi/12.3.1/../../../../arm-none-eabi/lib/thumb/v7e-m+fp/hard\libc_nano.a(libc_a-mlock.o)
                0x0800750c                __malloc_unlock
 *(.glue_7)
 .glue_7        0x08007518        0x0 linker stubs
 *(.glue_7t)
 .glue_7t       0x08007518        0x0 linker stubs
 *(.eh_frame)
 .eh_frame      0x08007518        0x0 C:/ST/STM32CubeIDE_1.17.0/STM32CubeIDE/plugins/com.st.stm32cube.ide.mcu.externaltools.gnu-tools-for-stm32.12.3.rel1.win32_1.1.0.202410251130/tools/bin/../lib/gcc/arm-none-eabi/12.3.1/thumb/v7e-m+fp/hard/crtbegin.o
 *(.init)
 .init          0x08007518        0x4 C:/ST/STM32CubeIDE_1.17.0/STM32CubeIDE/plugins/com.st.stm32cube.ide.mcu.externaltools.gnu-tools-for-stm32.12.3.rel1.win32_1.1.0.202410251130/tools/bin/../lib/gcc/arm-none-eabi/12.3.1/thumb/v7e-m+fp/hard/crti.o
                0x08007518                _init
 .init          0x0800751c        0x8 C:/ST/STM32CubeIDE_1.17.0/STM32CubeIDE/plugins/com.st.stm32cube.ide.mcu.externaltools.gnu-tools-for-stm32.12.3.rel1.win32_1.1.0.202410251130/tools/bin/../lib/gcc/arm-none-eabi/12.3.1/thumb/v7e-m+fp/hard/crtn.o
 *(.fini)
 .fini          0x08007524        0x4 C:/ST/STM32CubeIDE_1.17.0/STM32CubeIDE/plugins/com.st.stm32cube.ide.mcu.externaltools.gnu-tools-for-stm32.12.3.rel1.win32_1.1.0.202410251130/tools/bin/../lib/gcc/arm-none-eabi/12.3.1/thumb/v7e-m+fp/hard/crti.o
                0x08007524                _fini
 .fini          0x08007528        0x8 C:/ST/STM32CubeIDE_1.17.0/STM32CubeIDE/plugins/com.st.stm32cube.ide.mcu.externaltools.gnu-tools-for-stm32.12.3.rel1.win32_1.1.0.202410251130/tools/bin/../lib/gcc/arm-none-eabi/12.3.1/thumb/v7e-m+fp/hard/crtn.o
                0x08007530                        . = ALIGN (0x4)
                0x08007530                        _etext = .

.vfp11_veneer   0x08007530        0x0
 .vfp11_veneer  0x08007530        0x0 linker stubs

.v4_bx          0x08007530        0x0
 .v4_bx         0x08007530        0x0 linker stubs

.iplt           0x08007530        0x0
 .iplt          0x08007530        0x0 C:/ST/STM32CubeIDE_1.17.0/STM32CubeIDE/plugins/com.st.stm32cube.ide.mcu.externaltools.gnu-tools-for-stm32.12.3.rel1.win32_1.1.0.202410251130/tools/bin/../lib/gcc/arm-none-eabi/12.3.1/thumb/v7e-m+fp/hard/crtbegin.o

.rodata         0x08007530       0xb8
                0x08007530                        . = ALIGN (0x4)
 *(.rodata)
 .rodata        0x08007530       0x68 ./Core/Src/main.o
 .rodata        0x08007598        0x5 ./Middlewares/Third_Party/FreeRTOS/Source/tasks.o
 *(.rodata*)
 *fill*         0x0800759d        0x3 
 .rodata.AHBPrescTable
                0x080075a0       0x10 ./Core/Src/system_stm32l4xx.o
                0x080075a0                AHBPrescTable
 .rodata.APBPrescTable
                0x080075b0        0x8 ./Core/Src/system_stm32l4xx.o
                0x080075b0                APBPrescTable
 .rodata.MSIRangeTable
                0x080075b8       0x30 ./Core/Src/system_stm32l4xx.o
                0x080075b8                MSIRangeTable
                0x080075e8                        . = ALIGN (0x4)

.ARM.extab      0x080075e8        0x0
                0x080075e8                        . = ALIGN (0x4)
 *(.ARM.extab* .gnu.linkonce.armextab.*)
                0x080075e8                        . = ALIGN (0x4)

.ARM            0x080075e8        0x0
                0x080075e8                        . = ALIGN (0x4)
                0x080075e8                        __exidx_start = .
 *(.ARM.exidx*)
                0x080075e8                        __exidx_end = .
                0x080075e8                        . = ALIGN (0x4)

.preinit_array  0x080075e8        0x0
                0x080075e8                        . = ALIGN (0x4)
                0x080075e8                        PROVIDE (__preinit_array_start = .)
 *(.preinit_array*)
                0x080075e8                        PROVIDE (__preinit_array_end = .)
                0x080075e8                        . = ALIGN (0x4)

.init_array     0x080075e8        0x4
                0x080075e8                        . = ALIGN (0x4)
                0x080075e8                        PROVIDE (__init_array_start = .)
 *(SORT_BY_NAME(.init_array.*))
 *(.init_array*)
 .init_array    0x080075e8        0x4 C:/ST/STM32CubeIDE_1.17.0/STM32CubeIDE/plugins/com.st.stm32cube.ide.mcu.externaltools.gnu-tools-for-stm32.12.3.rel1.win32_1.1.0.202410251130/tools/bin/../lib/gcc/arm-none-eabi/12.3.1/thumb/v7e-m+fp/hard/crtbegin.o
                0x080075ec                        PROVIDE (__init_array_end = .)
                0x080075ec                        . = ALIGN (0x4)

.fini_array     0x080075ec        0x4
                0x080075ec                        . = ALIGN (0x4)
                [!provide]                        PROVIDE (__fini_array_start = .)
 *(SORT_BY_NAME(.fini_array.*))
 *(.fini_array*)
 .fini_array    0x080075ec        0x4 C:/ST/STM32CubeIDE_1.17.0/STM32CubeIDE/plugins/com.st.stm32cube.ide.mcu.externaltools.gnu-tools-for-stm32.12.3.rel1.win32_1.1.0.202410251130/tools/bin/../lib/gcc/arm-none-eabi/12.3.1/thumb/v7e-m+fp/hard/crtbegin.o
                [!provide]                        PROVIDE (__fini_array_end = .)
                0x080075f0                        . = ALIGN (0x4)
                0x080075f0                        _sidata = LOADADDR (.data)

.rel.dyn        0x080075f0        0x0
 .rel.iplt      0x080075f0        0x0 C:/ST/STM32CubeIDE_1.17.0/STM32CubeIDE/plugins/com.st.stm32cube.ide.mcu.externaltools.gnu-tools-for-stm32.12.3.rel1.win32_1.1.0.202410251130/tools/bin/../lib/gcc/arm-none-eabi/12.3.1/thumb/v7e-m+fp/hard/crtbegin.o

.data           0x20000000       0x60 load address 0x080075f0
                0x20000000                        . = ALIGN (0x4)
                0x20000000                        _sdata = .
 *(.data)
 *(.data*)
 .data.SystemCoreClock
                0x20000000        0x4 ./Core/Src/system_stm32l4xx.o
                0x20000000                SystemCoreClock
 .data.uwTickPrio
                0x20000004        0x4 ./Drivers/STM32L4xx_HAL_Driver/Src/stm32l4xx_hal.o
                0x20000004                uwTickPrio
 .data.uwTickFreq
                0x20000008        0x1 ./Drivers/STM32L4xx_HAL_Driver/Src/stm32l4xx_hal.o
                0x20000008                uwTickFreq
 *fill*         0x20000009        0x3 
 .data.uxCriticalNesting
                0x2000000c        0x4 ./Middlewares/Third_Party/FreeRTOS/Source/portable/GCC/ARM_CM4F/port.o
 .data._impure_ptr
                0x20000010        0x4 C:/ST/STM32CubeIDE_1.17.0/STM32CubeIDE/plugins/com.st.stm32cube.ide.mcu.externaltools.gnu-tools-for-stm32.12.3.rel1.win32_1.1.0.202410251130/tools/bin/../lib/gcc/arm-none-eabi/12.3.1/../../../../arm-none-eabi/lib/thumb/v7e-m+fp/hard\libc_nano.a(libc_a-impure.o)
                0x20000010                _impure_ptr
 .data._impure_data
                0x20000014       0x4c C:/ST/STM32CubeIDE_1.17.0/STM32CubeIDE/plugins/com.st.stm32cube.ide.mcu.externaltools.gnu-tools-for-stm32.12.3.rel1.win32_1.1.0.202410251130/tools/bin/../lib/gcc/arm-none-eabi/12.3.1/../../../../arm-none-eabi/lib/thumb/v7e-m+fp/hard\libc_nano.a(libc_a-impure.o)
                0x20000014                _impure_data
 *(.RamFunc)
 *(.RamFunc*)
                0x20000060                        . = ALIGN (0x4)
                0x20000060                        _edata = .

.igot.plt       0x20000060        0x0 load address 0x08007650
 .igot.plt      0x20000060        0x0 C:/ST/STM32CubeIDE_1.17.0/STM32CubeIDE/plugins/com.st.stm32cube.ide.mcu.externaltools.gnu-tools-for-stm32.12.3.rel1.win32_1.1.0.202410251130/tools/bin/../lib/gcc/arm-none-eabi/12.3.1/thumb/v7e-m+fp/hard/crtbegin.o
                0x20000060                        . = ALIGN (0x4)

.bss            0x20000060     0x12e8 load address 0x08007650
                0x20000060                        _sbss = .
                0x20000060                        __bss_start__ = _sbss
 *(.bss)
 .bss           0x20000060       0x1c C:/ST/STM32CubeIDE_1.17.0/STM32CubeIDE/plugins/com.st.stm32cube.ide.mcu.externaltools.gnu-tools-for-stm32.12.3.rel1.win32_1.1.0.202410251130/tools/bin/../lib/gcc/arm-none-eabi/12.3.1/thumb/v7e-m+fp/hard/crtbegin.o
 *(.bss*)
 .bss.TxHeader  0x2000007c       0x18 ./Core/Src/CAN_X_2025.o
                0x2000007c                TxHeader
 .bss.TxMailbox
                0x20000094        0x4 ./Core/Src/CAN_X_2025.o
                0x20000094                TxMailbox
 .bss.TxData    0x20000098        0x8 ./Core/Src/CAN_X_2025.o
                0x20000098                TxData
 .bss.error_count
                0x200000a0        0x1 ./Core/Src/CAN_X_2025.o
                0x200000a0                error_count
 *fill*         0x200000a1        0x1 
 .bss.FECU_LV   0x200000a2        0x2 ./Core/Src/CAN_X_2025.o
                0x200000a2                FECU_LV
 .bss.FECU_5V   0x200000a4        0x2 ./Core/Src/CAN_X_2025.o
                0x200000a4                FECU_5V
 .bss.FECU_3V3  0x200000a6        0x2 ./Core/Src/CAN_X_2025.o
                0x200000a6                FECU_3V3
 .bss.Shutdown_Setas
                0x200000a8        0x1 ./Core/Src/CAN_X_2025.o
                0x200000a8                Shutdown_Setas
 .bss.Shutdown_SC_BOTS
                0x200000a9        0x1 ./Core/Src/CAN_X_2025.o
                0x200000a9                Shutdown_SC_BOTS
 .bss.Shutdown_BSPD_Inertia
                0x200000aa        0x1 ./Core/Src/CAN_X_2025.o
                0x200000aa                Shutdown_BSPD_Inertia
 .bss.Front_Alive
                0x200000ab        0x1 ./Core/Src/CAN_X_2025.o
                0x200000ab                Front_Alive
 .bss.BrakePressure2_Bits
                0x200000ac        0x2 ./Core/Src/CAN_X_2025.o
                0x200000ac                BrakePressure2_Bits
 .bss.BrakePressure1_Bits
                0x200000ae        0x2 ./Core/Src/CAN_X_2025.o
                0x200000ae                BrakePressure1_Bits
 .bss.Pitot_Bits
                0x200000b0        0x2 ./Core/Src/CAN_X_2025.o
                0x200000b0                Pitot_Bits
 .bss.Susp_F_R_Bits
                0x200000b2        0x2 ./Core/Src/CAN_X_2025.o
                0x200000b2                Susp_F_R_Bits
 .bss.Susp_F_L_Bits
                0x200000b4        0x2 ./Core/Src/CAN_X_2025.o
                0x200000b4                Susp_F_L_Bits
 .bss.SteeringSensor_Bits
                0x200000b6        0x2 ./Core/Src/CAN_X_2025.o
                0x200000b6                SteeringSensor_Bits
 .bss.BrakePedal_Bits
                0x200000b8        0x2 ./Core/Src/CAN_X_2025.o
                0x200000b8                BrakePedal_Bits
 .bss.APPS2_Bits
                0x200000ba        0x2 ./Core/Src/CAN_X_2025.o
                0x200000ba                APPS2_Bits
 .bss.APPS1_Bits
                0x200000bc        0x2 ./Core/Src/CAN_X_2025.o
                0x200000bc                APPS1_Bits
 *fill*         0x200000be        0x2 
 .bss.xIdleTaskTCBBuffer
                0x200000c0       0xa0 ./Core/Src/freertos.o
 .bss.xIdleStack
                0x20000160      0x200 ./Core/Src/freertos.o
 .bss.hadc1     0x20000360       0x68 ./Core/Src/main.o
                0x20000360                hadc1
 .bss.hdma_adc1
                0x200003c8       0x48 ./Core/Src/main.o
                0x200003c8                hdma_adc1
 .bss.hcan1     0x20000410       0x28 ./Core/Src/main.o
                0x20000410                hcan1
 .bss.htim8     0x20000438       0x4c ./Core/Src/main.o
                0x20000438                htim8
 .bss.CANHandle
                0x20000484        0x4 ./Core/Src/main.o
                0x20000484                CANHandle
 .bss.ADCHandle
                0x20000488        0x4 ./Core/Src/main.o
                0x20000488                ADCHandle
 .bss.ShutdownHandle
                0x2000048c        0x4 ./Core/Src/main.o
                0x2000048c                ShutdownHandle
 .bss.adc_buffer
                0x20000490       0x18 ./Core/Src/main.o
                0x20000490                adc_buffer
 .bss.CAN_FSM_STATE
                0x200004a8        0x1 ./Core/Src/main.o
                0x200004a8                CAN_FSM_STATE
 .bss.flag      0x200004a9        0x1 ./Core/Src/main.o
                0x200004a9                flag
 .bss.CANcount  0x200004aa        0x1 ./Core/Src/main.o
                0x200004aa                CANcount
 *fill*         0x200004ab        0x1 
 .bss.htim4     0x200004ac       0x4c ./Core/Src/stm32l4xx_hal_timebase_tim.o
                0x200004ac                htim4
 .bss.uwTick    0x200004f8        0x4 ./Drivers/STM32L4xx_HAL_Driver/Src/stm32l4xx_hal.o
                0x200004f8                uwTick
 .bss.pxCurrentTCB
                0x200004fc        0x4 ./Middlewares/Third_Party/FreeRTOS/Source/tasks.o
                0x200004fc                pxCurrentTCB
 .bss.pxReadyTasksLists
                0x20000500       0x8c ./Middlewares/Third_Party/FreeRTOS/Source/tasks.o
 .bss.xDelayedTaskList1
                0x2000058c       0x14 ./Middlewares/Third_Party/FreeRTOS/Source/tasks.o
 .bss.xDelayedTaskList2
                0x200005a0       0x14 ./Middlewares/Third_Party/FreeRTOS/Source/tasks.o
 .bss.pxDelayedTaskList
                0x200005b4        0x4 ./Middlewares/Third_Party/FreeRTOS/Source/tasks.o
 .bss.pxOverflowDelayedTaskList
                0x200005b8        0x4 ./Middlewares/Third_Party/FreeRTOS/Source/tasks.o
 .bss.xPendingReadyList
                0x200005bc       0x14 ./Middlewares/Third_Party/FreeRTOS/Source/tasks.o
 .bss.xTasksWaitingTermination
                0x200005d0       0x14 ./Middlewares/Third_Party/FreeRTOS/Source/tasks.o
 .bss.uxDeletedTasksWaitingCleanUp
                0x200005e4        0x4 ./Middlewares/Third_Party/FreeRTOS/Source/tasks.o
 .bss.xSuspendedTaskList
                0x200005e8       0x14 ./Middlewares/Third_Party/FreeRTOS/Source/tasks.o
 .bss.uxCurrentNumberOfTasks
                0x200005fc        0x4 ./Middlewares/Third_Party/FreeRTOS/Source/tasks.o
 .bss.xTickCount
                0x20000600        0x4 ./Middlewares/Third_Party/FreeRTOS/Source/tasks.o
 .bss.uxTopReadyPriority
                0x20000604        0x4 ./Middlewares/Third_Party/FreeRTOS/Source/tasks.o
 .bss.xSchedulerRunning
                0x20000608        0x4 ./Middlewares/Third_Party/FreeRTOS/Source/tasks.o
 .bss.xPendedTicks
                0x2000060c        0x4 ./Middlewares/Third_Party/FreeRTOS/Source/tasks.o
 .bss.xYieldPending
                0x20000610        0x4 ./Middlewares/Third_Party/FreeRTOS/Source/tasks.o
 .bss.xNumOfOverflows
                0x20000614        0x4 ./Middlewares/Third_Party/FreeRTOS/Source/tasks.o
 .bss.uxTaskNumber
                0x20000618        0x4 ./Middlewares/Third_Party/FreeRTOS/Source/tasks.o
 .bss.xNextTaskUnblockTime
                0x2000061c        0x4 ./Middlewares/Third_Party/FreeRTOS/Source/tasks.o
 .bss.xIdleTaskHandle
                0x20000620        0x4 ./Middlewares/Third_Party/FreeRTOS/Source/tasks.o
 .bss.uxSchedulerSuspended
                0x20000624        0x4 ./Middlewares/Third_Party/FreeRTOS/Source/tasks.o
 .bss.ucMaxSysCallPriority
                0x20000628        0x1 ./Middlewares/Third_Party/FreeRTOS/Source/portable/GCC/ARM_CM4F/port.o
 *fill*         0x20000629        0x3 
 .bss.ulMaxPRIGROUPValue
                0x2000062c        0x4 ./Middlewares/Third_Party/FreeRTOS/Source/portable/GCC/ARM_CM4F/port.o
 .bss.ucHeap    0x20000630      0xbb8 ./Middlewares/Third_Party/FreeRTOS/Source/portable/MemMang/heap_4.o
 .bss.xStart    0x200011e8        0x8 ./Middlewares/Third_Party/FreeRTOS/Source/portable/MemMang/heap_4.o
 .bss.pxEnd     0x200011f0        0x4 ./Middlewares/Third_Party/FreeRTOS/Source/portable/MemMang/heap_4.o
 .bss.xFreeBytesRemaining
                0x200011f4        0x4 ./Middlewares/Third_Party/FreeRTOS/Source/portable/MemMang/heap_4.o
 .bss.xMinimumEverFreeBytesRemaining
                0x200011f8        0x4 ./Middlewares/Third_Party/FreeRTOS/Source/portable/MemMang/heap_4.o
 .bss.xNumberOfSuccessfulAllocations
                0x200011fc        0x4 ./Middlewares/Third_Party/FreeRTOS/Source/portable/MemMang/heap_4.o
 .bss.xNumberOfSuccessfulFrees
                0x20001200        0x4 ./Middlewares/Third_Party/FreeRTOS/Source/portable/MemMang/heap_4.o
 .bss.xBlockAllocatedBit
                0x20001204        0x4 ./Middlewares/Third_Party/FreeRTOS/Source/portable/MemMang/heap_4.o
 .bss.__sf      0x20001208      0x138 C:/ST/STM32CubeIDE_1.17.0/STM32CubeIDE/plugins/com.st.stm32cube.ide.mcu.externaltools.gnu-tools-for-stm32.12.3.rel1.win32_1.1.0.202410251130/tools/bin/../lib/gcc/arm-none-eabi/12.3.1/../../../../arm-none-eabi/lib/thumb/v7e-m+fp/hard\libc_nano.a(libc_a-findfp.o)
                0x20001208                __sf
 .bss.__lock___malloc_recursive_mutex
                0x20001340        0x1 C:/ST/STM32CubeIDE_1.17.0/STM32CubeIDE/plugins/com.st.stm32cube.ide.mcu.externaltools.gnu-tools-for-stm32.12.3.rel1.win32_1.1.0.202410251130/tools/bin/../lib/gcc/arm-none-eabi/12.3.1/../../../../arm-none-eabi/lib/thumb/v7e-m+fp/hard\libc_nano.a(libc_a-lock.o)
                0x20001340                __lock___malloc_recursive_mutex
 *fill*         0x20001341        0x3 
 .bss.__malloc_free_list
                0x20001344        0x4 C:/ST/STM32CubeIDE_1.17.0/STM32CubeIDE/plugins/com.st.stm32cube.ide.mcu.externaltools.gnu-tools-for-stm32.12.3.rel1.win32_1.1.0.202410251130/tools/bin/../lib/gcc/arm-none-eabi/12.3.1/../../../../arm-none-eabi/lib/thumb/v7e-m+fp/hard\libc_nano.a(libc_a-mallocr.o)
                0x20001344                __malloc_free_list
 *(COMMON)
                0x20001348                        . = ALIGN (0x4)
                0x20001348                        _ebss = .
                0x20001348                        __bss_end__ = _ebss

._user_heap_stack
                0x20001348      0x600 load address 0x08007650
                0x20001348                        . = ALIGN (0x8)
                [!provide]                        PROVIDE (end = .)
                0x20001348                        PROVIDE (_end = .)
                0x20001548                        . = (. + _Min_Heap_Size)
 *fill*         0x20001348      0x200 
                0x20001948                        . = (. + _Min_Stack_Size)
 *fill*         0x20001548      0x400 
                0x20001948                        . = ALIGN (0x8)

/DISCARD/
 libc.a(*)
 libm.a(*)
 libgcc.a(*)

.ARM.attributes
                0x00000000       0x30
 *(.ARM.attributes)
 .ARM.attributes
                0x00000000       0x22 C:/ST/STM32CubeIDE_1.17.0/STM32CubeIDE/plugins/com.st.stm32cube.ide.mcu.externaltools.gnu-tools-for-stm32.12.3.rel1.win32_1.1.0.202410251130/tools/bin/../lib/gcc/arm-none-eabi/12.3.1/thumb/v7e-m+fp/hard/crti.o
 .ARM.attributes
                0x00000022       0x34 C:/ST/STM32CubeIDE_1.17.0/STM32CubeIDE/plugins/com.st.stm32cube.ide.mcu.externaltools.gnu-tools-for-stm32.12.3.rel1.win32_1.1.0.202410251130/tools/bin/../lib/gcc/arm-none-eabi/12.3.1/thumb/v7e-m+fp/hard/crtbegin.o
 .ARM.attributes
                0x00000056       0x34 ./Core/Src/CAN.o
 .ARM.attributes
                0x0000008a       0x34 ./Core/Src/CAN_X_2025.o
 .ARM.attributes
                0x000000be       0x34 ./Core/Src/freertos.o
 .ARM.attributes
                0x000000f2       0x34 ./Core/Src/main.o
 .ARM.attributes
                0x00000126       0x34 ./Core/Src/stm32l4xx_hal_msp.o
 .ARM.attributes
                0x0000015a       0x34 ./Core/Src/stm32l4xx_hal_timebase_tim.o
 .ARM.attributes
                0x0000018e       0x34 ./Core/Src/stm32l4xx_it.o
 .ARM.attributes
                0x000001c2       0x34 ./Core/Src/system_stm32l4xx.o
 .ARM.attributes
                0x000001f6       0x21 ./Core/Startup/startup_stm32l496vetx.o
 .ARM.attributes
                0x00000217       0x34 ./Drivers/STM32L4xx_HAL_Driver/Src/stm32l4xx_hal.o
 .ARM.attributes
                0x0000024b       0x34 ./Drivers/STM32L4xx_HAL_Driver/Src/stm32l4xx_hal_adc.o
 .ARM.attributes
                0x0000027f       0x34 ./Drivers/STM32L4xx_HAL_Driver/Src/stm32l4xx_hal_adc_ex.o
 .ARM.attributes
                0x000002b3       0x34 ./Drivers/STM32L4xx_HAL_Driver/Src/stm32l4xx_hal_can.o
 .ARM.attributes
                0x000002e7       0x34 ./Drivers/STM32L4xx_HAL_Driver/Src/stm32l4xx_hal_cortex.o
 .ARM.attributes
                0x0000031b       0x34 ./Drivers/STM32L4xx_HAL_Driver/Src/stm32l4xx_hal_dma.o
 .ARM.attributes
                0x0000034f       0x34 ./Drivers/STM32L4xx_HAL_Driver/Src/stm32l4xx_hal_gpio.o
 .ARM.attributes
                0x00000383       0x34 ./Drivers/STM32L4xx_HAL_Driver/Src/stm32l4xx_hal_pwr_ex.o
 .ARM.attributes
                0x000003b7       0x34 ./Drivers/STM32L4xx_HAL_Driver/Src/stm32l4xx_hal_rcc.o
 .ARM.attributes
                0x000003eb       0x34 ./Drivers/STM32L4xx_HAL_Driver/Src/stm32l4xx_hal_rcc_ex.o
 .ARM.attributes
                0x0000041f       0x34 ./Drivers/STM32L4xx_HAL_Driver/Src/stm32l4xx_hal_tim.o
 .ARM.attributes
                0x00000453       0x34 ./Drivers/STM32L4xx_HAL_Driver/Src/stm32l4xx_hal_tim_ex.o
 .ARM.attributes
                0x00000487       0x34 ./Middlewares/Third_Party/FreeRTOS/Source/CMSIS_RTOS/cmsis_os.o
 .ARM.attributes
                0x000004bb       0x34 ./Middlewares/Third_Party/FreeRTOS/Source/list.o
 .ARM.attributes
                0x000004ef       0x34 ./Middlewares/Third_Party/FreeRTOS/Source/tasks.o
 .ARM.attributes
                0x00000523       0x34 ./Middlewares/Third_Party/FreeRTOS/Source/portable/GCC/ARM_CM4F/port.o
 .ARM.attributes
                0x00000557       0x34 ./Middlewares/Third_Party/FreeRTOS/Source/portable/MemMang/heap_4.o
 .ARM.attributes
                0x0000058b       0x34 C:/ST/STM32CubeIDE_1.17.0/STM32CubeIDE/plugins/com.st.stm32cube.ide.mcu.externaltools.gnu-tools-for-stm32.12.3.rel1.win32_1.1.0.202410251130/tools/bin/../lib/gcc/arm-none-eabi/12.3.1/../../../../arm-none-eabi/lib/thumb/v7e-m+fp/hard\libc_nano.a(libc_a-findfp.o)
 .ARM.attributes
                0x000005bf       0x34 C:/ST/STM32CubeIDE_1.17.0/STM32CubeIDE/plugins/com.st.stm32cube.ide.mcu.externaltools.gnu-tools-for-stm32.12.3.rel1.win32_1.1.0.202410251130/tools/bin/../lib/gcc/arm-none-eabi/12.3.1/../../../../arm-none-eabi/lib/thumb/v7e-m+fp/hard\libc_nano.a(libc_a-memset.o)
 .ARM.attributes
                0x000005f3       0x34 C:/ST/STM32CubeIDE_1.17.0/STM32CubeIDE/plugins/com.st.stm32cube.ide.mcu.externaltools.gnu-tools-for-stm32.12.3.rel1.win32_1.1.0.202410251130/tools/bin/../lib/gcc/arm-none-eabi/12.3.1/../../../../arm-none-eabi/lib/thumb/v7e-m+fp/hard\libc_nano.a(libc_a-reent.o)
 .ARM.attributes
                0x00000627       0x34 C:/ST/STM32CubeIDE_1.17.0/STM32CubeIDE/plugins/com.st.stm32cube.ide.mcu.externaltools.gnu-tools-for-stm32.12.3.rel1.win32_1.1.0.202410251130/tools/bin/../lib/gcc/arm-none-eabi/12.3.1/../../../../arm-none-eabi/lib/thumb/v7e-m+fp/hard\libc_nano.a(libc_a-impure.o)
 .ARM.attributes
                0x0000065b       0x34 C:/ST/STM32CubeIDE_1.17.0/STM32CubeIDE/plugins/com.st.stm32cube.ide.mcu.externaltools.gnu-tools-for-stm32.12.3.rel1.win32_1.1.0.202410251130/tools/bin/../lib/gcc/arm-none-eabi/12.3.1/../../../../arm-none-eabi/lib/thumb/v7e-m+fp/hard\libc_nano.a(libc_a-init.o)
 .ARM.attributes
                0x0000068f       0x34 C:/ST/STM32CubeIDE_1.17.0/STM32CubeIDE/plugins/com.st.stm32cube.ide.mcu.externaltools.gnu-tools-for-stm32.12.3.rel1.win32_1.1.0.202410251130/tools/bin/../lib/gcc/arm-none-eabi/12.3.1/../../../../arm-none-eabi/lib/thumb/v7e-m+fp/hard\libc_nano.a(libc_a-lock.o)
 .ARM.attributes
                0x000006c3       0x34 C:/ST/STM32CubeIDE_1.17.0/STM32CubeIDE/plugins/com.st.stm32cube.ide.mcu.externaltools.gnu-tools-for-stm32.12.3.rel1.win32_1.1.0.202410251130/tools/bin/../lib/gcc/arm-none-eabi/12.3.1/../../../../arm-none-eabi/lib/thumb/v7e-m+fp/hard\libc_nano.a(libc_a-freer.o)
 .ARM.attributes
                0x000006f7       0x34 C:/ST/STM32CubeIDE_1.17.0/STM32CubeIDE/plugins/com.st.stm32cube.ide.mcu.externaltools.gnu-tools-for-stm32.12.3.rel1.win32_1.1.0.202410251130/tools/bin/../lib/gcc/arm-none-eabi/12.3.1/../../../../arm-none-eabi/lib/thumb/v7e-m+fp/hard\libc_nano.a(libc_a-mallocr.o)
 .ARM.attributes
                0x0000072b       0x34 C:/ST/STM32CubeIDE_1.17.0/STM32CubeIDE/plugins/com.st.stm32cube.ide.mcu.externaltools.gnu-tools-for-stm32.12.3.rel1.win32_1.1.0.202410251130/tools/bin/../lib/gcc/arm-none-eabi/12.3.1/../../../../arm-none-eabi/lib/thumb/v7e-m+fp/hard\libc_nano.a(libc_a-mlock.o)
 .ARM.attributes
                0x0000075f       0x22 C:/ST/STM32CubeIDE_1.17.0/STM32CubeIDE/plugins/com.st.stm32cube.ide.mcu.externaltools.gnu-tools-for-stm32.12.3.rel1.win32_1.1.0.202410251130/tools/bin/../lib/gcc/arm-none-eabi/12.3.1/thumb/v7e-m+fp/hard/crtn.o
OUTPUT(FECU_2024_25.elf elf32-littlearm)
LOAD linker stubs
LOAD C:/ST/STM32CubeIDE_1.17.0/STM32CubeIDE/plugins/com.st.stm32cube.ide.mcu.externaltools.gnu-tools-for-stm32.12.3.rel1.win32_1.1.0.202410251130/tools/bin/../lib/gcc/arm-none-eabi/12.3.1/../../../../arm-none-eabi/lib/thumb/v7e-m+fp/hard\libc.a
LOAD C:/ST/STM32CubeIDE_1.17.0/STM32CubeIDE/plugins/com.st.stm32cube.ide.mcu.externaltools.gnu-tools-for-stm32.12.3.rel1.win32_1.1.0.202410251130/tools/bin/../lib/gcc/arm-none-eabi/12.3.1/../../../../arm-none-eabi/lib/thumb/v7e-m+fp/hard\libm.a
LOAD C:/ST/STM32CubeIDE_1.17.0/STM32CubeIDE/plugins/com.st.stm32cube.ide.mcu.externaltools.gnu-tools-for-stm32.12.3.rel1.win32_1.1.0.202410251130/tools/bin/../lib/gcc/arm-none-eabi/12.3.1/thumb/v7e-m+fp/hard\libgcc.a

.debug_info     0x00000000    0x1c0cc
 .debug_info    0x00000000      0x548 ./Core/Src/CAN.o
 .debug_info    0x00000548     0x2986 ./Core/Src/CAN_X_2025.o
 .debug_info    0x00002ece      0x919 ./Core/Src/freertos.o
 .debug_info    0x000037e7     0x2826 ./Core/Src/main.o
 .debug_info    0x0000600d     0x1935 ./Core/Src/stm32l4xx_hal_msp.o
 .debug_info    0x00007942      0xcd1 ./Core/Src/stm32l4xx_hal_timebase_tim.o
 .debug_info    0x00008613      0xb32 ./Core/Src/stm32l4xx_it.o
 .debug_info    0x00009145      0x5cd ./Core/Src/system_stm32l4xx.o
 .debug_info    0x00009712       0x30 ./Core/Startup/startup_stm32l496vetx.o
 .debug_info    0x00009742      0xb4b ./Drivers/STM32L4xx_HAL_Driver/Src/stm32l4xx_hal.o
 .debug_info    0x0000a28d     0x1dfb ./Drivers/STM32L4xx_HAL_Driver/Src/stm32l4xx_hal_adc.o
 .debug_info    0x0000c088     0x1b67 ./Drivers/STM32L4xx_HAL_Driver/Src/stm32l4xx_hal_adc_ex.o
 .debug_info    0x0000dbef      0xf17 ./Drivers/STM32L4xx_HAL_Driver/Src/stm32l4xx_hal_can.o
 .debug_info    0x0000eb06      0xdb7 ./Drivers/STM32L4xx_HAL_Driver/Src/stm32l4xx_hal_cortex.o
 .debug_info    0x0000f8bd      0x6f4 ./Drivers/STM32L4xx_HAL_Driver/Src/stm32l4xx_hal_dma.o
 .debug_info    0x0000ffb1      0x76f ./Drivers/STM32L4xx_HAL_Driver/Src/stm32l4xx_hal_gpio.o
 .debug_info    0x00010720      0x996 ./Drivers/STM32L4xx_HAL_Driver/Src/stm32l4xx_hal_pwr_ex.o
 .debug_info    0x000110b6      0xc3b ./Drivers/STM32L4xx_HAL_Driver/Src/stm32l4xx_hal_rcc.o
 .debug_info    0x00011cf1     0x10c1 ./Drivers/STM32L4xx_HAL_Driver/Src/stm32l4xx_hal_rcc_ex.o
 .debug_info    0x00012db2     0x2a9a ./Drivers/STM32L4xx_HAL_Driver/Src/stm32l4xx_hal_tim.o
 .debug_info    0x0001584c     0x169e ./Drivers/STM32L4xx_HAL_Driver/Src/stm32l4xx_hal_tim_ex.o
 .debug_info    0x00016eea     0x21e2 ./Middlewares/Third_Party/FreeRTOS/Source/CMSIS_RTOS/cmsis_os.o
 .debug_info    0x000190cc      0x2af ./Middlewares/Third_Party/FreeRTOS/Source/list.o
 .debug_info    0x0001937b     0x239e ./Middlewares/Third_Party/FreeRTOS/Source/tasks.o
 .debug_info    0x0001b719      0x4de ./Middlewares/Third_Party/FreeRTOS/Source/portable/GCC/ARM_CM4F/port.o
 .debug_info    0x0001bbf7      0x4d5 ./Middlewares/Third_Party/FreeRTOS/Source/portable/MemMang/heap_4.o

.debug_abbrev   0x00000000     0x3b14
 .debug_abbrev  0x00000000      0x179 ./Core/Src/CAN.o
 .debug_abbrev  0x00000179      0x255 ./Core/Src/CAN_X_2025.o
 .debug_abbrev  0x000003ce      0x16f ./Core/Src/freertos.o
 .debug_abbrev  0x0000053d      0x379 ./Core/Src/main.o
 .debug_abbrev  0x000008b6      0x287 ./Core/Src/stm32l4xx_hal_msp.o
 .debug_abbrev  0x00000b3d      0x1f4 ./Core/Src/stm32l4xx_hal_timebase_tim.o
 .debug_abbrev  0x00000d31      0x194 ./Core/Src/stm32l4xx_it.o
 .debug_abbrev  0x00000ec5      0x11a ./Core/Src/system_stm32l4xx.o
 .debug_abbrev  0x00000fdf       0x24 ./Core/Startup/startup_stm32l496vetx.o
 .debug_abbrev  0x00001003      0x242 ./Drivers/STM32L4xx_HAL_Driver/Src/stm32l4xx_hal.o
 .debug_abbrev  0x00001245      0x2de ./Drivers/STM32L4xx_HAL_Driver/Src/stm32l4xx_hal_adc.o
 .debug_abbrev  0x00001523      0x2f1 ./Drivers/STM32L4xx_HAL_Driver/Src/stm32l4xx_hal_adc_ex.o
 .debug_abbrev  0x00001814      0x26f ./Drivers/STM32L4xx_HAL_Driver/Src/stm32l4xx_hal_can.o
 .debug_abbrev  0x00001a83      0x31c ./Drivers/STM32L4xx_HAL_Driver/Src/stm32l4xx_hal_cortex.o
 .debug_abbrev  0x00001d9f      0x1e4 ./Drivers/STM32L4xx_HAL_Driver/Src/stm32l4xx_hal_dma.o
 .debug_abbrev  0x00001f83      0x1cb ./Drivers/STM32L4xx_HAL_Driver/Src/stm32l4xx_hal_gpio.o
 .debug_abbrev  0x0000214e      0x1f9 ./Drivers/STM32L4xx_HAL_Driver/Src/stm32l4xx_hal_pwr_ex.o
 .debug_abbrev  0x00002347      0x2cb ./Drivers/STM32L4xx_HAL_Driver/Src/stm32l4xx_hal_rcc.o
 .debug_abbrev  0x00002612      0x2a3 ./Drivers/STM32L4xx_HAL_Driver/Src/stm32l4xx_hal_rcc_ex.o
 .debug_abbrev  0x000028b5      0x278 ./Drivers/STM32L4xx_HAL_Driver/Src/stm32l4xx_hal_tim.o
 .debug_abbrev  0x00002b2d      0x283 ./Drivers/STM32L4xx_HAL_Driver/Src/stm32l4xx_hal_tim_ex.o
 .debug_abbrev  0x00002db0      0x426 ./Middlewares/Third_Party/FreeRTOS/Source/CMSIS_RTOS/cmsis_os.o
 .debug_abbrev  0x000031d6       0xf5 ./Middlewares/Third_Party/FreeRTOS/Source/list.o
 .debug_abbrev  0x000032cb      0x3d0 ./Middlewares/Third_Party/FreeRTOS/Source/tasks.o
 .debug_abbrev  0x0000369b      0x25c ./Middlewares/Third_Party/FreeRTOS/Source/portable/GCC/ARM_CM4F/port.o
 .debug_abbrev  0x000038f7      0x21d ./Middlewares/Third_Party/FreeRTOS/Source/portable/MemMang/heap_4.o

.debug_aranges  0x00000000     0x1a20
 .debug_aranges
                0x00000000       0x20 ./Core/Src/CAN.o
 .debug_aranges
                0x00000020      0x308 ./Core/Src/CAN_X_2025.o
 .debug_aranges
                0x00000328       0x20 ./Core/Src/freertos.o
 .debug_aranges
                0x00000348       0x78 ./Core/Src/main.o
 .debug_aranges
                0x000003c0       0x50 ./Core/Src/stm32l4xx_hal_msp.o
 .debug_aranges
                0x00000410       0x30 ./Core/Src/stm32l4xx_hal_timebase_tim.o
 .debug_aranges
                0x00000440       0x60 ./Core/Src/stm32l4xx_it.o
 .debug_aranges
                0x000004a0       0x28 ./Core/Src/system_stm32l4xx.o
 .debug_aranges
                0x000004c8       0x28 ./Core/Startup/startup_stm32l496vetx.o
 .debug_aranges
                0x000004f0      0x130 ./Drivers/STM32L4xx_HAL_Driver/Src/stm32l4xx_hal.o
 .debug_aranges
                0x00000620      0x228 ./Drivers/STM32L4xx_HAL_Driver/Src/stm32l4xx_hal_adc.o
 .debug_aranges
                0x00000848      0x1b0 ./Drivers/STM32L4xx_HAL_Driver/Src/stm32l4xx_hal_adc_ex.o
 .debug_aranges
                0x000009f8      0x138 ./Drivers/STM32L4xx_HAL_Driver/Src/stm32l4xx_hal_can.o
 .debug_aranges
                0x00000b30      0x128 ./Drivers/STM32L4xx_HAL_Driver/Src/stm32l4xx_hal_cortex.o
 .debug_aranges
                0x00000c58       0x80 ./Drivers/STM32L4xx_HAL_Driver/Src/stm32l4xx_hal_dma.o
 .debug_aranges
                0x00000cd8       0x58 ./Drivers/STM32L4xx_HAL_Driver/Src/stm32l4xx_hal_gpio.o
 .debug_aranges
                0x00000d30      0x150 ./Drivers/STM32L4xx_HAL_Driver/Src/stm32l4xx_hal_pwr_ex.o
 .debug_aranges
                0x00000e80       0x90 ./Drivers/STM32L4xx_HAL_Driver/Src/stm32l4xx_hal_rcc.o
 .debug_aranges
                0x00000f10      0x108 ./Drivers/STM32L4xx_HAL_Driver/Src/stm32l4xx_hal_rcc_ex.o
 .debug_aranges
                0x00001018      0x3e0 ./Drivers/STM32L4xx_HAL_Driver/Src/stm32l4xx_hal_tim.o
 .debug_aranges
                0x000013f8      0x180 ./Drivers/STM32L4xx_HAL_Driver/Src/stm32l4xx_hal_tim_ex.o
 .debug_aranges
                0x00001578      0x1d8 ./Middlewares/Third_Party/FreeRTOS/Source/CMSIS_RTOS/cmsis_os.o
 .debug_aranges
                0x00001750       0x40 ./Middlewares/Third_Party/FreeRTOS/Source/list.o
 .debug_aranges
                0x00001790      0x1b8 ./Middlewares/Third_Party/FreeRTOS/Source/tasks.o
 .debug_aranges
                0x00001948       0x80 ./Middlewares/Third_Party/FreeRTOS/Source/portable/GCC/ARM_CM4F/port.o
 .debug_aranges
                0x000019c8       0x58 ./Middlewares/Third_Party/FreeRTOS/Source/portable/MemMang/heap_4.o

.debug_rnglists
                0x00000000     0x1457
 .debug_rnglists
                0x00000000       0x13 ./Core/Src/CAN.o
 .debug_rnglists
                0x00000013      0x28b ./Core/Src/CAN_X_2025.o
 .debug_rnglists
                0x0000029e       0x13 ./Core/Src/freertos.o
 .debug_rnglists
                0x000002b1       0x5c ./Core/Src/main.o
 .debug_rnglists
                0x0000030d       0x39 ./Core/Src/stm32l4xx_hal_msp.o
 .debug_rnglists
                0x00000346       0x20 ./Core/Src/stm32l4xx_hal_timebase_tim.o
 .debug_rnglists
                0x00000366       0x43 ./Core/Src/stm32l4xx_it.o
 .debug_rnglists
                0x000003a9       0x1a ./Core/Src/system_stm32l4xx.o
 .debug_rnglists
                0x000003c3       0x19 ./Core/Startup/startup_stm32l496vetx.o
 .debug_rnglists
                0x000003dc       0xdf ./Drivers/STM32L4xx_HAL_Driver/Src/stm32l4xx_hal.o
 .debug_rnglists
                0x000004bb      0x1b7 ./Drivers/STM32L4xx_HAL_Driver/Src/stm32l4xx_hal_adc.o
 .debug_rnglists
                0x00000672      0x14e ./Drivers/STM32L4xx_HAL_Driver/Src/stm32l4xx_hal_adc_ex.o
 .debug_rnglists
                0x000007c0       0xee ./Drivers/STM32L4xx_HAL_Driver/Src/stm32l4xx_hal_can.o
 .debug_rnglists
                0x000008ae       0xda ./Drivers/STM32L4xx_HAL_Driver/Src/stm32l4xx_hal_cortex.o
 .debug_rnglists
                0x00000988       0x64 ./Drivers/STM32L4xx_HAL_Driver/Src/stm32l4xx_hal_dma.o
 .debug_rnglists
                0x000009ec       0x3f ./Drivers/STM32L4xx_HAL_Driver/Src/stm32l4xx_hal_gpio.o
 .debug_rnglists
                0x00000a2b       0xfd ./Drivers/STM32L4xx_HAL_Driver/Src/stm32l4xx_hal_pwr_ex.o
 .debug_rnglists
                0x00000b28       0x6d ./Drivers/STM32L4xx_HAL_Driver/Src/stm32l4xx_hal_rcc.o
 .debug_rnglists
                0x00000b95       0xce ./Drivers/STM32L4xx_HAL_Driver/Src/stm32l4xx_hal_rcc_ex.o
 .debug_rnglists
                0x00000c63      0x328 ./Drivers/STM32L4xx_HAL_Driver/Src/stm32l4xx_hal_tim.o
 .debug_rnglists
                0x00000f8b      0x139 ./Drivers/STM32L4xx_HAL_Driver/Src/stm32l4xx_hal_tim_ex.o
 .debug_rnglists
                0x000010c4      0x16a ./Middlewares/Third_Party/FreeRTOS/Source/CMSIS_RTOS/cmsis_os.o
 .debug_rnglists
                0x0000122e       0x2b ./Middlewares/Third_Party/FreeRTOS/Source/list.o
 .debug_rnglists
                0x00001259      0x15f ./Middlewares/Third_Party/FreeRTOS/Source/tasks.o
 .debug_rnglists
                0x000013b8       0x5d ./Middlewares/Third_Party/FreeRTOS/Source/portable/GCC/ARM_CM4F/port.o
 .debug_rnglists
                0x00001415       0x42 ./Middlewares/Third_Party/FreeRTOS/Source/portable/MemMang/heap_4.o

.debug_macro    0x00000000    0x2ca57
 .debug_macro   0x00000000      0x1f2 ./Core/Src/CAN.o
 .debug_macro   0x000001f2      0xab4 ./Core/Src/CAN.o
 .debug_macro   0x00000ca6      0x1ad ./Core/Src/CAN.o
 .debug_macro   0x00000e53       0x2e ./Core/Src/CAN.o
 .debug_macro   0x00000e81       0x28 ./Core/Src/CAN.o
 .debug_macro   0x00000ea9       0x22 ./Core/Src/CAN.o
 .debug_macro   0x00000ecb       0x8e ./Core/Src/CAN.o
 .debug_macro   0x00000f59       0x51 ./Core/Src/CAN.o
 .debug_macro   0x00000faa      0x103 ./Core/Src/CAN.o
 .debug_macro   0x000010ad       0x6a ./Core/Src/CAN.o
 .debug_macro   0x00001117      0x1df ./Core/Src/CAN.o
 .debug_macro   0x000012f6       0x1c ./Core/Src/CAN.o
 .debug_macro   0x00001312       0x22 ./Core/Src/CAN.o
 .debug_macro   0x00001334       0xfb ./Core/Src/CAN.o
 .debug_macro   0x0000142f     0x1011 ./Core/Src/CAN.o
 .debug_macro   0x00002440      0x11f ./Core/Src/CAN.o
 .debug_macro   0x0000255f    0x1c1e2 ./Core/Src/CAN.o
 .debug_macro   0x0001e741       0x6d ./Core/Src/CAN.o
 .debug_macro   0x0001e7ae     0x38fb ./Core/Src/CAN.o
 .debug_macro   0x000220a9      0x189 ./Core/Src/CAN.o
 .debug_macro   0x00022232       0x5c ./Core/Src/CAN.o
 .debug_macro   0x0002228e     0x187d ./Core/Src/CAN.o
 .debug_macro   0x00023b0b      0x773 ./Core/Src/CAN.o
 .debug_macro   0x0002427e      0x1b9 ./Core/Src/CAN.o
 .debug_macro   0x00024437      0x202 ./Core/Src/CAN.o
 .debug_macro   0x00024639      0x26b ./Core/Src/CAN.o
 .debug_macro   0x000248a4      0x23d ./Core/Src/CAN.o
 .debug_macro   0x00024ae1      0xfad ./Core/Src/CAN.o
 .debug_macro   0x00025a8e      0x639 ./Core/Src/CAN.o
 .debug_macro   0x000260c7      0x31a ./Core/Src/CAN.o
 .debug_macro   0x000263e1      0x40f ./Core/Src/CAN.o
 .debug_macro   0x000267f0      0x241 ./Core/Src/CAN.o
 .debug_macro   0x00026a31      0x3ad ./Core/Src/CAN.o
 .debug_macro   0x00026dde       0xe4 ./Core/Src/CAN.o
 .debug_macro   0x00026ec2      0x122 ./Core/Src/CAN.o
 .debug_macro   0x00026fe4      0x3ef ./Core/Src/CAN.o
 .debug_macro   0x000273d3      0xa98 ./Core/Src/CAN.o
 .debug_macro   0x00027e6b      0x1fb ./Core/Src/CAN.o
 .debug_macro   0x00028066      0x433 ./Core/Src/CAN.o
 .debug_macro   0x00028499       0x34 ./Core/Src/CAN.o
 .debug_macro   0x000284cd      0x1f7 ./Core/Src/CAN_X_2025.o
 .debug_macro   0x000286c4      0x146 ./Core/Src/CAN_X_2025.o
 .debug_macro   0x0002880a      0x2ed ./Core/Src/freertos.o
 .debug_macro   0x00028af7       0xf1 ./Core/Src/freertos.o
 .debug_macro   0x00028be8      0x15a ./Core/Src/freertos.o
 .debug_macro   0x00028d42       0xde ./Core/Src/freertos.o
 .debug_macro   0x00028e20       0x1c ./Core/Src/freertos.o
 .debug_macro   0x00028e3c       0x26 ./Core/Src/freertos.o
 .debug_macro   0x00028e62       0x61 ./Core/Src/freertos.o
 .debug_macro   0x00028ec3       0x2a ./Core/Src/freertos.o
 .debug_macro   0x00028eed       0x43 ./Core/Src/freertos.o
 .debug_macro   0x00028f30       0x34 ./Core/Src/freertos.o
 .debug_macro   0x00028f64       0x16 ./Core/Src/freertos.o
 .debug_macro   0x00028f7a       0x43 ./Core/Src/freertos.o
 .debug_macro   0x00028fbd       0x34 ./Core/Src/freertos.o
 .debug_macro   0x00028ff1       0x10 ./Core/Src/freertos.o
 .debug_macro   0x00029001       0x58 ./Core/Src/freertos.o
 .debug_macro   0x00029059       0x8e ./Core/Src/freertos.o
 .debug_macro   0x000290e7       0x1c ./Core/Src/freertos.o
 .debug_macro   0x00029103      0x177 ./Core/Src/freertos.o
 .debug_macro   0x0002927a       0x10 ./Core/Src/freertos.o
 .debug_macro   0x0002928a       0x35 ./Core/Src/freertos.o
 .debug_macro   0x000292bf      0x4fe ./Core/Src/freertos.o
 .debug_macro   0x000297bd       0xb5 ./Core/Src/freertos.o
 .debug_macro   0x00029872       0xaa ./Core/Src/freertos.o
 .debug_macro   0x0002991c      0x355 ./Core/Src/main.o
 .debug_macro   0x00029c71       0xf1 ./Core/Src/main.o
 .debug_macro   0x00029d62       0x91 ./Core/Src/main.o
 .debug_macro   0x00029df3       0x8d ./Core/Src/main.o
 .debug_macro   0x00029e80       0x7e ./Core/Src/main.o
 .debug_macro   0x00029efe       0x19 ./Core/Src/main.o
 .debug_macro   0x00029f17       0xf2 ./Core/Src/main.o
 .debug_macro   0x0002a009      0x1e8 ./Core/Src/stm32l4xx_hal_msp.o
 .debug_macro   0x0002a1f1      0x1d9 ./Core/Src/stm32l4xx_hal_timebase_tim.o
 .debug_macro   0x0002a3ca      0x1f2 ./Core/Src/stm32l4xx_it.o
 .debug_macro   0x0002a5bc      0x1d9 ./Core/Src/system_stm32l4xx.o
 .debug_macro   0x0002a795      0x227 ./Drivers/STM32L4xx_HAL_Driver/Src/stm32l4xx_hal.o
 .debug_macro   0x0002a9bc      0x1f6 ./Drivers/STM32L4xx_HAL_Driver/Src/stm32l4xx_hal_adc.o
 .debug_macro   0x0002abb2      0x1e5 ./Drivers/STM32L4xx_HAL_Driver/Src/stm32l4xx_hal_adc_ex.o
 .debug_macro   0x0002ad97      0x1e8 ./Drivers/STM32L4xx_HAL_Driver/Src/stm32l4xx_hal_can.o
 .debug_macro   0x0002af7f      0x1d9 ./Drivers/STM32L4xx_HAL_Driver/Src/stm32l4xx_hal_cortex.o
 .debug_macro   0x0002b158      0x1d9 ./Drivers/STM32L4xx_HAL_Driver/Src/stm32l4xx_hal_dma.o
 .debug_macro   0x0002b331      0x1e0 ./Drivers/STM32L4xx_HAL_Driver/Src/stm32l4xx_hal_gpio.o
 .debug_macro   0x0002b511      0x203 ./Drivers/STM32L4xx_HAL_Driver/Src/stm32l4xx_hal_pwr_ex.o
 .debug_macro   0x0002b714      0x21b ./Drivers/STM32L4xx_HAL_Driver/Src/stm32l4xx_hal_rcc.o
 .debug_macro   0x0002b92f      0x20f ./Drivers/STM32L4xx_HAL_Driver/Src/stm32l4xx_hal_rcc_ex.o
 .debug_macro   0x0002bb3e      0x1da ./Drivers/STM32L4xx_HAL_Driver/Src/stm32l4xx_hal_tim.o
 .debug_macro   0x0002bd18      0x1d9 ./Drivers/STM32L4xx_HAL_Driver/Src/stm32l4xx_hal_tim_ex.o
 .debug_macro   0x0002bef1      0x210 ./Middlewares/Third_Party/FreeRTOS/Source/CMSIS_RTOS/cmsis_os.o
 .debug_macro   0x0002c101       0x10 ./Middlewares/Third_Party/FreeRTOS/Source/CMSIS_RTOS/cmsis_os.o
 .debug_macro   0x0002c111       0x20 ./Middlewares/Third_Party/FreeRTOS/Source/CMSIS_RTOS/cmsis_os.o
 .debug_macro   0x0002c131       0x16 ./Middlewares/Third_Party/FreeRTOS/Source/CMSIS_RTOS/cmsis_os.o
 .debug_macro   0x0002c147       0xe9 ./Middlewares/Third_Party/FreeRTOS/Source/CMSIS_RTOS/cmsis_os.o
 .debug_macro   0x0002c230      0x199 ./Middlewares/Third_Party/FreeRTOS/Source/list.o
 .debug_macro   0x0002c3c9      0x28b ./Middlewares/Third_Party/FreeRTOS/Source/tasks.o
 .debug_macro   0x0002c654       0x10 ./Middlewares/Third_Party/FreeRTOS/Source/tasks.o
 .debug_macro   0x0002c664      0x233 ./Middlewares/Third_Party/FreeRTOS/Source/portable/GCC/ARM_CM4F/port.o
 .debug_macro   0x0002c897      0x1c0 ./Middlewares/Third_Party/FreeRTOS/Source/portable/MemMang/heap_4.o

.debug_line     0x00000000    0x1caae
 .debug_line    0x00000000      0x788 ./Core/Src/CAN.o
 .debug_line    0x00000788     0x35b1 ./Core/Src/CAN_X_2025.o
 .debug_line    0x00003d39      0x9a0 ./Core/Src/freertos.o
 .debug_line    0x000046d9      0xe5c ./Core/Src/main.o
 .debug_line    0x00005535      0x8a5 ./Core/Src/stm32l4xx_hal_msp.o
 .debug_line    0x00005dda      0x7eb ./Core/Src/stm32l4xx_hal_timebase_tim.o
 .debug_line    0x000065c5      0x83f ./Core/Src/stm32l4xx_it.o
 .debug_line    0x00006e04      0x80d ./Core/Src/system_stm32l4xx.o
 .debug_line    0x00007611       0x7a ./Core/Startup/startup_stm32l496vetx.o
 .debug_line    0x0000768b      0xb68 ./Drivers/STM32L4xx_HAL_Driver/Src/stm32l4xx_hal.o
 .debug_line    0x000081f3     0x1fad ./Drivers/STM32L4xx_HAL_Driver/Src/stm32l4xx_hal_adc.o
 .debug_line    0x0000a1a0     0x19b7 ./Drivers/STM32L4xx_HAL_Driver/Src/stm32l4xx_hal_adc_ex.o
 .debug_line    0x0000bb57     0x120d ./Drivers/STM32L4xx_HAL_Driver/Src/stm32l4xx_hal_can.o
 .debug_line    0x0000cd64      0xd31 ./Drivers/STM32L4xx_HAL_Driver/Src/stm32l4xx_hal_cortex.o
 .debug_line    0x0000da95      0xd6d ./Drivers/STM32L4xx_HAL_Driver/Src/stm32l4xx_hal_dma.o
 .debug_line    0x0000e802      0xbdc ./Drivers/STM32L4xx_HAL_Driver/Src/stm32l4xx_hal_gpio.o
 .debug_line    0x0000f3de      0xd34 ./Drivers/STM32L4xx_HAL_Driver/Src/stm32l4xx_hal_pwr_ex.o
 .debug_line    0x00010112     0x1029 ./Drivers/STM32L4xx_HAL_Driver/Src/stm32l4xx_hal_rcc.o
 .debug_line    0x0001113b     0x17a6 ./Drivers/STM32L4xx_HAL_Driver/Src/stm32l4xx_hal_rcc_ex.o
 .debug_line    0x000128e1     0x3e77 ./Drivers/STM32L4xx_HAL_Driver/Src/stm32l4xx_hal_tim.o
 .debug_line    0x00016758     0x1c61 ./Drivers/STM32L4xx_HAL_Driver/Src/stm32l4xx_hal_tim_ex.o
 .debug_line    0x000183b9     0x1267 ./Middlewares/Third_Party/FreeRTOS/Source/CMSIS_RTOS/cmsis_os.o
 .debug_line    0x00019620      0x797 ./Middlewares/Third_Party/FreeRTOS/Source/list.o
 .debug_line    0x00019db7     0x19d5 ./Middlewares/Third_Party/FreeRTOS/Source/tasks.o
 .debug_line    0x0001b78c      0x960 ./Middlewares/Third_Party/FreeRTOS/Source/portable/GCC/ARM_CM4F/port.o
 .debug_line    0x0001c0ec      0x9c2 ./Middlewares/Third_Party/FreeRTOS/Source/portable/MemMang/heap_4.o

.debug_str      0x00000000   0x11bbca
 .debug_str     0x00000000   0x108285 ./Core/Src/CAN.o
                             0x108777 (size before relaxing)
 .debug_str     0x00108285     0x1ec2 ./Core/Src/CAN_X_2025.o
                             0x10a5f3 (size before relaxing)
 .debug_str     0x0010a147     0x5d5e ./Core/Src/freertos.o
                             0x10e1ae (size before relaxing)
 .debug_str     0x0010fea5     0x35b6 ./Core/Src/main.o
                             0x11228e (size before relaxing)
 .debug_str     0x0011345b      0x372 ./Core/Src/stm32l4xx_hal_msp.o
                             0x1098b2 (size before relaxing)
 .debug_str     0x001137cd       0xf5 ./Core/Src/stm32l4xx_hal_timebase_tim.o
                             0x10908a (size before relaxing)
 .debug_str     0x001138c2       0xf4 ./Core/Src/stm32l4xx_it.o
                             0x108c9f (size before relaxing)
 .debug_str     0x001139b6       0x9e ./Core/Src/system_stm32l4xx.o
                             0x10856b (size before relaxing)
 .debug_str     0x00113a54       0x44 ./Core/Startup/startup_stm32l496vetx.o
                                 0x8f (size before relaxing)
 .debug_str     0x00113a98      0x5fc ./Drivers/STM32L4xx_HAL_Driver/Src/stm32l4xx_hal.o
                             0x109173 (size before relaxing)
 .debug_str     0x00114094      0xa83 ./Drivers/STM32L4xx_HAL_Driver/Src/stm32l4xx_hal_adc.o
                             0x1093ed (size before relaxing)
 .debug_str     0x00114b17      0x665 ./Drivers/STM32L4xx_HAL_Driver/Src/stm32l4xx_hal_adc_ex.o
                             0x109396 (size before relaxing)
 .debug_str     0x0011517c      0x448 ./Drivers/STM32L4xx_HAL_Driver/Src/stm32l4xx_hal_can.o
                             0x108bf4 (size before relaxing)
 .debug_str     0x001155c4      0x346 ./Drivers/STM32L4xx_HAL_Driver/Src/stm32l4xx_hal_cortex.o
                             0x108e46 (size before relaxing)
 .debug_str     0x0011590a      0x20a ./Drivers/STM32L4xx_HAL_Driver/Src/stm32l4xx_hal_dma.o
                             0x1087c8 (size before relaxing)
 .debug_str     0x00115b14      0x112 ./Drivers/STM32L4xx_HAL_Driver/Src/stm32l4xx_hal_gpio.o
                             0x1086e5 (size before relaxing)
 .debug_str     0x00115c26      0x4d4 ./Drivers/STM32L4xx_HAL_Driver/Src/stm32l4xx_hal_pwr_ex.o
                             0x108aba (size before relaxing)
 .debug_str     0x001160fa      0x376 ./Drivers/STM32L4xx_HAL_Driver/Src/stm32l4xx_hal_rcc.o
                             0x108bb8 (size before relaxing)
 .debug_str     0x00116470      0x59a ./Drivers/STM32L4xx_HAL_Driver/Src/stm32l4xx_hal_rcc_ex.o
                             0x108f53 (size before relaxing)
 .debug_str     0x00116a0a      0xdcf ./Drivers/STM32L4xx_HAL_Driver/Src/stm32l4xx_hal_tim.o
                             0x10989e (size before relaxing)
 .debug_str     0x001177d9      0x57f ./Drivers/STM32L4xx_HAL_Driver/Src/stm32l4xx_hal_tim_ex.o
                             0x1091b2 (size before relaxing)
 .debug_str     0x00117d58     0x2070 ./Middlewares/Third_Party/FreeRTOS/Source/CMSIS_RTOS/cmsis_os.o
                               0xec08 (size before relaxing)
 .debug_str     0x00119dc8      0x20f ./Middlewares/Third_Party/FreeRTOS/Source/list.o
                               0xab2a (size before relaxing)
 .debug_str     0x00119fd7     0x1143 ./Middlewares/Third_Party/FreeRTOS/Source/tasks.o
                               0xd1e4 (size before relaxing)
 .debug_str     0x0011b11a      0x783 ./Middlewares/Third_Party/FreeRTOS/Source/portable/GCC/ARM_CM4F/port.o
                               0xa2de (size before relaxing)
 .debug_str     0x0011b89d      0x32d ./Middlewares/Third_Party/FreeRTOS/Source/portable/MemMang/heap_4.o
                               0xb46c (size before relaxing)

.comment        0x00000000       0x43
 .comment       0x00000000       0x43 ./Core/Src/CAN.o
                                 0x44 (size before relaxing)
 .comment       0x00000043       0x44 ./Core/Src/CAN_X_2025.o
 .comment       0x00000043       0x44 ./Core/Src/freertos.o
 .comment       0x00000043       0x44 ./Core/Src/main.o
 .comment       0x00000043       0x44 ./Core/Src/stm32l4xx_hal_msp.o
 .comment       0x00000043       0x44 ./Core/Src/stm32l4xx_hal_timebase_tim.o
 .comment       0x00000043       0x44 ./Core/Src/stm32l4xx_it.o
 .comment       0x00000043       0x44 ./Core/Src/system_stm32l4xx.o
 .comment       0x00000043       0x44 ./Drivers/STM32L4xx_HAL_Driver/Src/stm32l4xx_hal.o
 .comment       0x00000043       0x44 ./Drivers/STM32L4xx_HAL_Driver/Src/stm32l4xx_hal_adc.o
 .comment       0x00000043       0x44 ./Drivers/STM32L4xx_HAL_Driver/Src/stm32l4xx_hal_adc_ex.o
 .comment       0x00000043       0x44 ./Drivers/STM32L4xx_HAL_Driver/Src/stm32l4xx_hal_can.o
 .comment       0x00000043       0x44 ./Drivers/STM32L4xx_HAL_Driver/Src/stm32l4xx_hal_cortex.o
 .comment       0x00000043       0x44 ./Drivers/STM32L4xx_HAL_Driver/Src/stm32l4xx_hal_dma.o
 .comment       0x00000043       0x44 ./Drivers/STM32L4xx_HAL_Driver/Src/stm32l4xx_hal_gpio.o
 .comment       0x00000043       0x44 ./Drivers/STM32L4xx_HAL_Driver/Src/stm32l4xx_hal_pwr_ex.o
 .comment       0x00000043       0x44 ./Drivers/STM32L4xx_HAL_Driver/Src/stm32l4xx_hal_rcc.o
 .comment       0x00000043       0x44 ./Drivers/STM32L4xx_HAL_Driver/Src/stm32l4xx_hal_rcc_ex.o
 .comment       0x00000043       0x44 ./Drivers/STM32L4xx_HAL_Driver/Src/stm32l4xx_hal_tim.o
 .comment       0x00000043       0x44 ./Drivers/STM32L4xx_HAL_Driver/Src/stm32l4xx_hal_tim_ex.o
 .comment       0x00000043       0x44 ./Middlewares/Third_Party/FreeRTOS/Source/CMSIS_RTOS/cmsis_os.o
 .comment       0x00000043       0x44 ./Middlewares/Third_Party/FreeRTOS/Source/list.o
 .comment       0x00000043       0x44 ./Middlewares/Third_Party/FreeRTOS/Source/tasks.o
 .comment       0x00000043       0x44 ./Middlewares/Third_Party/FreeRTOS/Source/portable/GCC/ARM_CM4F/port.o
 .comment       0x00000043       0x44 ./Middlewares/Third_Party/FreeRTOS/Source/portable/MemMang/heap_4.o

.debug_frame    0x00000000     0x736c
 .debug_frame   0x00000000       0x34 ./Core/Src/CAN.o
 .debug_frame   0x00000034      0xf44 ./Core/Src/CAN_X_2025.o
 .debug_frame   0x00000f78       0x38 ./Core/Src/freertos.o
 .debug_frame   0x00000fb0      0x1a8 ./Core/Src/main.o
 .debug_frame   0x00001158      0x118 ./Core/Src/stm32l4xx_hal_msp.o
 .debug_frame   0x00001270       0x74 ./Core/Src/stm32l4xx_hal_timebase_tim.o
 .debug_frame   0x000012e4       0xfc ./Core/Src/stm32l4xx_it.o
 .debug_frame   0x000013e0       0x58 ./Core/Src/system_stm32l4xx.o
 .debug_frame   0x00001438      0x498 ./Drivers/STM32L4xx_HAL_Driver/Src/stm32l4xx_hal.o
 .debug_frame   0x000018d0      0xa2c ./Drivers/STM32L4xx_HAL_Driver/Src/stm32l4xx_hal_adc.o
 .debug_frame   0x000022fc      0x7cc ./Drivers/STM32L4xx_HAL_Driver/Src/stm32l4xx_hal_adc_ex.o
 .debug_frame   0x00002ac8      0x5a0 ./Drivers/STM32L4xx_HAL_Driver/Src/stm32l4xx_hal_can.o
 .debug_frame   0x00003068      0x4e8 ./Drivers/STM32L4xx_HAL_Driver/Src/stm32l4xx_hal_cortex.o
 .debug_frame   0x00003550      0x204 ./Drivers/STM32L4xx_HAL_Driver/Src/stm32l4xx_hal_dma.o
 .debug_frame   0x00003754      0x14c ./Drivers/STM32L4xx_HAL_Driver/Src/stm32l4xx_hal_gpio.o
 .debug_frame   0x000038a0      0x544 ./Drivers/STM32L4xx_HAL_Driver/Src/stm32l4xx_hal_pwr_ex.o
 .debug_frame   0x00003de4      0x21c ./Drivers/STM32L4xx_HAL_Driver/Src/stm32l4xx_hal_rcc.o
 .debug_frame   0x00004000      0x43c ./Drivers/STM32L4xx_HAL_Driver/Src/stm32l4xx_hal_rcc_ex.o
 .debug_frame   0x0000443c     0x121c ./Drivers/STM32L4xx_HAL_Driver/Src/stm32l4xx_hal_tim.o
 .debug_frame   0x00005658      0x6b0 ./Drivers/STM32L4xx_HAL_Driver/Src/stm32l4xx_hal_tim_ex.o
 .debug_frame   0x00005d08      0x80c ./Middlewares/Third_Party/FreeRTOS/Source/CMSIS_RTOS/cmsis_os.o
 .debug_frame   0x00006514       0xd8 ./Middlewares/Third_Party/FreeRTOS/Source/list.o
 .debug_frame   0x000065ec      0x77c ./Middlewares/Third_Party/FreeRTOS/Source/tasks.o
 .debug_frame   0x00006d68      0x1a8 ./Middlewares/Third_Party/FreeRTOS/Source/portable/GCC/ARM_CM4F/port.o
 .debug_frame   0x00006f10      0x12c ./Middlewares/Third_Party/FreeRTOS/Source/portable/MemMang/heap_4.o