../Core/Src/ILI9488/lib/mainDash_lib.c:21:6:HAL_SPI_TxCpltCallback	16	static
../Core/Src/ILI9488/lib/mainDash_lib.c:27:13:ILI9488_SendCommand	16	static
../Core/Src/ILI9488/lib/mainDash_lib.c:35:13:ILI9488_SendData	16	static
../Core/Src/ILI9488/lib/mainDash_lib.c:43:13:ILI9488_Reset	8	static
../Core/Src/ILI9488/lib/mainDash_lib.c:51:6:ILI9488_Init	8	static
../Core/Src/ILI9488/lib/mainDash_lib.c:69:13:ILI9488_SetWindow	24	static
../Core/Src/ILI9488/lib/mainDash_lib.c:86:6:ILI9488_DrawPixel	24	static
../Core/Src/ILI9488/lib/mainDash_lib.c:109:6:ILI9488_FillScreen_DMA	32	static
../Core/Src/ILI9488/lib/mainDash_lib.c:140:6:ILI9488_Square	40	static
../Core/Src/ILI9488/lib/mainDash_lib.c:170:6:ILI9488_DrawBitmapRGB565	40	static
../Core/Src/ILI9488/lib/mainDash_lib.c:201:6:ILI9488_DrawChar	152	static
../Core/Src/ILI9488/lib/mainDash_lib.c:232:6:ILI9488_DrawString	32	static
