../Core/Src/main.c:94:5:main	112	static
../Core/Src/main.c:195:6:SystemClock_Config	96	static
../Core/Src/main.c:246:13:MX_CAN1_Init	8	static
../Core/Src/main.c:283:13:MX_SPI3_Init	8	static
../Core/Src/main.c:321:13:MX_DMA_Init	16	static
../Core/Src/main.c:339:13:MX_GPIO_Init	48	static
../Core/Src/main.c:429:6:HAL_CAN_RxFifo0MsgPendingCallback	16	static
../Core/Src/main.c:479:6:StartCAN	56	static
../Core/Src/main.c:520:6:StartButtons	16	static
../Core/Src/main.c:550:6:StartDisplay	16	static
../Core/Src/main.c:570:6:HAL_TIM_PeriodElapsedCallback	16	static
../Core/Src/main.c:588:6:Error_Handler	4	static,ignoring_inline_asm
