../Core/Src/main.c:92:5:main	112	static
../Core/Src/main.c:194:6:SystemClock_Config	96	static
../Core/Src/main.c:245:13:MX_CAN1_Init	8	static
../Core/Src/main.c:282:13:MX_SPI3_Init	8	static
../Core/Src/main.c:320:13:MX_DMA_Init	16	static
../Core/Src/main.c:338:13:MX_GPIO_Init	48	static
../Core/Src/main.c:428:6:HAL_CAN_RxFifo0MsgPendingCallback	16	static
../Core/Src/main.c:478:6:StartCAN	56	static
../Core/Src/main.c:519:6:StartButtons	16	static
../Core/Src/main.c:549:6:StartDisplay	16	static
../Core/Src/main.c:569:6:HAL_TIM_PeriodElapsedCallback	16	static
../Core/Src/main.c:587:6:Error_Handler	4	static,ignoring_inline_asm
