../Core/Src/main.c:94:5:main	1
../Core/Src/main.c:196:6:SystemClock_Config	4
../Core/Src/main.c:247:13:MX_CAN1_Init	2
../Core/Src/main.c:284:13:MX_SPI3_Init	2
../Core/Src/main.c:322:13:MX_DMA_Init	1
../Core/Src/main.c:340:13:MX_GPIO_Init	1
../Core/Src/main.c:430:6:HAL_CAN_RxFifo0MsgPendingCallback	12
../Core/Src/main.c:480:6:StartCAN	9
../Core/Src/main.c:521:6:StartButtons	1
../Core/Src/main.c:551:6:StartDisplay	1
../Core/Src/main.c:571:6:HAL_TIM_PeriodElapsedCallback	2
../Core/Src/main.c:589:6:Error_Handler	1
