../Drivers/CMSIS/Include/core_cm4.h:1933:34:__NVIC_SystemReset	4	static,ignoring_inline_asm
../Core/Src/CAN/CAN_X_2025.c:236:6:message_cantx_VECTOR__INDEPENDENT_SIG_MSG	8	static
../Core/Src/CAN/CAN_X_2025.c:285:6:message_cantx_PROC_ETAS_VDC_Pressure	8	static
../Core/Src/CAN/CAN_X_2025.c:302:6:message_cantx_CAB300	8	static
../Core/Src/CAN/CAN_X_2025.c:319:6:message_cantx_PROC_ETAS_Warning	8	static
../Core/Src/CAN/CAN_X_2025.c:336:6:message_cantx_TEL_ETAS_Accu	8	static
../Core/Src/CAN/CAN_X_2025.c:355:6:message_cantx_TEL_ETAS_Info	8	static
../Core/Src/CAN/CAN_X_2025.c:371:6:message_cantx_TEL_ETAS_Temps	8	static
../Core/Src/CAN/CAN_X_2025.c:395:6:message_cantx_NM_BMS_Charger_Keep_Alive	8	static
../Core/Src/CAN/CAN_X_2025.c:409:6:message_cantx_STAT_BMS_SFR	8	static
../Core/Src/CAN/CAN_X_2025.c:437:6:message_cantx_CHARGER_Battery_Current	8	static
../Core/Src/CAN/CAN_X_2025.c:453:6:message_cantx_STAT_CHARGER_Battery_Temp	8	static
../Core/Src/CAN/CAN_X_2025.c:472:6:message_cantx_STAT_CHARGER_Battery_Voltages	8	static
../Core/Src/CAN/CAN_X_2025.c:492:6:message_cantx_STAT_CHARGER_PrechargeOK	8	static
../Core/Src/CAN/CAN_X_2025.c:506:6:message_cantx_STAT_BMS_AIRs_State	8	static
../Core/Src/CAN/CAN_X_2025.c:520:6:message_cantx_CTRL_CHARGER_AIRs_Request	8	static
../Core/Src/CAN/CAN_X_2025.c:534:6:message_cantx_STAT_CHARGER_Sync	8	static
../Core/Src/CAN/CAN_X_2025.c:548:6:message_cantx_PROC_ETAS_VDC_Params	8	static
../Core/Src/CAN/CAN_X_2025.c:578:6:message_cantx_PROC_ETAS_VDC_LapTiming	8	static
../Core/Src/CAN/CAN_X_2025.c:601:6:message_cantx_CTRL_BMS_Accu_Data	8	static
../Core/Src/CAN/CAN_X_2025.c:626:6:message_cantx_CTRL_BMS_Cell_Extremes	8	static
../Core/Src/CAN/CAN_X_2025.c:647:6:message_cantx_STAT_DASH_Keep_Alive	8	static
../Core/Src/CAN/CAN_X_2025.c:667:6:message_cantx_STAT_BMS_Keep_Alive	8	static
../Core/Src/CAN/CAN_X_2025.c:689:6:message_cantx_PROC_ETAS_TS_Data	8	static
../Core/Src/CAN/CAN_X_2025.c:713:6:message_cantx_PROC_ELLIPSE_Auto	8	static
../Core/Src/CAN/CAN_X_2025.c:738:6:message_cantx_CTRL_ELLIPSE_GPS_Vel	8	static
../Core/Src/CAN/CAN_X_2025.c:760:6:message_cantx_STAT_ETAS_Diagnostics	8	static
../Core/Src/CAN/CAN_X_2025.c:801:6:message_cantx_PROC_ETAS_VDC_Values	8	static
../Core/Src/CAN/CAN_X_2025.c:825:6:message_cantx_CTRL_DASH_Driver_Inputs	8	static
../Core/Src/CAN/CAN_X_2025.c:851:6:message_cantx_CTRL_ETAS_System	8	static
../Core/Src/CAN/CAN_X_2025.c:868:6:message_cantx_PROC_ELLIPSE_EKF_Pos	8	static
../Core/Src/CAN/CAN_X_2025.c:881:6:message_cantx_PROC_ELLIPSE_IMU_Accel	8	static
../Core/Src/CAN/CAN_X_2025.c:903:6:message_cantx_PROC_ELLIPSE_EKF_Euler	8	static
../Core/Src/CAN/CAN_X_2025.c:925:6:message_cantx_CTRL_ELLIPSE_EKF_Vel	8	static
../Core/Src/CAN/CAN_X_2025.c:947:6:message_cantx_STAT_ELLIPSE_Status	8	static
../Core/Src/CAN/CAN_X_2025.c:960:6:message_cantx_PROC_ELLIPSE_IMU_Gyro	8	static
../Core/Src/CAN/CAN_X_2025.c:982:6:message_cantx_CTRL_ELLIPSE_Vel_Valid	8	static
../Core/Src/CAN/CAN_X_2025.c:999:6:message_cantx_PROC_ETAS_Inverter_R_Data	8	static
../Core/Src/CAN/CAN_X_2025.c:1020:6:message_cantx_PROC_ETAS_Inverter_L_Data	8	static
../Core/Src/CAN/CAN_X_2025.c:1041:6:message_cantx_PROC_ETAS_VDC_Suspe	8	static
../Core/Src/CAN/CAN_X_2025.c:1064:6:message_cantx_PROC_ETAS_VDC_Tq	8	static
../Core/Src/CAN/CAN_X_2025.c:1083:6:message_cantx_RAW_RECU_Data	8	static
../Core/Src/CAN/CAN_X_2025.c:1100:6:message_cantx_STAT_FECU_Keep_Alive	8	static
../Core/Src/CAN/CAN_X_2025.c:1124:6:message_cantx_STAT_RECU_Keep_Alive	8	static
../Core/Src/CAN/CAN_X_2025.c:1151:6:message_cantx_RAW_FECU_Data2	8	static
../Core/Src/CAN/CAN_X_2025.c:1174:6:message_cantx_RAW_FECU_Data1	8	static
../Core/Src/CAN/CAN_X_2025.c:1195:6:message_cantx_STAT_ETAS_Sync	8	static
../Core/Src/CAN/CAN_X_2025.c:1211:6:message_canrx_VECTOR__INDEPENDENT_SIG_MSG	16	static
../Core/Src/CAN/CAN_X_2025.c:1229:6:message_canrx_PROC_ETAS_VDC_Pressure	16	static
../Core/Src/CAN/CAN_X_2025.c:1234:6:message_canrx_CAB300	16	static
../Core/Src/CAN/CAN_X_2025.c:1238:6:message_canrx_PROC_ETAS_Warning	16	static
../Core/Src/CAN/CAN_X_2025.c:1245:6:message_canrx_TEL_ETAS_Accu	16	static
../Core/Src/CAN/CAN_X_2025.c:1251:6:message_canrx_TEL_ETAS_Info	16	static
../Core/Src/CAN/CAN_X_2025.c:1257:6:message_canrx_TEL_ETAS_Temps	16	static
../Core/Src/CAN/CAN_X_2025.c:1265:6:message_canrx_NM_BMS_Charger_Keep_Alive	16	static
../Core/Src/CAN/CAN_X_2025.c:1269:6:message_canrx_STAT_BMS_SFR	16	static
../Core/Src/CAN/CAN_X_2025.c:1287:6:message_canrx_CHARGER_Battery_Current	16	static
../Core/Src/CAN/CAN_X_2025.c:1291:6:message_canrx_STAT_CHARGER_Battery_Temp	16	static
../Core/Src/CAN/CAN_X_2025.c:1297:6:message_canrx_STAT_CHARGER_Battery_Voltages	16	static
../Core/Src/CAN/CAN_X_2025.c:1303:6:message_canrx_STAT_CHARGER_PrechargeOK	16	static
../Core/Src/CAN/CAN_X_2025.c:1307:6:message_canrx_STAT_BMS_AIRs_State	16	static
../Core/Src/CAN/CAN_X_2025.c:1311:6:message_canrx_CTRL_CHARGER_AIRs_Request	16	static
../Core/Src/CAN/CAN_X_2025.c:1315:6:message_canrx_STAT_CHARGER_Sync	16	static
../Core/Src/CAN/CAN_X_2025.c:1319:6:message_canrx_PROC_ETAS_VDC_Params	16	static
../Core/Src/CAN/CAN_X_2025.c:1334:6:message_canrx_PROC_ETAS_VDC_LapTiming	16	static
../Core/Src/CAN/CAN_X_2025.c:1343:6:message_canrx_CTRL_BMS_Accu_Data	16	static
../Core/Src/CAN/CAN_X_2025.c:1353:6:message_canrx_CTRL_BMS_Cell_Extremes	16	static
../Core/Src/CAN/CAN_X_2025.c:1360:6:message_canrx_STAT_DASH_Keep_Alive	16	static
../Core/Src/CAN/CAN_X_2025.c:1367:6:message_canrx_STAT_BMS_Keep_Alive	16	static
../Core/Src/CAN/CAN_X_2025.c:1376:6:message_canrx_PROC_ETAS_TS_Data	16	static
../Core/Src/CAN/CAN_X_2025.c:1384:6:message_canrx_PROC_ELLIPSE_Auto	16	static
../Core/Src/CAN/CAN_X_2025.c:1393:6:message_canrx_CTRL_ELLIPSE_GPS_Vel	16	static
../Core/Src/CAN/CAN_X_2025.c:1399:6:message_canrx_STAT_ETAS_Diagnostics	16	static
../Core/Src/CAN/CAN_X_2025.c:1430:6:message_canrx_PROC_ETAS_VDC_Values	16	static
../Core/Src/CAN/CAN_X_2025.c:1439:6:message_canrx_CTRL_DASH_Driver_Inputs	16	static
../Core/Src/CAN/CAN_X_2025.c:1455:6:message_canrx_CTRL_ETAS_System	16	static
../Core/Src/CAN/CAN_X_2025.c:1462:6:message_canrx_PROC_ELLIPSE_EKF_Pos	16	static
../Core/Src/CAN/CAN_X_2025.c:1465:6:message_canrx_PROC_ELLIPSE_IMU_Accel	16	static
../Core/Src/CAN/CAN_X_2025.c:1471:6:message_canrx_PROC_ELLIPSE_EKF_Euler	16	static
../Core/Src/CAN/CAN_X_2025.c:1477:6:message_canrx_CTRL_ELLIPSE_EKF_Vel	16	static
../Core/Src/CAN/CAN_X_2025.c:1483:6:message_canrx_STAT_ELLIPSE_Status	16	static
../Core/Src/CAN/CAN_X_2025.c:1486:6:message_canrx_PROC_ELLIPSE_IMU_Gyro	16	static
../Core/Src/CAN/CAN_X_2025.c:1492:6:message_canrx_CTRL_ELLIPSE_Vel_Valid	16	static
../Core/Src/CAN/CAN_X_2025.c:1498:6:message_canrx_PROC_ETAS_Inverter_R_Data	16	static
../Core/Src/CAN/CAN_X_2025.c:1505:6:message_canrx_PROC_ETAS_Inverter_L_Data	16	static
../Core/Src/CAN/CAN_X_2025.c:1512:6:message_canrx_PROC_ETAS_VDC_Suspe	16	static
../Core/Src/CAN/CAN_X_2025.c:1519:6:message_canrx_PROC_ETAS_VDC_Tq	16	static
../Core/Src/CAN/CAN_X_2025.c:1525:6:message_canrx_RAW_RECU_Data	16	static
../Core/Src/CAN/CAN_X_2025.c:1530:6:message_canrx_STAT_FECU_Keep_Alive	16	static
../Core/Src/CAN/CAN_X_2025.c:1540:6:message_canrx_STAT_RECU_Keep_Alive	16	static
../Core/Src/CAN/CAN_X_2025.c:1552:6:message_canrx_RAW_FECU_Data2	16	static
../Core/Src/CAN/CAN_X_2025.c:1560:6:message_canrx_RAW_FECU_Data1	16	static
../Core/Src/CAN/CAN_X_2025.c:1567:6:message_canrx_STAT_ETAS_Sync	16	static
../Core/Src/CAN/CAN_X_2025.c:1571:6:error_handle	8	static
