../Core/Src/CAN/CAN_X_2025.c:203:6:message_cantx_VECTOR__INDEPENDENT_SIG_MSG	8	static
../Core/Src/CAN/CAN_X_2025.c:234:6:message_cantx_NM_BMS_Charger_Keep_Alive	8	static
../Core/Src/CAN/CAN_X_2025.c:244:6:message_cantx_STAT_BMS_SFR	8	static
../Core/Src/CAN/CAN_X_2025.c:267:6:message_cantx_CHARGER_Battery_Current	8	static
../Core/Src/CAN/CAN_X_2025.c:279:6:message_cantx_STAT_CHARGER_Battery_Temp	8	static
../Core/Src/CAN/CAN_X_2025.c:294:6:message_cantx_STAT_CHARGER_Battery_Voltages	8	static
../Core/Src/CAN/CAN_X_2025.c:310:6:message_cantx_STAT_CHARGER_PrechargeOK	8	static
../Core/Src/CAN/CAN_X_2025.c:320:6:message_cantx_STAT_BMS_AIRs_State	8	static
../Core/Src/CAN/CAN_X_2025.c:330:6:message_cantx_CTRL_CHARGER_AIRs_Request	8	static
../Core/Src/CAN/CAN_X_2025.c:340:6:message_cantx_STAT_CHARGER_Sync	8	static
../Core/Src/CAN/CAN_X_2025.c:350:6:message_cantx_PROC_ETAS_VDC_Params	8	static
../Core/Src/CAN/CAN_X_2025.c:371:6:message_cantx_PROC_ETAS_VDC_LapTiming	8	static
../Core/Src/CAN/CAN_X_2025.c:386:6:message_cantx_CTRL_BMS_Accu_Data	8	static
../Core/Src/CAN/CAN_X_2025.c:407:6:message_cantx_CTRL_BMS_Cell_Extremes	8	static
../Core/Src/CAN/CAN_X_2025.c:424:6:message_cantx_STAT_DASH_Keep_Alive	8	static
../Core/Src/CAN/CAN_X_2025.c:440:6:message_cantx_STAT_BMS_Keep_Alive	8	static
../Core/Src/CAN/CAN_X_2025.c:458:6:message_cantx_PROC_ETAS_TS_Data	8	static
../Core/Src/CAN/CAN_X_2025.c:478:6:message_cantx_PROC_ELLIPSE_Auto	8	static
../Core/Src/CAN/CAN_X_2025.c:499:6:message_cantx_CTRL_ELLIPSE_GPS_Vel	8	static
../Core/Src/CAN/CAN_X_2025.c:517:6:message_cantx_STAT_ETAS_Diagnostics	8	static
../Core/Src/CAN/CAN_X_2025.c:554:6:message_cantx_PROC_ETAS_VDC_Values	8	static
../Core/Src/CAN/CAN_X_2025.c:574:6:message_cantx_CTRL_DASH_Driver_Inputs	8	static
../Core/Src/CAN/CAN_X_2025.c:596:6:message_cantx_CTRL_ETAS_System	8	static
../Core/Src/CAN/CAN_X_2025.c:609:6:message_cantx_PROC_ELLIPSE_EKF_Pos	8	static
../Core/Src/CAN/CAN_X_2025.c:618:6:message_cantx_PROC_ELLIPSE_IMU_Accel	8	static
../Core/Src/CAN/CAN_X_2025.c:636:6:message_cantx_PROC_ELLIPSE_EKF_Euler	8	static
../Core/Src/CAN/CAN_X_2025.c:654:6:message_cantx_CTRL_ELLIPSE_EKF_Vel	8	static
../Core/Src/CAN/CAN_X_2025.c:672:6:message_cantx_STAT_ELLIPSE_Status	8	static
../Core/Src/CAN/CAN_X_2025.c:681:6:message_cantx_PROC_ELLIPSE_IMU_Gyro	8	static
../Core/Src/CAN/CAN_X_2025.c:699:6:message_cantx_CTRL_ELLIPSE_Vel_Valid	8	static
../Core/Src/CAN/CAN_X_2025.c:712:6:message_cantx_PROC_ETAS_Inverter_R_Data	8	static
../Core/Src/CAN/CAN_X_2025.c:729:6:message_cantx_PROC_ETAS_Inverter_L_Data	8	static
../Core/Src/CAN/CAN_X_2025.c:746:6:message_cantx_PROC_ETAS_VDC_Suspe	8	static
../Core/Src/CAN/CAN_X_2025.c:765:6:message_cantx_PROC_ETAS_VDC_Tq	8	static
../Core/Src/CAN/CAN_X_2025.c:780:6:message_cantx_RAW_RECU_Data	8	static
../Core/Src/CAN/CAN_X_2025.c:793:6:message_cantx_STAT_FECU_Keep_Alive	8	static
../Core/Src/CAN/CAN_X_2025.c:813:6:message_cantx_STAT_RECU_Keep_Alive	8	static
../Core/Src/CAN/CAN_X_2025.c:836:6:message_cantx_RAW_FECU_Data2	8	static
../Core/Src/CAN/CAN_X_2025.c:855:6:message_cantx_RAW_FECU_Data1	8	static
../Core/Src/CAN/CAN_X_2025.c:872:6:message_cantx_STAT_ETAS_Sync	8	static
../Core/Src/CAN/CAN_X_2025.c:884:6:message_canrx_VECTOR__INDEPENDENT_SIG_MSG	16	static
../Core/Src/CAN/CAN_X_2025.c:897:6:message_canrx_NM_BMS_Charger_Keep_Alive	16	static
../Core/Src/CAN/CAN_X_2025.c:901:6:message_canrx_STAT_BMS_SFR	16	static
../Core/Src/CAN/CAN_X_2025.c:918:6:message_canrx_CHARGER_Battery_Current	16	static
../Core/Src/CAN/CAN_X_2025.c:922:6:message_canrx_STAT_CHARGER_Battery_Temp	16	static
../Core/Src/CAN/CAN_X_2025.c:928:6:message_canrx_STAT_CHARGER_Battery_Voltages	16	static
../Core/Src/CAN/CAN_X_2025.c:934:6:message_canrx_STAT_CHARGER_PrechargeOK	16	static
../Core/Src/CAN/CAN_X_2025.c:938:6:message_canrx_STAT_BMS_AIRs_State	16	static
../Core/Src/CAN/CAN_X_2025.c:942:6:message_canrx_CTRL_CHARGER_AIRs_Request	16	static
../Core/Src/CAN/CAN_X_2025.c:946:6:message_canrx_STAT_CHARGER_Sync	16	static
../Core/Src/CAN/CAN_X_2025.c:950:6:message_canrx_PROC_ETAS_VDC_Params	16	static
../Core/Src/CAN/CAN_X_2025.c:960:6:message_canrx_PROC_ETAS_VDC_LapTiming	16	static
../Core/Src/CAN/CAN_X_2025.c:966:6:message_canrx_CTRL_BMS_Accu_Data	16	static
../Core/Src/CAN/CAN_X_2025.c:976:6:message_canrx_CTRL_BMS_Cell_Extremes	16	static
../Core/Src/CAN/CAN_X_2025.c:983:6:message_canrx_STAT_DASH_Keep_Alive	16	static
../Core/Src/CAN/CAN_X_2025.c:990:6:message_canrx_STAT_BMS_Keep_Alive	16	static
../Core/Src/CAN/CAN_X_2025.c:999:6:message_canrx_PROC_ETAS_TS_Data	16	static
../Core/Src/CAN/CAN_X_2025.c:1007:6:message_canrx_PROC_ELLIPSE_Auto	16	static
../Core/Src/CAN/CAN_X_2025.c:1016:6:message_canrx_CTRL_ELLIPSE_GPS_Vel	16	static
../Core/Src/CAN/CAN_X_2025.c:1022:6:message_canrx_STAT_ETAS_Diagnostics	16	static
../Core/Src/CAN/CAN_X_2025.c:1053:6:message_canrx_PROC_ETAS_VDC_Values	16	static
../Core/Src/CAN/CAN_X_2025.c:1062:6:message_canrx_CTRL_DASH_Driver_Inputs	16	static
../Core/Src/CAN/CAN_X_2025.c:1078:6:message_canrx_CTRL_ETAS_System	16	static
../Core/Src/CAN/CAN_X_2025.c:1085:6:message_canrx_PROC_ELLIPSE_EKF_Pos	16	static
../Core/Src/CAN/CAN_X_2025.c:1088:6:message_canrx_PROC_ELLIPSE_IMU_Accel	16	static
../Core/Src/CAN/CAN_X_2025.c:1094:6:message_canrx_PROC_ELLIPSE_EKF_Euler	16	static
../Core/Src/CAN/CAN_X_2025.c:1100:6:message_canrx_CTRL_ELLIPSE_EKF_Vel	16	static
../Core/Src/CAN/CAN_X_2025.c:1106:6:message_canrx_STAT_ELLIPSE_Status	16	static
../Core/Src/CAN/CAN_X_2025.c:1109:6:message_canrx_PROC_ELLIPSE_IMU_Gyro	16	static
../Core/Src/CAN/CAN_X_2025.c:1115:6:message_canrx_CTRL_ELLIPSE_Vel_Valid	16	static
../Core/Src/CAN/CAN_X_2025.c:1121:6:message_canrx_PROC_ETAS_Inverter_R_Data	16	static
../Core/Src/CAN/CAN_X_2025.c:1128:6:message_canrx_PROC_ETAS_Inverter_L_Data	16	static
../Core/Src/CAN/CAN_X_2025.c:1135:6:message_canrx_PROC_ETAS_VDC_Suspe	16	static
../Core/Src/CAN/CAN_X_2025.c:1142:6:message_canrx_PROC_ETAS_VDC_Tq	16	static
../Core/Src/CAN/CAN_X_2025.c:1148:6:message_canrx_RAW_RECU_Data	16	static
../Core/Src/CAN/CAN_X_2025.c:1153:6:message_canrx_STAT_FECU_Keep_Alive	16	static
../Core/Src/CAN/CAN_X_2025.c:1163:6:message_canrx_STAT_RECU_Keep_Alive	16	static
../Core/Src/CAN/CAN_X_2025.c:1175:6:message_canrx_RAW_FECU_Data2	16	static
../Core/Src/CAN/CAN_X_2025.c:1183:6:message_canrx_RAW_FECU_Data1	16	static
../Core/Src/CAN/CAN_X_2025.c:1190:6:message_canrx_STAT_ETAS_Sync	16	static
