Archive member included to satisfy reference by file (symbol)

C:/ST/STM32CubeIDE_1.16.0/STM32CubeIDE/plugins/com.st.stm32cube.ide.mcu.externaltools.gnu-tools-for-stm32.13.3.rel1.win32_1.0.0.202411081344/tools/bin/../lib/gcc/arm-none-eabi/13.3.1/../../../../arm-none-eabi/lib/thumb/v7e-m+fp/hard\libc_nano.a(libc_a-exit.o)
                              C:/ST/STM32CubeIDE_1.16.0/STM32CubeIDE/plugins/com.st.stm32cube.ide.mcu.externaltools.gnu-tools-for-stm32.13.3.rel1.win32_1.0.0.202411081344/tools/bin/../lib/gcc/arm-none-eabi/13.3.1/../../../../arm-none-eabi/lib/thumb/v7e-m+fp/hard/crt0.o (exit)
C:/ST/STM32CubeIDE_1.16.0/STM32CubeIDE/plugins/com.st.stm32cube.ide.mcu.externaltools.gnu-tools-for-stm32.13.3.rel1.win32_1.0.0.202411081344/tools/bin/../lib/gcc/arm-none-eabi/13.3.1/../../../../arm-none-eabi/lib/thumb/v7e-m+fp/hard\libc_nano.a(libc_a-findfp.o)
                              ./Middlewares/Third_Party/FreeRTOS/Source/tasks.o (__sf)
C:/ST/STM32CubeIDE_1.16.0/STM32CubeIDE/plugins/com.st.stm32cube.ide.mcu.externaltools.gnu-tools-for-stm32.13.3.rel1.win32_1.0.0.202411081344/tools/bin/../lib/gcc/arm-none-eabi/13.3.1/../../../../arm-none-eabi/lib/thumb/v7e-m+fp/hard\libc_nano.a(libc_a-fwalk.o)
                              C:/ST/STM32CubeIDE_1.16.0/STM32CubeIDE/plugins/com.st.stm32cube.ide.mcu.externaltools.gnu-tools-for-stm32.13.3.rel1.win32_1.0.0.202411081344/tools/bin/../lib/gcc/arm-none-eabi/13.3.1/../../../../arm-none-eabi/lib/thumb/v7e-m+fp/hard\libc_nano.a(libc_a-findfp.o) (_fwalk_sglue)
C:/ST/STM32CubeIDE_1.16.0/STM32CubeIDE/plugins/com.st.stm32cube.ide.mcu.externaltools.gnu-tools-for-stm32.13.3.rel1.win32_1.0.0.202411081344/tools/bin/../lib/gcc/arm-none-eabi/13.3.1/../../../../arm-none-eabi/lib/thumb/v7e-m+fp/hard\libc_nano.a(libc_a-stdio.o)
                              C:/ST/STM32CubeIDE_1.16.0/STM32CubeIDE/plugins/com.st.stm32cube.ide.mcu.externaltools.gnu-tools-for-stm32.13.3.rel1.win32_1.0.0.202411081344/tools/bin/../lib/gcc/arm-none-eabi/13.3.1/../../../../arm-none-eabi/lib/thumb/v7e-m+fp/hard\libc_nano.a(libc_a-findfp.o) (__sread)
C:/ST/STM32CubeIDE_1.16.0/STM32CubeIDE/plugins/com.st.stm32cube.ide.mcu.externaltools.gnu-tools-for-stm32.13.3.rel1.win32_1.0.0.202411081344/tools/bin/../lib/gcc/arm-none-eabi/13.3.1/../../../../arm-none-eabi/lib/thumb/v7e-m+fp/hard\libc_nano.a(libc_a-memset.o)
                              C:/ST/STM32CubeIDE_1.16.0/STM32CubeIDE/plugins/com.st.stm32cube.ide.mcu.externaltools.gnu-tools-for-stm32.13.3.rel1.win32_1.0.0.202411081344/tools/bin/../lib/gcc/arm-none-eabi/13.3.1/../../../../arm-none-eabi/lib/thumb/v7e-m+fp/hard/crt0.o (memset)
C:/ST/STM32CubeIDE_1.16.0/STM32CubeIDE/plugins/com.st.stm32cube.ide.mcu.externaltools.gnu-tools-for-stm32.13.3.rel1.win32_1.0.0.202411081344/tools/bin/../lib/gcc/arm-none-eabi/13.3.1/../../../../arm-none-eabi/lib/thumb/v7e-m+fp/hard\libc_nano.a(libc_a-closer.o)
                              C:/ST/STM32CubeIDE_1.16.0/STM32CubeIDE/plugins/com.st.stm32cube.ide.mcu.externaltools.gnu-tools-for-stm32.13.3.rel1.win32_1.0.0.202411081344/tools/bin/../lib/gcc/arm-none-eabi/13.3.1/../../../../arm-none-eabi/lib/thumb/v7e-m+fp/hard\libc_nano.a(libc_a-stdio.o) (_close_r)
C:/ST/STM32CubeIDE_1.16.0/STM32CubeIDE/plugins/com.st.stm32cube.ide.mcu.externaltools.gnu-tools-for-stm32.13.3.rel1.win32_1.0.0.202411081344/tools/bin/../lib/gcc/arm-none-eabi/13.3.1/../../../../arm-none-eabi/lib/thumb/v7e-m+fp/hard\libc_nano.a(libc_a-reent.o)
                              ./Middlewares/Third_Party/FreeRTOS/Source/tasks.o (_reclaim_reent)
C:/ST/STM32CubeIDE_1.16.0/STM32CubeIDE/plugins/com.st.stm32cube.ide.mcu.externaltools.gnu-tools-for-stm32.13.3.rel1.win32_1.0.0.202411081344/tools/bin/../lib/gcc/arm-none-eabi/13.3.1/../../../../arm-none-eabi/lib/thumb/v7e-m+fp/hard\libc_nano.a(libc_a-impure.o)
                              ./Middlewares/Third_Party/FreeRTOS/Source/tasks.o (_impure_ptr)
C:/ST/STM32CubeIDE_1.16.0/STM32CubeIDE/plugins/com.st.stm32cube.ide.mcu.externaltools.gnu-tools-for-stm32.13.3.rel1.win32_1.0.0.202411081344/tools/bin/../lib/gcc/arm-none-eabi/13.3.1/../../../../arm-none-eabi/lib/thumb/v7e-m+fp/hard\libc_nano.a(libc_a-lseekr.o)
                              C:/ST/STM32CubeIDE_1.16.0/STM32CubeIDE/plugins/com.st.stm32cube.ide.mcu.externaltools.gnu-tools-for-stm32.13.3.rel1.win32_1.0.0.202411081344/tools/bin/../lib/gcc/arm-none-eabi/13.3.1/../../../../arm-none-eabi/lib/thumb/v7e-m+fp/hard\libc_nano.a(libc_a-stdio.o) (_lseek_r)
C:/ST/STM32CubeIDE_1.16.0/STM32CubeIDE/plugins/com.st.stm32cube.ide.mcu.externaltools.gnu-tools-for-stm32.13.3.rel1.win32_1.0.0.202411081344/tools/bin/../lib/gcc/arm-none-eabi/13.3.1/../../../../arm-none-eabi/lib/thumb/v7e-m+fp/hard\libc_nano.a(libc_a-readr.o)
[...]
Memory Configuration

Name             Origin             Length             Attributes
RAM              0x20000000         0x00040000         xrw
RAM2             0x10000000         0x00010000         xrw
FLASH            0x08000000         0x00080000         xr
*default*        0x00000000         0xffffffff

Linker script and memory map

LOAD C:/ST/STM32CubeIDE_1.16.0/STM32CubeIDE/plugins/com.st.stm32cube.ide.mcu.externaltools.gnu-tools-for-stm32.13.3.rel1.win32_1.0.0.202411081344/tools/bin/../lib/gcc/arm-none-eabi/13.3.1/thumb/v7e-m+fp/hard/crti.o
LOAD C:/ST/STM32CubeIDE_1.16.0/STM32CubeIDE/plugins/com.st.stm32cube.ide.mcu.externaltools.gnu-tools-for-stm32.13.3.rel1.win32_1.0.0.202411081344/tools/bin/../lib/gcc/arm-none-eabi/13.3.1/thumb/v7e-m+fp/hard/crtbegin.o
LOAD C:/ST/STM32CubeIDE_1.16.0/STM32CubeIDE/plugins/com.st.stm32cube.ide.mcu.externaltools.gnu-tools-for-stm32.13.3.rel1.win32_1.0.0.202411081344/tools/bin/../lib/gcc/arm-none-eabi/13.3.1/../../../../arm-none-eabi/lib/thumb/v7e-m+fp/hard/crt0.o
LOAD ./Core/Src/CAN/CAN.o
LOAD ./Core/Src/CAN/CAN_X_2025.o
LOAD ./Core/Src/DASH/buttons.o
LOAD ./Core/Src/DASH/etr_carstate.o
LOAD ./Core/Src/DASH/etr_screens.o
LOAD ./Core/Src/FONTS/font12.o
LOAD ./Core/Src/FONTS/font16.o
LOAD ./Core/Src/FONTS/font20.o
LOAD ./Core/Src/FONTS/font24.o
LOAD ./Core/Src/FONTS/font50.o
LOAD ./Core/Src/FONTS/font8.o
LOAD ./Core/Src/LCD/ili9488.o
LOAD ./Core/Src/LCD/lcd_io_spi.o
LOAD ./Core/Src/LCD/stm32_adafruit_lcd.o
LOAD ./Core/Src/freertos.o
LOAD ./Core/Src/main.o
LOAD ./Core/Src/stm32l4xx_hal_msp.o
LOAD ./Core/Src/stm32l4xx_hal_timebase_tim.o
LOAD ./Core/Src/stm32l4xx_it.o
LOAD ./Core/Src/syscalls.o
LOAD ./Core/Src/sysmem.o
LOAD ./Core/Src/system_stm32l4xx.o
LOAD ./Core/Startup/startup_stm32l496vetx.o
LOAD ./Drivers/STM32L4xx_HAL_Driver/Src/stm32l4xx_hal.o
LOAD ./Drivers/STM32L4xx_HAL_Driver/Src/stm32l4xx_hal_can.o
LOAD ./Drivers/STM32L4xx_HAL_Driver/Src/stm32l4xx_hal_cortex.o
LOAD ./Drivers/STM32L4xx_HAL_Driver/Src/stm32l4xx_hal_dma.o
LOAD ./Drivers/STM32L4xx_HAL_Driver/Src/stm32l4xx_hal_dma_ex.o
LOAD ./Drivers/STM32L4xx_HAL_Driver/Src/stm32l4xx_hal_exti.o
LOAD ./Drivers/STM32L4xx_HAL_Driver/Src/stm32l4xx_hal_flash.o
LOAD ./Drivers/STM32L4xx_HAL_Driver/Src/stm32l4xx_hal_flash_ex.o
LOAD ./Drivers/STM32L4xx_HAL_Driver/Src/stm32l4xx_hal_flash_ramfunc.o
LOAD ./Drivers/STM32L4xx_HAL_Driver/Src/stm32l4xx_hal_gpio.o
LOAD ./Drivers/STM32L4xx_HAL_Driver/Src/stm32l4xx_hal_i2c.o
LOAD ./Drivers/STM32L4xx_HAL_Driver/Src/stm32l4xx_hal_i2c_ex.o
LOAD ./Drivers/STM32L4xx_HAL_Driver/Src/stm32l4xx_hal_pwr.o
LOAD ./Drivers/STM32L4xx_HAL_Driver/Src/stm32l4xx_hal_pwr_ex.o
LOAD ./Drivers/STM32L4xx_HAL_Driver/Src/stm32l4xx_hal_rcc.o
LOAD ./Drivers/STM32L4xx_HAL_Driver/Src/stm32l4xx_hal_rcc_ex.o
LOAD ./Drivers/STM32L4xx_HAL_Driver/Src/stm32l4xx_hal_tim.o
LOAD ./Drivers/STM32L4xx_HAL_Driver/Src/stm32l4xx_hal_tim_ex.o
LOAD ./Middlewares/Third_Party/FreeRTOS/Source/CMSIS_RTOS/cmsis_os.o
LOAD ./Middlewares/Third_Party/FreeRTOS/Source/croutine.o
LOAD ./Middlewares/Third_Party/FreeRTOS/Source/event_groups.o
LOAD ./Middlewares/Third_Party/FreeRTOS/Source/list.o
LOAD ./Middlewares/Third_Party/FreeRTOS/Source/queue.o
LOAD ./Middlewares/Third_Party/FreeRTOS/Source/stream_buffer.o
LOAD ./Middlewares/Third_Party/FreeRTOS/Source/tasks.o
LOAD ./Middlewares/Third_Party/FreeRTOS/Source/timers.o
LOAD ./Middlewares/Third_Party/FreeRTOS/Source/portable/GCC/ARM_CM4F/port.o
LOAD ./Middlewares/Third_Party/FreeRTOS/Source/portable/MemMang/heap_4.o
START GROUP
LOAD C:/ST/STM32CubeIDE_1.16.0/STM32CubeIDE/plugins/com.st.stm32cube.ide.mcu.externaltools.gnu-tools-for-stm32.13.3.rel1.win32_1.0.0.202411081344/tools/bin/../lib/gcc/arm-none-eabi/13.3.1/../../../../arm-none-eabi/lib/thumb/v7e-m+fp/hard\libc_nano.a
LOAD C:/ST/STM32CubeIDE_1.16.0/STM32CubeIDE/plugins/com.st.stm32cube.ide.mcu.externaltools.gnu-tools-for-stm32.13.3.rel1.win32_1.0.0.202411081344/tools/bin/../lib/gcc/arm-none-eabi/13.3.1/../../../../arm-none-eabi/lib/thumb/v7e-m+fp/hard\libm.a
END GROUP
START GROUP
LOAD C:/ST/STM32CubeIDE_1.16.0/STM32CubeIDE/plugins/com.st.stm32cube.ide.mcu.externaltools.gnu-tools-for-stm32.13.3.rel1.win32_1.0.0.202411081344/tools/bin/../lib/gcc/arm-none-eabi/13.3.1/thumb/v7e-m+fp/hard\libgcc.a
LOAD C:/ST/STM32CubeIDE_1.16.0/STM32CubeIDE/plugins/com.st.stm32cube.ide.mcu.externaltools.gnu-tools-for-stm32.13.3.rel1.win32_1.0.0.202411081344/tools/bin/../lib/gcc/arm-none-eabi/13.3.1/../../../../arm-none-eabi/lib/thumb/v7e-m+fp/hard\libc_nano.a
END GROUP
START GROUP
LOAD C:/ST/STM32CubeIDE_1.16.0/STM32CubeIDE/plugins/com.st.stm32cube.ide.mcu.externaltools.gnu-tools-for-stm32.13.3.rel1.win32_1.0.0.202411081344/tools/bin/../lib/gcc/arm-none-eabi/13.3.1/thumb/v7e-m+fp/hard\libgcc.a
LOAD C:/ST/STM32CubeIDE_1.16.0/STM32CubeIDE/plugins/com.st.stm32cube.ide.mcu.externaltools.gnu-tools-for-stm32.13.3.rel1.win32_1.0.0.202411081344/tools/bin/../lib/gcc/arm-none-eabi/13.3.1/../../../../arm-none-eabi/lib/thumb/v7e-m+fp/hard\libc_nano.a
LOAD C:/ST/STM32CubeIDE_1.16.0/STM32CubeIDE/plugins/com.st.stm32cube.ide.mcu.externaltools.gnu-tools-for-stm32.13.3.rel1.win32_1.0.0.202411081344/tools/bin/../lib/gcc/arm-none-eabi/13.3.1/../../../../arm-none-eabi/lib/thumb/v7e-m+fp/hard\libnosys.a
END GROUP
START GROUP
LOAD C:/ST/STM32CubeIDE_1.16.0/STM32CubeIDE/plugins/com.st.stm32cube.ide.mcu.externaltools.gnu-tools-for-stm32.13.3.rel1.win32_1.0.0.202411081344/tools/bin/../lib/gcc/arm-none-eabi/13.3.1/thumb/v7e-m+fp/hard\libgcc.a
LOAD C:/ST/STM32CubeIDE_1.16.0/STM32CubeIDE/plugins/com.st.stm32cube.ide.mcu.externaltools.gnu-tools-for-stm32.13.3.rel1.win32_1.0.0.202411081344/tools/bin/../lib/gcc/arm-none-eabi/13.3.1/../../../../arm-none-eabi/lib/thumb/v7e-m+fp/hard\libc_nano.a
LOAD C:/ST/STM32CubeIDE_1.16.0/STM32CubeIDE/plugins/com.st.stm32cube.ide.mcu.externaltools.gnu-tools-for-stm32.13.3.rel1.win32_1.0.0.202411081344/tools/bin/../lib/gcc/arm-none-eabi/13.3.1/../../../../arm-none-eabi/lib/thumb/v7e-m+fp/hard\libnosys.a
END GROUP
LOAD C:/ST/STM32CubeIDE_1.16.0/STM32CubeIDE/plugins/com.st.stm32cube.ide.mcu.externaltools.gnu-tools-for-stm32.13.3.rel1.win32_1.0.0.202411081344/tools/bin/../lib/gcc/arm-none-eabi/13.3.1/thumb/v7e-m+fp/hard/crtend.o
LOAD C:/ST/STM32CubeIDE_1.16.0/STM32CubeIDE/plugins/com.st.stm32cube.ide.mcu.externaltools.gnu-tools-for-stm32.13.3.rel1.win32_1.0.0.202411081344/tools/bin/../lib/gcc/arm-none-eabi/13.3.1/thumb/v7e-m+fp/hard/crtn.o
                0x20040000                        _estack = (ORIGIN (RAM) + LENGTH (RAM))
                0x00000200                        _Min_Heap_Size = 0x200
                0x00000400                        _Min_Stack_Size = 0x400

.isr_vector     0x08000000      0x1ac
                0x08000000                        . = ALIGN (0x4)
 *(.isr_vector)
 .isr_vector    0x08000000      0x1ac ./Core/Startup/startup_stm32l496vetx.o
                0x08000000                g_pfnVectors
                0x080001ac                        . = ALIGN (0x4)

.text           0x080001b0     0x787c
                0x080001b0                        . = ALIGN (0x4)
 *(.text)
 .text          0x080001b0       0x40 C:/ST/STM32CubeIDE_1.16.0/STM32CubeIDE/plugins/com.st.stm32cube.ide.mcu.externaltools.gnu-tools-for-stm32.13.3.rel1.win32_1.0.0.202411081344/tools/bin/../lib/gcc/arm-none-eabi/13.3.1/thumb/v7e-m+fp/hard/crtbegin.o
 *(.text*)
 .text.Init_CAN_Filter
                0x080001f0       0x44 ./Core/Src/CAN/CAN.o
                0x080001f0                Init_CAN_Filter
 .text.message_cantx_STAT_DASH_Keep_Alive
                0x08000234       0xf8 ./Core/Src/CAN/CAN_X_2025.o
                0x08000234                message_cantx_STAT_DASH_Keep_Alive
 .text.message_cantx_CTRL_DASH_Driver_Inputs
                0x0800032c      0x230 ./Core/Src/CAN/CAN_X_2025.o
                0x0800032c                message_cantx_CTRL_DASH_Driver_Inputs
 .text.message_canrx_PROC_ETAS_VDC_Params
                0x0800055c      0x118 ./Core/Src/CAN/CAN_X_2025.o
                0x0800055c                message_canrx_PROC_ETAS_VDC_Params
 .text.message_canrx_PROC_ETAS_VDC_LapTiming
                0x08000674       0x90 ./Core/Src/CAN/CAN_X_2025.o
                0x08000674                message_canrx_PROC_ETAS_VDC_LapTiming
 .text.message_canrx_CTRL_BMS_Cell_Extremes
                0x08000704       0xa8 ./Core/Src/CAN/CAN_X_2025.o
                0x08000704                message_canrx_CTRL_BMS_Cell_Extremes
 .text.message_canrx_PROC_ETAS_TS_Data
                0x080007ac       0xf8 ./Core/Src/CAN/CAN_X_2025.o
                0x080007ac                message_canrx_PROC_ETAS_TS_Data
 .text.message_canrx_STAT_ETAS_Diagnostics
                0x080008a4      0x280 ./Core/Src/CAN/CAN_X_2025.o
                0x080008a4                message_canrx_STAT_ETAS_Diagnostics
 .text.message_canrx_PROC_ETAS_VDC_Values
                0x08000b24       0xf0 ./Core/Src/CAN/CAN_X_2025.o
                0x08000b24                message_canrx_PROC_ETAS_VDC_Values
 .text.message_canrx_CTRL_ETAS_System
                0x08000c14       0x68 ./Core/Src/CAN/CAN_X_2025.o
                0x08000c14                message_canrx_CTRL_ETAS_System
 .text.message_canrx_PROC_ETAS_VDC_Tq
                0x08000c7c       0x88 ./Core/Src/CAN/CAN_X_2025.o
                0x08000c7c                message_canrx_PROC_ETAS_VDC_Tq
 .text.message_canrx_STAT_ETAS_Sync
                0x08000d04       0x20 ./Core/Src/CAN/CAN_X_2025.o
                0x08000d04                message_canrx_STAT_ETAS_Sync
 .text.refreshButton
                0x08000d24       0xe4 ./Core/Src/DASH/buttons.o
                0x08000d24                refreshButton
 .text.GlobalVariableReset
                0x08000e08       0x4c ./Core/Src/DASH/etr_carstate.o
                0x08000e08                GlobalVariableReset
 .text.init_rules
                0x08000e54       0x58 ./Core/Src/DASH/etr_carstate.o
                0x08000e54                init_rules
 .text.refreshScreen
                0x08000eac      0x214 ./Core/Src/DASH/etr_carstate.o
                0x08000eac                refreshScreen
 .text.drawScreen
                0x080010c0      0x210 ./Core/Src/DASH/etr_carstate.o
                0x080010c0                drawScreen
 .text.ili9488_Init
                0x080012d0      0x130 ./Core/Src/LCD/ili9488.o
                0x080012d0                ili9488_Init
 .text.ili9488_DisplayOn
                0x08001400       0x14 ./Core/Src/LCD/ili9488.o
                0x08001400                ili9488_DisplayOn
 .text.ili9488_DisplayOff
                0x08001414       0x14 ./Core/Src/LCD/ili9488.o
                0x08001414                ili9488_DisplayOff
 .text.ili9488_GetLcdPixelWidth
                0x08001428       0x12 ./Core/Src/LCD/ili9488.o
                0x08001428                ili9488_GetLcdPixelWidth
 .text.ili9488_GetLcdPixelHeight
                0x0800143a       0x12 ./Core/Src/LCD/ili9488.o
                0x0800143a                ili9488_GetLcdPixelHeight
 .text.ili9488_ReadID
                0x0800144c       0x48 ./Core/Src/LCD/ili9488.o
                0x0800144c                ili9488_ReadID
 .text.ili9488_SetCursor
                0x08001494       0x84 ./Core/Src/LCD/ili9488.o
                0x08001494                ili9488_SetCursor
 .text.ili9488_write16to24
                0x08001518       0x44 ./Core/Src/LCD/ili9488.o
                0x08001518                ili9488_write16to24
 .text.ili9488_WritePixel
                0x0800155c       0x94 ./Core/Src/LCD/ili9488.o
                0x0800155c                ili9488_WritePixel
 .text.ili9488_ReadPixel
                0x080015f0       0x94 ./Core/Src/LCD/ili9488.o
                0x080015f0                ili9488_ReadPixel
 .text.ili9488_SetDisplayWindow
                0x08001684       0xd0 ./Core/Src/LCD/ili9488.o
                0x08001684                ili9488_SetDisplayWindow
 .text.ili9488_DrawHLine
                0x08001754       0x36 ./Core/Src/LCD/ili9488.o
                0x08001754                ili9488_DrawHLine
 .text.ili9488_DrawVLine
                0x0800178a       0x38 ./Core/Src/LCD/ili9488.o
                0x0800178a                ili9488_DrawVLine
 .text.ili9488_FillRect
                0x080017c2       0x58 ./Core/Src/LCD/ili9488.o
                0x080017c2                ili9488_FillRect
 *fill*         0x0800181a        0x2 
 .text.ili9488_DrawBitmap
                0x0800181c      0x120 ./Core/Src/LCD/ili9488.o
                0x0800181c                ili9488_DrawBitmap
 .text.ili9488_DrawRGBImage
                0x0800193c       0x60 ./Core/Src/LCD/ili9488.o
                0x0800193c                ili9488_DrawRGBImage
 .text.ili9488_ReadRGBImage
                0x0800199c       0x4c ./Core/Src/LCD/ili9488.o
                0x0800199c                ili9488_ReadRGBImage
 .text.ili9488_Scroll
                0x080019e8       0xc0 ./Core/Src/LCD/ili9488.o
                0x080019e8                ili9488_Scroll
 .text.LcdWrite8
                0x08001aa8      0x194 ./Core/Src/LCD/lcd_io_spi.o
                0x08001aa8                LcdWrite8
 .text.LcdWrite16
                0x08001c3c      0x314 ./Core/Src/LCD/lcd_io_spi.o
                0x08001c3c                LcdWrite16
 .text.LcdDirRead
                0x08001f50       0x38 ./Core/Src/LCD/lcd_io_spi.o
                0x08001f50                LcdDirRead
 .text.LcdRead8
                0x08001f88      0x166 ./Core/Src/LCD/lcd_io_spi.o
                0x08001f88                LcdRead8
 *fill*         0x080020ee        0x2 
 .text.LCD_IO_WriteMultiData8
                0x080020f0       0x40 ./Core/Src/LCD/lcd_io_spi.o
                0x080020f0                LCD_IO_WriteMultiData8
 .text.LCD_IO_WriteMultiData16
                0x08002130       0x40 ./Core/Src/LCD/lcd_io_spi.o
                0x08002130                LCD_IO_WriteMultiData16
 .text.LCD_IO_ReadMultiData8
                0x08002170       0x3c ./Core/Src/LCD/lcd_io_spi.o
                0x08002170                LCD_IO_ReadMultiData8
 .text.LCD_IO_ReadMultiData16to24
                0x080021ac       0x7c ./Core/Src/LCD/lcd_io_spi.o
                0x080021ac                LCD_IO_ReadMultiData16to24
 .text.LCD_Delay
                0x08002228       0x16 ./Core/Src/LCD/lcd_io_spi.o
                0x08002228                LCD_Delay
 .text.LCD_IO_Bl_OnOff
                0x0800223e       0x16 ./Core/Src/LCD/lcd_io_spi.o
                0x0800223e                LCD_IO_Bl_OnOff
 .text.LCD_IO_Init
                0x08002254      0x118 ./Core/Src/LCD/lcd_io_spi.o
                0x08002254                LCD_IO_Init
 .text.LCD_IO_WriteCmd8
                0x0800236c       0x3c ./Core/Src/LCD/lcd_io_spi.o
                0x0800236c                LCD_IO_WriteCmd8
 .text.LCD_IO_WriteData8
                0x080023a8       0x2c ./Core/Src/LCD/lcd_io_spi.o
                0x080023a8                LCD_IO_WriteData8
 .text.LCD_IO_WriteCmd8DataFill16
                0x080023d4       0x48 ./Core/Src/LCD/lcd_io_spi.o
                0x080023d4                LCD_IO_WriteCmd8DataFill16
 .text.LCD_IO_WriteCmd8MultipleData8
                0x0800241c       0x44 ./Core/Src/LCD/lcd_io_spi.o
                0x0800241c                LCD_IO_WriteCmd8MultipleData8
 .text.LCD_IO_WriteCmd8MultipleData16
                0x08002460       0x44 ./Core/Src/LCD/lcd_io_spi.o
                0x08002460                LCD_IO_WriteCmd8MultipleData16
 .text.LCD_IO_ReadCmd8MultipleData8
                0x080024a4       0x50 ./Core/Src/LCD/lcd_io_spi.o
                0x080024a4                LCD_IO_ReadCmd8MultipleData8
 .text.LCD_IO_ReadCmd8MultipleData24to16
                0x080024f4       0x50 ./Core/Src/LCD/lcd_io_spi.o
                0x080024f4                LCD_IO_ReadCmd8MultipleData24to16
 .text.BSP_LCD_GetXSize
                0x08002544       0x18 ./Core/Src/LCD/stm32_adafruit_lcd.o
                0x08002544                BSP_LCD_GetXSize
 .text.BSP_LCD_GetYSize
                0x0800255c       0x18 ./Core/Src/LCD/stm32_adafruit_lcd.o
                0x0800255c                BSP_LCD_GetYSize
 .text.BSP_LCD_SetTextColor
                0x08002574       0x20 ./Core/Src/LCD/stm32_adafruit_lcd.o
                0x08002574                BSP_LCD_SetTextColor
 .text.BSP_LCD_SetBackColor
                0x08002594       0x20 ./Core/Src/LCD/stm32_adafruit_lcd.o
                0x08002594                BSP_LCD_SetBackColor
 .text.BSP_LCD_SetFont
                0x080025b4       0x20 ./Core/Src/LCD/stm32_adafruit_lcd.o
                0x080025b4                BSP_LCD_SetFont
 .text.BSP_LCD_Clear
                0x080025d4       0x3c ./Core/Src/LCD/stm32_adafruit_lcd.o
                0x080025d4                BSP_LCD_Clear
 .text.BSP_LCD_DisplayChar
                0x08002610       0x54 ./Core/Src/LCD/stm32_adafruit_lcd.o
                0x08002610                BSP_LCD_DisplayChar
 .text.BSP_LCD_DisplayStringAt
                0x08002664      0x120 ./Core/Src/LCD/stm32_adafruit_lcd.o
                0x08002664                BSP_LCD_DisplayStringAt
 .text.BSP_LCD_DrawBitmap
                0x08002784       0xb4 ./Core/Src/LCD/stm32_adafruit_lcd.o
                0x08002784                BSP_LCD_DrawBitmap
 .text.DrawChar
                0x08002838      0x1e4 ./Core/Src/LCD/stm32_adafruit_lcd.o
 .text.SetDisplayWindow
                0x08002a1c       0x44 ./Core/Src/LCD/stm32_adafruit_lcd.o
 .text.vApplicationGetIdleTaskMemory
                0x08002a60       0x34 ./Core/Src/freertos.o
                0x08002a60                vApplicationGetIdleTaskMemory
 .text.main     0x08002a94       0xe8 ./Core/Src/main.o
                0x08002a94                main
 .text.SystemClock_Config
                0x08002b7c       0xa4 ./Core/Src/main.o
                0x08002b7c                SystemClock_Config
 .text.MX_CAN1_Init
                0x08002c20       0x6c ./Core/Src/main.o
 .text.MX_GPIO_Init
                0x08002c8c      0x178 ./Core/Src/main.o
 .text.HAL_CAN_RxFifo0MsgPendingCallback
                0x08002e04       0xc4 ./Core/Src/main.o
                0x08002e04                HAL_CAN_RxFifo0MsgPendingCallback
 .text.StartCAN
                0x08002ec8       0xd0 ./Core/Src/main.o
                0x08002ec8                StartCAN
 .text.StartButtons
                0x08002f98       0x88 ./Core/Src/main.o
                0x08002f98                StartButtons
 .text.StartDisplay
                0x08003020       0x1a ./Core/Src/main.o
                0x08003020                StartDisplay
 *fill*         0x0800303a        0x2 
 .text.HAL_TIM_PeriodElapsedCallback
                0x0800303c       0x24 ./Core/Src/main.o
                0x0800303c                HAL_TIM_PeriodElapsedCallback
 .text.Error_Handler
                0x08003060        0xc ./Core/Src/main.o
                0x08003060                Error_Handler
 .text.HAL_MspInit
                0x0800306c       0x50 ./Core/Src/stm32l4xx_hal_msp.o
                0x0800306c                HAL_MspInit
 .text.HAL_CAN_MspInit
                0x080030bc       0xa8 ./Core/Src/stm32l4xx_hal_msp.o
                0x080030bc                HAL_CAN_MspInit
 .text.HAL_InitTick
                0x08003164       0xf4 ./Core/Src/stm32l4xx_hal_timebase_tim.o
                0x08003164                HAL_InitTick
 .text.NMI_Handler
                0x08003258        0x8 ./Core/Src/stm32l4xx_it.o
                0x08003258                NMI_Handler
 .text.HardFault_Handler
                0x08003260        0x8 ./Core/Src/stm32l4xx_it.o
                0x08003260                HardFault_Handler
 .text.MemManage_Handler
                0x08003268        0x8 ./Core/Src/stm32l4xx_it.o
                0x08003268                MemManage_Handler
 .text.BusFault_Handler
                0x08003270        0x8 ./Core/Src/stm32l4xx_it.o
                0x08003270                BusFault_Handler
 .text.UsageFault_Handler
                0x08003278        0x8 ./Core/Src/stm32l4xx_it.o
                0x08003278                UsageFault_Handler
 .text.DebugMon_Handler
                0x08003280        0xe ./Core/Src/stm32l4xx_it.o
                0x08003280                DebugMon_Handler
 *fill*         0x0800328e        0x2 
 .text.CAN1_RX0_IRQHandler
                0x08003290       0x14 ./Core/Src/stm32l4xx_it.o
                0x08003290                CAN1_RX0_IRQHandler
 .text.CAN1_RX1_IRQHandler
                0x080032a4       0x14 ./Core/Src/stm32l4xx_it.o
                0x080032a4                CAN1_RX1_IRQHandler
 .text.TIM4_IRQHandler
                0x080032b8       0x14 ./Core/Src/stm32l4xx_it.o
                0x080032b8                TIM4_IRQHandler
 .text.SystemInit
                0x080032cc       0x24 ./Core/Src/system_stm32l4xx.o
                0x080032cc                SystemInit
 .text.Reset_Handler
                0x080032f0       0x50 ./Core/Startup/startup_stm32l496vetx.o
                0x080032f0                Reset_Handler
 .text.Default_Handler
                0x08003340        0x2 ./Core/Startup/startup_stm32l496vetx.o
                0x08003340                RTC_Alarm_IRQHandler
                0x08003340                EXTI2_IRQHandler
                0x08003340                TIM8_TRG_COM_IRQHandler
                0x08003340                TIM8_CC_IRQHandler
                0x08003340                TIM1_CC_IRQHandler
                0x08003340                TSC_IRQHandler
                0x08003340                TAMP_STAMP_IRQHandler
                0x08003340                CAN2_RX1_IRQHandler
                0x08003340                EXTI3_IRQHandler
                0x08003340                LPTIM2_IRQHandler
                0x08003340                DFSDM1_FLT1_IRQHandler
                0x08003340                I2C3_ER_IRQHandler
                0x08003340                DFSDM1_FLT2_IRQHandler
                0x08003340                EXTI0_IRQHandler
                0x08003340                I2C2_EV_IRQHandler
                0x08003340                FPU_IRQHandler
                0x08003340                TIM1_UP_TIM16_IRQHandler
                0x08003340                CAN2_SCE_IRQHandler
                0x08003340                ADC1_2_IRQHandler
                0x08003340                SPI1_IRQHandler
                0x08003340                TIM6_DAC_IRQHandler
                0x08003340                DCMI_IRQHandler
                0x08003340                CAN2_RX0_IRQHandler
                0x08003340                TIM8_UP_IRQHandler
                0x08003340                DMA2_Channel2_IRQHandler
                0x08003340                DMA1_Channel4_IRQHandler
                0x08003340                SAI2_IRQHandler
                0x08003340                DFSDM1_FLT3_IRQHandler
                0x08003340                USART3_IRQHandler
                0x08003340                DMA1_Channel7_IRQHandler
                0x08003340                LCD_IRQHandler
                0x08003340                UART5_IRQHandler
                0x08003340                ADC3_IRQHandler
                0x08003340                DMA2_Channel1_IRQHandler
                0x08003340                QUADSPI_IRQHandler
                0x08003340                I2C1_EV_IRQHandler
                0x08003340                DMA1_Channel6_IRQHandler
                0x08003340                UART4_IRQHandler
                0x08003340                DMA2_Channel4_IRQHandler
                0x08003340                TIM3_IRQHandler
                0x08003340                RCC_IRQHandler
                0x08003340                DMA1_Channel1_IRQHandler
                0x08003340                Default_Handler
                0x08003340                DMA2_Channel7_IRQHandler
                0x08003340                EXTI15_10_IRQHandler
                0x08003340                TIM7_IRQHandler
                0x08003340                SDMMC1_IRQHandler
                0x08003340                CAN2_TX_IRQHandler
                0x08003340                TIM5_IRQHandler
                0x08003340                I2C3_EV_IRQHandler
                0x08003340                EXTI9_5_IRQHandler
                0x08003340                RTC_WKUP_IRQHandler
                0x08003340                PVD_PVM_IRQHandler
                0x08003340                SPI2_IRQHandler
                0x08003340                CAN1_TX_IRQHandler
                0x08003340                DMA2_Channel5_IRQHandler
                0x08003340                CRS_IRQHandler
                0x08003340                DMA1_Channel5_IRQHandler
                0x08003340                EXTI4_IRQHandler
                0x08003340                RNG_IRQHandler
                0x08003340                TIM1_TRG_COM_TIM17_IRQHandler
                0x08003340                DMA1_Channel3_IRQHandler
                0x08003340                COMP_IRQHandler
                0x08003340                WWDG_IRQHandler
                0x08003340                I2C4_EV_IRQHandler
                0x08003340                LPUART1_IRQHandler
                0x08003340                DMA2_Channel6_IRQHandler
                0x08003340                TIM2_IRQHandler
                0x08003340                EXTI1_IRQHandler
                0x08003340                USART2_IRQHandler
                0x08003340                DFSDM1_FLT0_IRQHandler
                0x08003340                I2C2_ER_IRQHandler
                0x08003340                DMA1_Channel2_IRQHandler
                0x08003340                TIM8_BRK_IRQHandler
                0x08003340                CAN1_SCE_IRQHandler
                0x08003340                FLASH_IRQHandler
                0x08003340                USART1_IRQHandler
                0x08003340                OTG_FS_IRQHandler
                0x08003340                SPI3_IRQHandler
                0x08003340                I2C1_ER_IRQHandler
                0x08003340                FMC_IRQHandler
                0x08003340                SWPMI1_IRQHandler
                0x08003340                LPTIM1_IRQHandler
                0x08003340                I2C4_ER_IRQHandler
                0x08003340                SAI1_IRQHandler
                0x08003340                DMA2_Channel3_IRQHandler
                0x08003340                TIM1_BRK_TIM15_IRQHandler
 .text.HAL_Init
                0x08003342       0x30 ./Drivers/STM32L4xx_HAL_Driver/Src/stm32l4xx_hal.o
                0x08003342                HAL_Init
 *fill*         0x08003372        0x2 
 .text.HAL_IncTick
                0x08003374       0x28 ./Drivers/STM32L4xx_HAL_Driver/Src/stm32l4xx_hal.o
                0x08003374                HAL_IncTick
 .text.HAL_GetTick
                0x0800339c       0x18 ./Drivers/STM32L4xx_HAL_Driver/Src/stm32l4xx_hal.o
                0x0800339c                HAL_GetTick
 .text.HAL_Delay
                0x080033b4       0x48 ./Drivers/STM32L4xx_HAL_Driver/Src/stm32l4xx_hal.o
                0x080033b4                HAL_Delay
 .text.HAL_CAN_Init
                0x080033fc      0x1f6 ./Drivers/STM32L4xx_HAL_Driver/Src/stm32l4xx_hal_can.o
                0x080033fc                HAL_CAN_Init
 *fill*         0x080035f2        0x2 
 .text.HAL_CAN_ConfigFilter
                0x080035f4      0x1c0 ./Drivers/STM32L4xx_HAL_Driver/Src/stm32l4xx_hal_can.o
                0x080035f4                HAL_CAN_ConfigFilter
 .text.HAL_CAN_Start
                0x080037b4       0x88 ./Drivers/STM32L4xx_HAL_Driver/Src/stm32l4xx_hal_can.o
                0x080037b4                HAL_CAN_Start
 .text.HAL_CAN_AddTxMessage
                0x0800383c      0x1a0 ./Drivers/STM32L4xx_HAL_Driver/Src/stm32l4xx_hal_can.o
                0x0800383c                HAL_CAN_AddTxMessage
 .text.HAL_CAN_GetRxMessage
                0x080039dc      0x244 ./Drivers/STM32L4xx_HAL_Driver/Src/stm32l4xx_hal_can.o
                0x080039dc                HAL_CAN_GetRxMessage
 .text.HAL_CAN_ActivateNotification
                0x08003c20       0x4c ./Drivers/STM32L4xx_HAL_Driver/Src/stm32l4xx_hal_can.o
                0x08003c20                HAL_CAN_ActivateNotification
 .text.HAL_CAN_IRQHandler
                0x08003c6c      0x36e ./Drivers/STM32L4xx_HAL_Driver/Src/stm32l4xx_hal_can.o
                0x08003c6c                HAL_CAN_IRQHandler
 .text.HAL_CAN_TxMailbox0CompleteCallback
                0x08003fda       0x14 ./Drivers/STM32L4xx_HAL_Driver/Src/stm32l4xx_hal_can.o
                0x08003fda                HAL_CAN_TxMailbox0CompleteCallback
 .text.HAL_CAN_TxMailbox1CompleteCallback
                0x08003fee       0x14 ./Drivers/STM32L4xx_HAL_Driver/Src/stm32l4xx_hal_can.o
                0x08003fee                HAL_CAN_TxMailbox1CompleteCallback
 .text.HAL_CAN_TxMailbox2CompleteCallback
                0x08004002       0x14 ./Drivers/STM32L4xx_HAL_Driver/Src/stm32l4xx_hal_can.o
                0x08004002                HAL_CAN_TxMailbox2CompleteCallback
 .text.HAL_CAN_TxMailbox0AbortCallback
                0x08004016       0x14 ./Drivers/STM32L4xx_HAL_Driver/Src/stm32l4xx_hal_can.o
                0x08004016                HAL_CAN_TxMailbox0AbortCallback
 .text.HAL_CAN_TxMailbox1AbortCallback
                0x0800402a       0x14 ./Drivers/STM32L4xx_HAL_Driver/Src/stm32l4xx_hal_can.o
                0x0800402a                HAL_CAN_TxMailbox1AbortCallback
 .text.HAL_CAN_TxMailbox2AbortCallback
                0x0800403e       0x14 ./Drivers/STM32L4xx_HAL_Driver/Src/stm32l4xx_hal_can.o
                0x0800403e                HAL_CAN_TxMailbox2AbortCallback
 .text.HAL_CAN_RxFifo0FullCallback
                0x08004052       0x14 ./Drivers/STM32L4xx_HAL_Driver/Src/stm32l4xx_hal_can.o
                0x08004052                HAL_CAN_RxFifo0FullCallback
 .text.HAL_CAN_RxFifo1MsgPendingCallback
                0x08004066       0x14 ./Drivers/STM32L4xx_HAL_Driver/Src/stm32l4xx_hal_can.o
                0x08004066                HAL_CAN_RxFifo1MsgPendingCallback
 .text.HAL_CAN_RxFifo1FullCallback
                0x0800407a       0x14 ./Drivers/STM32L4xx_HAL_Driver/Src/stm32l4xx_hal_can.o
                0x0800407a                HAL_CAN_RxFifo1FullCallback
 .text.HAL_CAN_SleepCallback
                0x0800408e       0x14 ./Drivers/STM32L4xx_HAL_Driver/Src/stm32l4xx_hal_can.o
                0x0800408e                HAL_CAN_SleepCallback
 .text.HAL_CAN_WakeUpFromRxMsgCallback
                0x080040a2       0x14 ./Drivers/STM32L4xx_HAL_Driver/Src/stm32l4xx_hal_can.o
                0x080040a2                HAL_CAN_WakeUpFromRxMsgCallback
 .text.HAL_CAN_ErrorCallback
                0x080040b6       0x14 ./Drivers/STM32L4xx_HAL_Driver/Src/stm32l4xx_hal_can.o
                0x080040b6                HAL_CAN_ErrorCallback
 *fill*         0x080040ca        0x2 
 .text.__NVIC_SetPriorityGrouping
                0x080040cc       0x48 ./Drivers/STM32L4xx_HAL_Driver/Src/stm32l4xx_hal_cortex.o
 .text.__NVIC_GetPriorityGrouping
                0x08004114       0x1c ./Drivers/STM32L4xx_HAL_Driver/Src/stm32l4xx_hal_cortex.o
 .text.__NVIC_EnableIRQ
                0x08004130       0x3c ./Drivers/STM32L4xx_HAL_Driver/Src/stm32l4xx_hal_cortex.o
 .text.__NVIC_SetPriority
                0x0800416c       0x54 ./Drivers/STM32L4xx_HAL_Driver/Src/stm32l4xx_hal_cortex.o
 .text.NVIC_EncodePriority
                0x080041c0       0x66 ./Drivers/STM32L4xx_HAL_Driver/Src/stm32l4xx_hal_cortex.o
 .text.HAL_NVIC_SetPriorityGrouping
                0x08004226       0x16 ./Drivers/STM32L4xx_HAL_Driver/Src/stm32l4xx_hal_cortex.o
                0x08004226                HAL_NVIC_SetPriorityGrouping
 .text.HAL_NVIC_SetPriority
                0x0800423c       0x38 ./Drivers/STM32L4xx_HAL_Driver/Src/stm32l4xx_hal_cortex.o
                0x0800423c                HAL_NVIC_SetPriority
 .text.HAL_NVIC_EnableIRQ
                0x08004274       0x1c ./Drivers/STM32L4xx_HAL_Driver/Src/stm32l4xx_hal_cortex.o
                0x08004274                HAL_NVIC_EnableIRQ
 .text.HAL_GPIO_Init
                0x08004290      0x324 ./Drivers/STM32L4xx_HAL_Driver/Src/stm32l4xx_hal_gpio.o
                0x08004290                HAL_GPIO_Init
 .text.HAL_GPIO_ReadPin
                0x080045b4       0x30 ./Drivers/STM32L4xx_HAL_Driver/Src/stm32l4xx_hal_gpio.o
                0x080045b4                HAL_GPIO_ReadPin
 .text.HAL_GPIO_WritePin
                0x080045e4       0x30 ./Drivers/STM32L4xx_HAL_Driver/Src/stm32l4xx_hal_gpio.o
                0x080045e4                HAL_GPIO_WritePin
 .text.HAL_PWREx_GetVoltageRange
                0x08004614       0x1c ./Drivers/STM32L4xx_HAL_Driver/Src/stm32l4xx_hal_pwr_ex.o
                0x08004614                HAL_PWREx_GetVoltageRange
 .text.HAL_PWREx_ControlVoltageScaling
                0x08004630       0xac ./Drivers/STM32L4xx_HAL_Driver/Src/stm32l4xx_hal_pwr_ex.o
                0x08004630                HAL_PWREx_ControlVoltageScaling
 .text.HAL_RCC_OscConfig
                0x080046dc      0x834 ./Drivers/STM32L4xx_HAL_Driver/Src/stm32l4xx_hal_rcc.o
                0x080046dc                HAL_RCC_OscConfig
 .text.HAL_RCC_ClockConfig
                0x08004f10      0x200 ./Drivers/STM32L4xx_HAL_Driver/Src/stm32l4xx_hal_rcc.o
                0x08004f10                HAL_RCC_ClockConfig
 .text.HAL_RCC_GetSysClockFreq
                0x08005110      0x118 ./Drivers/STM32L4xx_HAL_Driver/Src/stm32l4xx_hal_rcc.o
                0x08005110                HAL_RCC_GetSysClockFreq
 .text.HAL_RCC_GetHCLKFreq
                0x08005228       0x18 ./Drivers/STM32L4xx_HAL_Driver/Src/stm32l4xx_hal_rcc.o
                0x08005228                HAL_RCC_GetHCLKFreq
 .text.HAL_RCC_GetPCLK1Freq
                0x08005240       0x2c ./Drivers/STM32L4xx_HAL_Driver/Src/stm32l4xx_hal_rcc.o
                0x08005240                HAL_RCC_GetPCLK1Freq
 .text.HAL_RCC_GetClockConfig
                0x0800526c       0x64 ./Drivers/STM32L4xx_HAL_Driver/Src/stm32l4xx_hal_rcc.o
                0x0800526c                HAL_RCC_GetClockConfig
 .text.RCC_SetFlashLatencyFromMSIRange
                0x080052d0       0xc0 ./Drivers/STM32L4xx_HAL_Driver/Src/stm32l4xx_hal_rcc.o
 .text.HAL_TIM_Base_Init
                0x08005390       0xae ./Drivers/STM32L4xx_HAL_Driver/Src/stm32l4xx_hal_tim.o
                0x08005390                HAL_TIM_Base_Init
 .text.HAL_TIM_Base_MspInit
                0x0800543e       0x14 ./Drivers/STM32L4xx_HAL_Driver/Src/stm32l4xx_hal_tim.o
                0x0800543e                HAL_TIM_Base_MspInit
 *fill*         0x08005452        0x2 
 .text.HAL_TIM_Base_Start_IT
                0x08005454       0xe0 ./Drivers/STM32L4xx_HAL_Driver/Src/stm32l4xx_hal_tim.o
                0x08005454                HAL_TIM_Base_Start_IT
 .text.HAL_TIM_IRQHandler
                0x08005534      0x20e ./Drivers/STM32L4xx_HAL_Driver/Src/stm32l4xx_hal_tim.o
                0x08005534                HAL_TIM_IRQHandler
 .text.HAL_TIM_OC_DelayElapsedCallback
                0x08005742       0x14 ./Drivers/STM32L4xx_HAL_Driver/Src/stm32l4xx_hal_tim.o
                0x08005742                HAL_TIM_OC_DelayElapsedCallback
 .text.HAL_TIM_IC_CaptureCallback
                0x08005756       0x14 ./Drivers/STM32L4xx_HAL_Driver/Src/stm32l4xx_hal_tim.o
                0x08005756                HAL_TIM_IC_CaptureCallback
 .text.HAL_TIM_PWM_PulseFinishedCallback
                0x0800576a       0x14 ./Drivers/STM32L4xx_HAL_Driver/Src/stm32l4xx_hal_tim.o
                0x0800576a                HAL_TIM_PWM_PulseFinishedCallback
 .text.HAL_TIM_TriggerCallback
                0x0800577e       0x14 ./Drivers/STM32L4xx_HAL_Driver/Src/stm32l4xx_hal_tim.o
                0x0800577e                HAL_TIM_TriggerCallback
 *fill*         0x08005792        0x2 
 .text.TIM_Base_SetConfig
                0x08005794      0x14c ./Drivers/STM32L4xx_HAL_Driver/Src/stm32l4xx_hal_tim.o
                0x08005794                TIM_Base_SetConfig
 .text.HAL_TIMEx_CommutCallback
                0x080058e0       0x14 ./Drivers/STM32L4xx_HAL_Driver/Src/stm32l4xx_hal_tim_ex.o
                0x080058e0                HAL_TIMEx_CommutCallback
 .text.HAL_TIMEx_BreakCallback
                0x080058f4       0x14 ./Drivers/STM32L4xx_HAL_Driver/Src/stm32l4xx_hal_tim_ex.o
                0x080058f4                HAL_TIMEx_BreakCallback
 .text.HAL_TIMEx_Break2Callback
                0x08005908       0x14 ./Drivers/STM32L4xx_HAL_Driver/Src/stm32l4xx_hal_tim_ex.o
                0x08005908                HAL_TIMEx_Break2Callback
 .text.makeFreeRtosPriority
                0x0800591c       0x30 ./Middlewares/Third_Party/FreeRTOS/Source/CMSIS_RTOS/cmsis_os.o
 .text.osKernelStart
                0x0800594c        0xe ./Middlewares/Third_Party/FreeRTOS/Source/CMSIS_RTOS/cmsis_os.o
                0x0800594c                osKernelStart
 .text.osThreadCreate
                0x0800595a       0x98 ./Middlewares/Third_Party/FreeRTOS/Source/CMSIS_RTOS/cmsis_os.o
                0x0800595a                osThreadCreate
 .text.osDelay  0x080059f2       0x28 ./Middlewares/Third_Party/FreeRTOS/Source/CMSIS_RTOS/cmsis_os.o
                0x080059f2                osDelay
 .text.osSemaphoreCreate
                0x08005a1a       0x64 ./Middlewares/Third_Party/FreeRTOS/Source/CMSIS_RTOS/cmsis_os.o
                0x08005a1a                osSemaphoreCreate
 .text.vListInitialise
                0x08005a7e       0x40 ./Middlewares/Third_Party/FreeRTOS/Source/list.o
                0x08005a7e                vListInitialise
 .text.vListInitialiseItem
                0x08005abe       0x1a ./Middlewares/Third_Party/FreeRTOS/Source/list.o
                0x08005abe                vListInitialiseItem
 .text.vListInsertEnd
                0x08005ad8       0x48 ./Middlewares/Third_Party/FreeRTOS/Source/list.o
                0x08005ad8                vListInsertEnd
 .text.vListInsert
                0x08005b20       0x72 ./Middlewares/Third_Party/FreeRTOS/Source/list.o
                0x08005b20                vListInsert
 .text.uxListRemove
                0x08005b92       0x54 ./Middlewares/Third_Party/FreeRTOS/Source/list.o
                0x08005b92                uxListRemove
 *fill*         0x08005be6        0x2 
 .text.xQueueGenericReset
                0x08005be8       0xd4 ./Middlewares/Third_Party/FreeRTOS/Source/queue.o
                0x08005be8                xQueueGenericReset
 .text.xQueueGenericCreateStatic
                0x08005cbc       0xfa ./Middlewares/Third_Party/FreeRTOS/Source/queue.o
                0x08005cbc                xQueueGenericCreateStatic
 .text.xQueueGenericCreate
                0x08005db6       0x76 ./Middlewares/Third_Party/FreeRTOS/Source/queue.o
                0x08005db6                xQueueGenericCreate
 .text.prvInitialiseNewQueue
                0x08005e2c       0x3e ./Middlewares/Third_Party/FreeRTOS/Source/queue.o
 *fill*         0x08005e6a        0x2 
 .text.xQueueGenericSend
                0x08005e6c      0x204 ./Middlewares/Third_Party/FreeRTOS/Source/queue.o
                0x08005e6c                xQueueGenericSend
 .text.prvCopyDataToQueue
                0x08006070       0xd4 ./Middlewares/Third_Party/FreeRTOS/Source/queue.o
 .text.prvUnlockQueue
                0x08006144       0xa4 ./Middlewares/Third_Party/FreeRTOS/Source/queue.o
 .text.prvIsQueueFull
                0x080061e8       0x30 ./Middlewares/Third_Party/FreeRTOS/Source/queue.o
 .text.xTaskCreateStatic
                0x08006218       0xc0 ./Middlewares/Third_Party/FreeRTOS/Source/tasks.o
                0x08006218                xTaskCreateStatic
 .text.xTaskCreate
                0x080062d8       0x8a ./Middlewares/Third_Party/FreeRTOS/Source/tasks.o
                0x080062d8                xTaskCreate
 *fill*         0x08006362        0x2 
 .text.prvInitialiseNewTask
                0x08006364      0x140 ./Middlewares/Third_Party/FreeRTOS/Source/tasks.o
 .text.prvAddNewTaskToReadyList
                0x080064a4       0xd4 ./Middlewares/Third_Party/FreeRTOS/Source/tasks.o
 .text.vTaskDelay
                0x08006578       0x6c ./Middlewares/Third_Party/FreeRTOS/Source/tasks.o
                0x08006578                vTaskDelay
 .text.vTaskStartScheduler
                0x080065e4       0xd4 ./Middlewares/Third_Party/FreeRTOS/Source/tasks.o
                0x080065e4                vTaskStartScheduler
 .text.vTaskSuspendAll
                0x080066b8       0x1c ./Middlewares/Third_Party/FreeRTOS/Source/tasks.o
                0x080066b8                vTaskSuspendAll
 .text.xTaskResumeAll
                0x080066d4      0x13c ./Middlewares/Third_Party/FreeRTOS/Source/tasks.o
                0x080066d4                xTaskResumeAll
 .text.xTaskIncrementTick
                0x08006810      0x174 ./Middlewares/Third_Party/FreeRTOS/Source/tasks.o
                0x08006810                xTaskIncrementTick
 .text.vTaskSwitchContext
                0x08006984       0xc8 ./Middlewares/Third_Party/FreeRTOS/Source/tasks.o
                0x08006984                vTaskSwitchContext
 .text.vTaskPlaceOnEventList
                0x08006a4c       0x4c ./Middlewares/Third_Party/FreeRTOS/Source/tasks.o
                0x08006a4c                vTaskPlaceOnEventList
 .text.xTaskRemoveFromEventList
                0x08006a98       0xc8 ./Middlewares/Third_Party/FreeRTOS/Source/tasks.o
                0x08006a98                xTaskRemoveFromEventList
 .text.vTaskInternalSetTimeOutState
                0x08006b60       0x2c ./Middlewares/Third_Party/FreeRTOS/Source/tasks.o
                0x08006b60                vTaskInternalSetTimeOutState
 .text.xTaskCheckForTimeOut
                0x08006b8c       0xc8 ./Middlewares/Third_Party/FreeRTOS/Source/tasks.o
                0x08006b8c                xTaskCheckForTimeOut
 .text.vTaskMissedYield
                0x08006c54       0x18 ./Middlewares/Third_Party/FreeRTOS/Source/tasks.o
                0x08006c54                vTaskMissedYield
 .text.prvIdleTask
                0x08006c6c       0x30 ./Middlewares/Third_Party/FreeRTOS/Source/tasks.o
 .text.prvInitialiseTaskLists
                0x08006c9c       0x80 ./Middlewares/Third_Party/FreeRTOS/Source/tasks.o
 .text.prvCheckTasksWaitingTermination
                0x08006d1c       0x5c ./Middlewares/Third_Party/FreeRTOS/Source/tasks.o
 .text.prvDeleteTCB
                0x08006d78       0x6a ./Middlewares/Third_Party/FreeRTOS/Source/tasks.o
 *fill*         0x08006de2        0x2 
 .text.prvResetNextTaskUnblockTime
                0x08006de4       0x40 ./Middlewares/Third_Party/FreeRTOS/Source/tasks.o
 .text.xTaskGetSchedulerState
                0x08006e24       0x3c ./Middlewares/Third_Party/FreeRTOS/Source/tasks.o
                0x08006e24                xTaskGetSchedulerState
 .text.xTaskPriorityDisinherit
                0x08006e60      0x110 ./Middlewares/Third_Party/FreeRTOS/Source/tasks.o
                0x08006e60                xTaskPriorityDisinherit
 .text.prvAddCurrentTaskToDelayedList
                0x08006f70       0xcc ./Middlewares/Third_Party/FreeRTOS/Source/tasks.o
 .text.pxPortInitialiseStack
                0x0800703c       0x68 ./Middlewares/Third_Party/FreeRTOS/Source/portable/GCC/ARM_CM4F/port.o
                0x0800703c                pxPortInitialiseStack
 .text.prvTaskExitError
                0x080070a4       0x5c ./Middlewares/Third_Party/FreeRTOS/Source/portable/GCC/ARM_CM4F/port.o
 .text.SVC_Handler
                0x08007100       0x28 ./Middlewares/Third_Party/FreeRTOS/Source/portable/GCC/ARM_CM4F/port.o
                0x08007100                SVC_Handler
 .text.prvPortStartFirstTask
                0x08007128       0x28 ./Middlewares/Third_Party/FreeRTOS/Source/portable/GCC/ARM_CM4F/port.o
 .text.xPortStartScheduler
                0x08007150      0x148 ./Middlewares/Third_Party/FreeRTOS/Source/portable/GCC/ARM_CM4F/port.o
                0x08007150                xPortStartScheduler
 .text.vPortEnterCritical
                0x08007298       0x64 ./Middlewares/Third_Party/FreeRTOS/Source/portable/GCC/ARM_CM4F/port.o
                0x08007298                vPortEnterCritical
 .text.vPortExitCritical
                0x080072fc       0x54 ./Middlewares/Third_Party/FreeRTOS/Source/portable/GCC/ARM_CM4F/port.o
                0x080072fc                vPortExitCritical
 .text.PendSV_Handler
                0x08007350       0x68 ./Middlewares/Third_Party/FreeRTOS/Source/portable/GCC/ARM_CM4F/port.o
                0x08007350                PendSV_Handler
 .text.SysTick_Handler
                0x080073b8       0x44 ./Middlewares/Third_Party/FreeRTOS/Source/portable/GCC/ARM_CM4F/port.o
                0x080073b8                SysTick_Handler
 .text.vPortSetupTimerInterrupt
                0x080073fc       0x48 ./Middlewares/Third_Party/FreeRTOS/Source/portable/GCC/ARM_CM4F/port.o
                0x080073fc                vPortSetupTimerInterrupt
 .text.vPortEnableVFP
                0x08007444       0x14 ./Middlewares/Third_Party/FreeRTOS/Source/portable/GCC/ARM_CM4F/port.o
 .text.pvPortMalloc
                0x08007458      0x19c ./Middlewares/Third_Party/FreeRTOS/Source/portable/MemMang/heap_4.o
                0x08007458                pvPortMalloc
 .text.vPortFree
                0x080075f4       0xc8 ./Middlewares/Third_Party/FreeRTOS/Source/portable/MemMang/heap_4.o
                0x080075f4                vPortFree
 .text.prvHeapInit
                0x080076bc       0xc4 ./Middlewares/Third_Party/FreeRTOS/Source/portable/MemMang/heap_4.o
 .text.prvInsertBlockIntoFreeList
                0x08007780       0xb4 ./Middlewares/Third_Party/FreeRTOS/Source/portable/MemMang/heap_4.o
 .text.memset   0x08007834       0x10 C:/ST/STM32CubeIDE_1.16.0/STM32CubeIDE/plugins/com.st.stm32cube.ide.mcu.externaltools.gnu-tools-for-stm32.13.3.rel1.win32_1.0.0.202411081344/tools/bin/../lib/gcc/arm-none-eabi/13.3.1/../../../../arm-none-eabi/lib/thumb/v7e-m+fp/hard\libc_nano.a(libc_a-memset.o)
                0x08007834                memset
 .text._reclaim_reent
                0x08007844       0xbc C:/ST/STM32CubeIDE_1.16.0/STM32CubeIDE/plugins/com.st.stm32cube.ide.mcu.externaltools.gnu-tools-for-stm32.13.3.rel1.win32_1.0.0.202411081344/tools/bin/../lib/gcc/arm-none-eabi/13.3.1/../../../../arm-none-eabi/lib/thumb/v7e-m+fp/hard\libc_nano.a(libc_a-reent.o)
                0x08007844                _reclaim_reent
 .text.__libc_init_array
                0x08007900       0x48 C:/ST/STM32CubeIDE_1.16.0/STM32CubeIDE/plugins/com.st.stm32cube.ide.mcu.externaltools.gnu-tools-for-stm32.13.3.rel1.win32_1.0.0.202411081344/tools/bin/../lib/gcc/arm-none-eabi/13.3.1/../../../../arm-none-eabi/lib/thumb/v7e-m+fp/hard\libc_nano.a(libc_a-init.o)
                0x08007900                __libc_init_array
 .text.__retarget_lock_acquire_recursive
                0x08007948        0x2 C:/ST/STM32CubeIDE_1.16.0/STM32CubeIDE/plugins/com.st.stm32cube.ide.mcu.externaltools.gnu-tools-for-stm32.13.3.rel1.win32_1.0.0.202411081344/tools/bin/../lib/gcc/arm-none-eabi/13.3.1/../../../../arm-none-eabi/lib/thumb/v7e-m+fp/hard\libc_nano.a(libc_a-lock.o)
                0x08007948                __retarget_lock_acquire_recursive
 .text.__retarget_lock_release_recursive
                0x0800794a        0x2 C:/ST/STM32CubeIDE_1.16.0/STM32CubeIDE/plugins/com.st.stm32cube.ide.mcu.externaltools.gnu-tools-for-stm32.13.3.rel1.win32_1.0.0.202411081344/tools/bin/../lib/gcc/arm-none-eabi/13.3.1/../../../../arm-none-eabi/lib/thumb/v7e-m+fp/hard\libc_nano.a(libc_a-lock.o)
                0x0800794a                __retarget_lock_release_recursive
 .text.memcpy   0x0800794c       0x1c C:/ST/STM32CubeIDE_1.16.0/STM32CubeIDE/plugins/com.st.stm32cube.ide.mcu.externaltools.gnu-tools-for-stm32.13.3.rel1.win32_1.0.0.202411081344/tools/bin/../lib/gcc/arm-none-eabi/13.3.1/../../../../arm-none-eabi/lib/thumb/v7e-m+fp/hard\libc_nano.a(libc_a-memcpy-stub.o)
                0x0800794c                memcpy
 .text._free_r  0x08007968       0x94 C:/ST/STM32CubeIDE_1.16.0/STM32CubeIDE/plugins/com.st.stm32cube.ide.mcu.externaltools.gnu-tools-for-stm32.13.3.rel1.win32_1.0.0.202411081344/tools/bin/../lib/gcc/arm-none-eabi/13.3.1/../../../../arm-none-eabi/lib/thumb/v7e-m+fp/hard\libc_nano.a(libc_a-freer.o)
                0x08007968                _free_r
 .text.__malloc_lock
                0x080079fc        0xc C:/ST/STM32CubeIDE_1.16.0/STM32CubeIDE/plugins/com.st.stm32cube.ide.mcu.externaltools.gnu-tools-for-stm32.13.3.rel1.win32_1.0.0.202411081344/tools/bin/../lib/gcc/arm-none-eabi/13.3.1/../../../../arm-none-eabi/lib/thumb/v7e-m+fp/hard\libc_nano.a(libc_a-mlock.o)
                0x080079fc                __malloc_lock
 .text.__malloc_unlock
                0x08007a08        0xc C:/ST/STM32CubeIDE_1.16.0/STM32CubeIDE/plugins/com.st.stm32cube.ide.mcu.externaltools.gnu-tools-for-stm32.13.3.rel1.win32_1.0.0.202411081344/tools/bin/../lib/gcc/arm-none-eabi/13.3.1/../../../../arm-none-eabi/lib/thumb/v7e-m+fp/hard\libc_nano.a(libc_a-mlock.o)
                0x08007a08                __malloc_unlock
 *(.glue_7)
 .glue_7        0x08007a14        0x0 linker stubs
 *(.glue_7t)
 .glue_7t       0x08007a14        0x0 linker stubs
 *(.eh_frame)
 .eh_frame      0x08007a14        0x0 C:/ST/STM32CubeIDE_1.16.0/STM32CubeIDE/plugins/com.st.stm32cube.ide.mcu.externaltools.gnu-tools-for-stm32.13.3.rel1.win32_1.0.0.202411081344/tools/bin/../lib/gcc/arm-none-eabi/13.3.1/thumb/v7e-m+fp/hard/crtbegin.o
 *(.init)
 .init          0x08007a14        0x4 C:/ST/STM32CubeIDE_1.16.0/STM32CubeIDE/plugins/com.st.stm32cube.ide.mcu.externaltools.gnu-tools-for-stm32.13.3.rel1.win32_1.0.0.202411081344/tools/bin/../lib/gcc/arm-none-eabi/13.3.1/thumb/v7e-m+fp/hard/crti.o
                0x08007a14                _init
 .init          0x08007a18        0x8 C:/ST/STM32CubeIDE_1.16.0/STM32CubeIDE/plugins/com.st.stm32cube.ide.mcu.externaltools.gnu-tools-for-stm32.13.3.rel1.win32_1.0.0.202411081344/tools/bin/../lib/gcc/arm-none-eabi/13.3.1/thumb/v7e-m+fp/hard/crtn.o
 *(.fini)
 .fini          0x08007a20        0x4 C:/ST/STM32CubeIDE_1.16.0/STM32CubeIDE/plugins/com.st.stm32cube.ide.mcu.externaltools.gnu-tools-for-stm32.13.3.rel1.win32_1.0.0.202411081344/tools/bin/../lib/gcc/arm-none-eabi/13.3.1/thumb/v7e-m+fp/hard/crti.o
                0x08007a20                _fini
 .fini          0x08007a24        0x8 C:/ST/STM32CubeIDE_1.16.0/STM32CubeIDE/plugins/com.st.stm32cube.ide.mcu.externaltools.gnu-tools-for-stm32.13.3.rel1.win32_1.0.0.202411081344/tools/bin/../lib/gcc/arm-none-eabi/13.3.1/thumb/v7e-m+fp/hard/crtn.o
                0x08007a2c                        . = ALIGN (0x4)
                0x08007a2c                        _etext = .

.vfp11_veneer   0x08007a2c        0x0
 .vfp11_veneer  0x08007a2c        0x0 linker stubs

.v4_bx          0x08007a2c        0x0
 .v4_bx         0x08007a2c        0x0 linker stubs

.iplt           0x08007a2c        0x0
 .iplt          0x08007a2c        0x0 C:/ST/STM32CubeIDE_1.16.0/STM32CubeIDE/plugins/com.st.stm32cube.ide.mcu.externaltools.gnu-tools-for-stm32.13.3.rel1.win32_1.0.0.202411081344/tools/bin/../lib/gcc/arm-none-eabi/13.3.1/thumb/v7e-m+fp/hard/crtbegin.o

.rodata         0x08007a2c     0x1c60
                0x08007a2c                        . = ALIGN (0x4)
 *(.rodata)
 .rodata        0x08007a2c       0xba ./Core/Src/DASH/etr_carstate.o
 *fill*         0x08007ae6        0x2 
 .rodata        0x08007ae8       0x31 ./Core/Src/LCD/ili9488.o
 *fill*         0x08007b19        0x3 
 .rodata        0x08007b1c       0x68 ./Core/Src/main.o
 .rodata        0x08007b84        0x5 ./Middlewares/Third_Party/FreeRTOS/Source/tasks.o
 *(.rodata*)
 *fill*         0x08007b89        0x3 
 .rodata.Font24_Table
                0x08007b8c     0x1ab8 ./Core/Src/FONTS/font24.o
                0x08007b8c                Font24_Table
 .rodata.AHBPrescTable
                0x08009644       0x10 ./Core/Src/system_stm32l4xx.o
                0x08009644                AHBPrescTable
 .rodata.APBPrescTable
                0x08009654        0x8 ./Core/Src/system_stm32l4xx.o
                0x08009654                APBPrescTable
 .rodata.MSIRangeTable
                0x0800965c       0x30 ./Core/Src/system_stm32l4xx.o
                0x0800965c                MSIRangeTable
                0x0800968c                        . = ALIGN (0x4)

.ARM.extab      0x0800968c        0x0
                0x0800968c                        . = ALIGN (0x4)
 *(.ARM.extab* .gnu.linkonce.armextab.*)
                0x0800968c                        . = ALIGN (0x4)

.ARM            0x0800968c        0x0
                0x0800968c                        . = ALIGN (0x4)
                0x0800968c                        __exidx_start = .
 *(.ARM.exidx*)
                0x0800968c                        __exidx_end = .
                0x0800968c                        . = ALIGN (0x4)

.preinit_array  0x0800968c        0x0
                0x0800968c                        . = ALIGN (0x4)
                0x0800968c                        PROVIDE (__preinit_array_start = .)
 *(.preinit_array*)
                0x0800968c                        PROVIDE (__preinit_array_end = .)
                0x0800968c                        . = ALIGN (0x4)

.init_array     0x0800968c        0x4
                0x0800968c                        . = ALIGN (0x4)
                0x0800968c                        PROVIDE (__init_array_start = .)
 *(SORT_BY_NAME(.init_array.*))
 *(.init_array*)
 .init_array    0x0800968c        0x4 C:/ST/STM32CubeIDE_1.16.0/STM32CubeIDE/plugins/com.st.stm32cube.ide.mcu.externaltools.gnu-tools-for-stm32.13.3.rel1.win32_1.0.0.202411081344/tools/bin/../lib/gcc/arm-none-eabi/13.3.1/thumb/v7e-m+fp/hard/crtbegin.o
                0x08009690                        PROVIDE (__init_array_end = .)
                0x08009690                        . = ALIGN (0x4)

.fini_array     0x08009690        0x4
                0x08009690                        . = ALIGN (0x4)
                [!provide]                        PROVIDE (__fini_array_start = .)
 *(SORT_BY_NAME(.fini_array.*))
 *(.fini_array*)
 .fini_array    0x08009690        0x4 C:/ST/STM32CubeIDE_1.16.0/STM32CubeIDE/plugins/com.st.stm32cube.ide.mcu.externaltools.gnu-tools-for-stm32.13.3.rel1.win32_1.0.0.202411081344/tools/bin/../lib/gcc/arm-none-eabi/13.3.1/thumb/v7e-m+fp/hard/crtbegin.o
                [!provide]                        PROVIDE (__fini_array_end = .)
                0x08009694                        . = ALIGN (0x4)
                0x08009694                        _sidata = LOADADDR (.data)

.rel.dyn        0x08009694        0x0
 .rel.iplt      0x08009694        0x0 C:/ST/STM32CubeIDE_1.16.0/STM32CubeIDE/plugins/com.st.stm32cube.ide.mcu.externaltools.gnu-tools-for-stm32.13.3.rel1.win32_1.0.0.202411081344/tools/bin/../lib/gcc/arm-none-eabi/13.3.1/thumb/v7e-m+fp/hard/crtbegin.o

.data           0x20000000       0xb0 load address 0x08009694
                0x20000000                        . = ALIGN (0x4)
                0x20000000                        _sdata = .
 *(.data)
 *(.data*)
 .data.Font24   0x20000000        0x8 ./Core/Src/FONTS/font24.o
                0x20000000                Font24
 .data.ili9488_drv
                0x20000008       0x44 ./Core/Src/LCD/ili9488.o
                0x20000008                ili9488_drv
 .data.lcd_drv  0x2000004c        0x4 ./Core/Src/LCD/ili9488.o
                0x2000004c                lcd_drv
 .data.SystemCoreClock
                0x20000050        0x4 ./Core/Src/system_stm32l4xx.o
                0x20000050                SystemCoreClock
 .data.uwTickPrio
                0x20000054        0x4 ./Drivers/STM32L4xx_HAL_Driver/Src/stm32l4xx_hal.o
                0x20000054                uwTickPrio
 .data.uwTickFreq
                0x20000058        0x1 ./Drivers/STM32L4xx_HAL_Driver/Src/stm32l4xx_hal.o
                0x20000058                uwTickFreq
 *fill*         0x20000059        0x3 
 .data.uxCriticalNesting
                0x2000005c        0x4 ./Middlewares/Third_Party/FreeRTOS/Source/portable/GCC/ARM_CM4F/port.o
 .data._impure_ptr
                0x20000060        0x4 C:/ST/STM32CubeIDE_1.16.0/STM32CubeIDE/plugins/com.st.stm32cube.ide.mcu.externaltools.gnu-tools-for-stm32.13.3.rel1.win32_1.0.0.202411081344/tools/bin/../lib/gcc/arm-none-eabi/13.3.1/../../../../arm-none-eabi/lib/thumb/v7e-m+fp/hard\libc_nano.a(libc_a-impure.o)
                0x20000060                _impure_ptr
 .data._impure_data
                0x20000064       0x4c C:/ST/STM32CubeIDE_1.16.0/STM32CubeIDE/plugins/com.st.stm32cube.ide.mcu.externaltools.gnu-tools-for-stm32.13.3.rel1.win32_1.0.0.202411081344/tools/bin/../lib/gcc/arm-none-eabi/13.3.1/../../../../arm-none-eabi/lib/thumb/v7e-m+fp/hard\libc_nano.a(libc_a-impure.o)
                0x20000064                _impure_data
 *(.RamFunc)
 *(.RamFunc*)
                0x200000b0                        . = ALIGN (0x4)
                0x200000b0                        _edata = .

.igot.plt       0x200000b0        0x0 load address 0x08009744
 .igot.plt      0x200000b0        0x0 C:/ST/STM32CubeIDE_1.16.0/STM32CubeIDE/plugins/com.st.stm32cube.ide.mcu.externaltools.gnu-tools-for-stm32.13.3.rel1.win32_1.0.0.202411081344/tools/bin/../lib/gcc/arm-none-eabi/13.3.1/thumb/v7e-m+fp/hard/crtbegin.o
                0x200000b0                        . = ALIGN (0x4)

.bss            0x200000b0     0x15cc load address 0x08009744
                0x200000b0                        _sbss = .
                0x200000b0                        __bss_start__ = _sbss
 *(.bss)
 .bss           0x200000b0       0x1c C:/ST/STM32CubeIDE_1.16.0/STM32CubeIDE/plugins/com.st.stm32cube.ide.mcu.externaltools.gnu-tools-for-stm32.13.3.rel1.win32_1.0.0.202411081344/tools/bin/../lib/gcc/arm-none-eabi/13.3.1/thumb/v7e-m+fp/hard/crtbegin.o
 *(.bss*)
 .bss.TxHeader  0x200000cc       0x18 ./Core/Src/CAN/CAN_X_2025.o
                0x200000cc                TxHeader
 .bss.TxMailbox
                0x200000e4        0x4 ./Core/Src/CAN/CAN_X_2025.o
                0x200000e4                TxMailbox
 .bss.TxData    0x200000e8        0x8 ./Core/Src/CAN/CAN_X_2025.o
                0x200000e8                TxData
 .bss.VDC_Steering_Deadzone
                0x200000f0        0x1 ./Core/Src/CAN/CAN_X_2025.o
                0x200000f0                VDC_Steering_Deadzone
 .bss.VDC_Min_Tyre_Slip
                0x200000f1        0x1 ./Core/Src/CAN/CAN_X_2025.o
                0x200000f1                VDC_Min_Tyre_Slip
 .bss.VDC_Max_Tyre_Slip
                0x200000f2        0x1 ./Core/Src/CAN/CAN_X_2025.o
                0x200000f2                VDC_Max_Tyre_Slip
 .bss.VDC_Max_TV_DiffTq
                0x200000f3        0x1 ./Core/Src/CAN/CAN_X_2025.o
                0x200000f3                VDC_Max_TV_DiffTq
 .bss.VDC_Max_Steering_Angle
                0x200000f4        0x1 ./Core/Src/CAN/CAN_X_2025.o
                0x200000f4                VDC_Max_Steering_Angle
 .bss.VDC_AP_SatUp
                0x200000f5        0x1 ./Core/Src/CAN/CAN_X_2025.o
                0x200000f5                VDC_AP_SatUp
 .bss.VDC_AP_SatDown
                0x200000f6        0x1 ./Core/Src/CAN/CAN_X_2025.o
                0x200000f6                VDC_AP_SatDown
 *fill*         0x200000f7        0x1 
 .bss.TotalTime
                0x200000f8        0x2 ./Core/Src/CAN/CAN_X_2025.o
                0x200000f8                TotalTime
 .bss.LapCount  0x200000fa        0x1 ./Core/Src/CAN/CAN_X_2025.o
                0x200000fa                LapCount
 *fill*         0x200000fb        0x1 
 .bss.LapTime   0x200000fc        0x2 ./Core/Src/CAN/CAN_X_2025.o
                0x200000fc                LapTime
 .bss.Highest_CellVoltage
                0x200000fe        0x2 ./Core/Src/CAN/CAN_X_2025.o
                0x200000fe                Highest_CellVoltage
 .bss.Highest_CellTemp
                0x20000100        0x2 ./Core/Src/CAN/CAN_X_2025.o
                0x20000100                Highest_CellTemp
 .bss.Lowest_CellVoltage
                0x20000102        0x2 ./Core/Src/CAN/CAN_X_2025.o
                0x20000102                Lowest_CellVoltage
 .bss.Lowest_CellTemp
                0x20000104        0x2 ./Core/Src/CAN/CAN_X_2025.o
                0x20000104                Lowest_CellTemp
 .bss.DASH_LV   0x20000106        0x2 ./Core/Src/CAN/CAN_X_2025.o
                0x20000106                DASH_LV
 .bss.DASH_5V   0x20000108        0x2 ./Core/Src/CAN/CAN_X_2025.o
                0x20000108                DASH_5V
 .bss.DASH_3V3  0x2000010a        0x2 ./Core/Src/CAN/CAN_X_2025.o
                0x2000010a                DASH_3V3
 .bss.Dash_Alive
                0x2000010c        0x1 ./Core/Src/CAN/CAN_X_2025.o
                0x2000010c                Dash_Alive
 .bss.Precharge_Percentage
                0x2000010d        0x1 ./Core/Src/CAN/CAN_X_2025.o
                0x2000010d                Precharge_Percentage
 .bss.Power     0x2000010e        0x2 ./Core/Src/CAN/CAN_X_2025.o
                0x2000010e                Power
 .bss.SOC_High  0x20000110        0x2 ./Core/Src/CAN/CAN_X_2025.o
                0x20000110                SOC_High
 .bss.SOC_Low   0x20000112        0x2 ./Core/Src/CAN/CAN_X_2025.o
                0x20000112                SOC_Low
 .bss.SOC_Avg   0x20000114        0x2 ./Core/Src/CAN/CAN_X_2025.o
                0x20000114                SOC_Avg
 .bss.InvertersAction
                0x20000116        0x1 ./Core/Src/CAN/CAN_X_2025.o
                0x20000116                InvertersAction
 .bss.Relay_Error
                0x20000117        0x1 ./Core/Src/CAN/CAN_X_2025.o
                0x20000117                Relay_Error
 .bss.Regenerative_Enable
                0x20000118        0x1 ./Core/Src/CAN/CAN_X_2025.o
                0x20000118                Regenerative_Enable
 .bss.TC_Warning
                0x20000119        0x1 ./Core/Src/CAN/CAN_X_2025.o
                0x20000119                TC_Warning
 .bss.Sensorics_Mode
                0x2000011a        0x1 ./Core/Src/CAN/CAN_X_2025.o
                0x2000011a                Sensorics_Mode
 .bss.el_Vel_OK
                0x2000011b        0x1 ./Core/Src/CAN/CAN_X_2025.o
                0x2000011b                el_Vel_OK
 .bss.Torque_OK
                0x2000011c        0x1 ./Core/Src/CAN/CAN_X_2025.o
                0x2000011c                Torque_OK
 .bss.APPS_Implausibility
                0x2000011d        0x1 ./Core/Src/CAN/CAN_X_2025.o
                0x2000011d                APPS_Implausibility
 .bss.Disconnection_BrakePressure2
                0x2000011e        0x1 ./Core/Src/CAN/CAN_X_2025.o
                0x2000011e                Disconnection_BrakePressure2
 .bss.Disconnection_BrakePressure1
                0x2000011f        0x1 ./Core/Src/CAN/CAN_X_2025.o
                0x2000011f                Disconnection_BrakePressure1
 .bss.Critical_Signal_Disconnection
                0x20000120        0x1 ./Core/Src/CAN/CAN_X_2025.o
                0x20000120                Critical_Signal_Disconnection
 .bss.Critical_CAN_Disconnection
                0x20000121        0x1 ./Core/Src/CAN/CAN_X_2025.o
                0x20000121                Critical_CAN_Disconnection
 .bss.Disconnection_InvR
                0x20000122        0x1 ./Core/Src/CAN/CAN_X_2025.o
                0x20000122                Disconnection_InvR
 .bss.Disconnection_InvL
                0x20000123        0x1 ./Core/Src/CAN/CAN_X_2025.o
                0x20000123                Disconnection_InvL
 .bss.Disconnection_Susp_R_R
                0x20000124        0x1 ./Core/Src/CAN/CAN_X_2025.o
                0x20000124                Disconnection_Susp_R_R
 .bss.Disconnection_Susp_R_L
                0x20000125        0x1 ./Core/Src/CAN/CAN_X_2025.o
                0x20000125                Disconnection_Susp_R_L
 .bss.Disconnection_Susp_F_R
                0x20000126        0x1 ./Core/Src/CAN/CAN_X_2025.o
                0x20000126                Disconnection_Susp_F_R
 .bss.Disconnection_Susp_F_L
                0x20000127        0x1 ./Core/Src/CAN/CAN_X_2025.o
                0x20000127                Disconnection_Susp_F_L
 .bss.Disconnection_SteeringSensor
                0x20000128        0x1 ./Core/Src/CAN/CAN_X_2025.o
                0x20000128                Disconnection_SteeringSensor
 .bss.Disconnection_Rear
                0x20000129        0x1 ./Core/Src/CAN/CAN_X_2025.o
                0x20000129                Disconnection_Rear
 .bss.Disconnection_Pitot
                0x2000012a        0x1 ./Core/Src/CAN/CAN_X_2025.o
                0x2000012a                Disconnection_Pitot
 .bss.Disconnection_Front
                0x2000012b        0x1 ./Core/Src/CAN/CAN_X_2025.o
                0x2000012b                Disconnection_Front
 .bss.Disconnection_Ellipse
                0x2000012c        0x1 ./Core/Src/CAN/CAN_X_2025.o
                0x2000012c                Disconnection_Ellipse
 .bss.Disconnection_DashBoard
                0x2000012d        0x1 ./Core/Src/CAN/CAN_X_2025.o
                0x2000012d                Disconnection_DashBoard
 .bss.Disconnection_BrakePedal
                0x2000012e        0x1 ./Core/Src/CAN/CAN_X_2025.o
                0x2000012e                Disconnection_BrakePedal
 .bss.Disconnection_BMS
                0x2000012f        0x1 ./Core/Src/CAN/CAN_X_2025.o
                0x2000012f                Disconnection_BMS
 .bss.Disconnection_APPS2
                0x20000130        0x1 ./Core/Src/CAN/CAN_X_2025.o
                0x20000130                Disconnection_APPS2
 .bss.Disconnection_APPS1
                0x20000131        0x1 ./Core/Src/CAN/CAN_X_2025.o
                0x20000131                Disconnection_APPS1
 .bss.Inv_Speed
                0x20000132        0x1 ./Core/Src/CAN/CAN_X_2025.o
                0x20000132                Inv_Speed
 *fill*         0x20000133        0x1 
 .bss.el_VEL    0x20000134        0x2 ./Core/Src/CAN/CAN_X_2025.o
                0x20000134                el_VEL
 .bss.SteeringSensor_Value
                0x20000136        0x1 ./Core/Src/CAN/CAN_X_2025.o
                0x20000136                SteeringSensor_Value
 .bss.BrakePedal_Value
                0x20000137        0x1 ./Core/Src/CAN/CAN_X_2025.o
                0x20000137                BrakePedal_Value
 .bss.APPS2_Value
                0x20000138        0x1 ./Core/Src/CAN/CAN_X_2025.o
                0x20000138                APPS2_Value
 .bss.APPS1_Value
                0x20000139        0x1 ./Core/Src/CAN/CAN_X_2025.o
                0x20000139                APPS1_Value
 .bss.Pump_R    0x2000013a        0x1 ./Core/Src/CAN/CAN_X_2025.o
                0x2000013a                Pump_R
 .bss.Pump_L    0x2000013b        0x1 ./Core/Src/CAN/CAN_X_2025.o
                0x2000013b                Pump_L
 .bss.Button_2  0x2000013c        0x1 ./Core/Src/CAN/CAN_X_2025.o
                0x2000013c                Button_2
 .bss.Button_1  0x2000013d        0x1 ./Core/Src/CAN/CAN_X_2025.o
                0x2000013d                Button_1
 .bss.TV_Level  0x2000013e        0x1 ./Core/Src/CAN/CAN_X_2025.o
                0x2000013e                TV_Level
 .bss.TC_Level  0x2000013f        0x1 ./Core/Src/CAN/CAN_X_2025.o
                0x2000013f                TC_Level
 .bss.Driver    0x20000140        0x1 ./Core/Src/CAN/CAN_X_2025.o
                0x20000140                Driver
 .bss.RacingMode
                0x20000141        0x1 ./Core/Src/CAN/CAN_X_2025.o
                0x20000141                RacingMode
 .bss.EnableDrive_Order
                0x20000142        0x1 ./Core/Src/CAN/CAN_X_2025.o
                0x20000142                EnableDrive_Order
 .bss.PrechargeRequest
                0x20000143        0x1 ./Core/Src/CAN/CAN_X_2025.o
                0x20000143                PrechargeRequest
 .bss.Fans_R    0x20000144        0x1 ./Core/Src/CAN/CAN_X_2025.o
                0x20000144                Fans_R
 .bss.Fans_L    0x20000145        0x1 ./Core/Src/CAN/CAN_X_2025.o
                0x20000145                Fans_L
 .bss.Car_State
                0x20000146        0x1 ./Core/Src/CAN/CAN_X_2025.o
                0x20000146                Car_State
 .bss.Car_OK    0x20000147        0x1 ./Core/Src/CAN/CAN_X_2025.o
                0x20000147                Car_OK
 .bss.AIRs_Request
                0x20000148        0x1 ./Core/Src/CAN/CAN_X_2025.o
                0x20000148                AIRs_Request
 .bss.BrakeLight_Control
                0x20000149        0x1 ./Core/Src/CAN/CAN_X_2025.o
                0x20000149                BrakeLight_Control
 .bss.Throttle_Torque
                0x2000014a        0x2 ./Core/Src/CAN/CAN_X_2025.o
                0x2000014a                Throttle_Torque
 .bss.Torque_R  0x2000014c        0x2 ./Core/Src/CAN/CAN_X_2025.o
                0x2000014c                Torque_R
 .bss.Torque_L  0x2000014e        0x2 ./Core/Src/CAN/CAN_X_2025.o
                0x2000014e                Torque_L
 .bss.ETAS_Sync_X
                0x20000150        0x1 ./Core/Src/CAN/CAN_X_2025.o
                0x20000150                ETAS_Sync_X
 .bss.currentButtonState_Up
                0x20000151        0x1 ./Core/Src/DASH/buttons.o
                0x20000151                currentButtonState_Up
 .bss.currentButtonState_Down
                0x20000152        0x1 ./Core/Src/DASH/buttons.o
                0x20000152                currentButtonState_Down
 .bss.currentButtonState_Left
                0x20000153        0x1 ./Core/Src/DASH/buttons.o
                0x20000153                currentButtonState_Left
 .bss.currentButtonState_Right
                0x20000154        0x1 ./Core/Src/DASH/buttons.o
                0x20000154                currentButtonState_Right
 .bss.currentButtonState_OK
                0x20000155        0x1 ./Core/Src/DASH/buttons.o
                0x20000155                currentButtonState_OK
 .bss.lastButtonState_Up
                0x20000156        0x1 ./Core/Src/DASH/buttons.o
                0x20000156                lastButtonState_Up
 .bss.lastButtonState_Down
                0x20000157        0x1 ./Core/Src/DASH/buttons.o
                0x20000157                lastButtonState_Down
 .bss.lastButtonState_Left
                0x20000158        0x1 ./Core/Src/DASH/buttons.o
                0x20000158                lastButtonState_Left
 .bss.lastButtonState_Right
                0x20000159        0x1 ./Core/Src/DASH/buttons.o
                0x20000159                lastButtonState_Right
 .bss.lastButtonState_OK
                0x2000015a        0x1 ./Core/Src/DASH/buttons.o
                0x2000015a                lastButtonState_OK
 .bss.pendingButtonEvent
                0x2000015b        0x1 ./Core/Src/DASH/buttons.o
                0x2000015b                pendingButtonEvent
 .bss.RacingMode_Send
                0x2000015c        0x1 ./Core/Src/DASH/etr_carstate.o
                0x2000015c                RacingMode_Send
 *fill*         0x2000015d        0x3 
 .bss.Screen    0x20000160        0x3 ./Core/Src/DASH/etr_carstate.o
                0x20000160                Screen
 .bss.Is_ili9488_Initialized
                0x20000163        0x1 ./Core/Src/LCD/ili9488.o
 .bss.yStart    0x20000164        0x2 ./Core/Src/LCD/ili9488.o
 .bss.yEnd      0x20000166        0x2 ./Core/Src/LCD/ili9488.o
 .bss.scrparam.0
                0x20000168        0x8 ./Core/Src/LCD/ili9488.o
 .bss.DrawProp  0x20000170        0xc ./Core/Src/LCD/stm32_adafruit_lcd.o
                0x20000170                DrawProp
 .bss.bitmap    0x2000017c      0x366 ./Core/Src/LCD/stm32_adafruit_lcd.o
 *fill*         0x200004e2        0x2 
 .bss.xIdleTaskTCBBuffer
                0x200004e4       0xa0 ./Core/Src/freertos.o
 .bss.xIdleStack
                0x20000584      0x200 ./Core/Src/freertos.o
 .bss.hcan1     0x20000784       0x28 ./Core/Src/main.o
                0x20000784                hcan1
 .bss.CANHandle
                0x200007ac        0x4 ./Core/Src/main.o
                0x200007ac                CANHandle
 .bss.ButtonsHandle
                0x200007b0        0x4 ./Core/Src/main.o
                0x200007b0                ButtonsHandle
 .bss.DisplayHandle
                0x200007b4        0x4 ./Core/Src/main.o
                0x200007b4                DisplayHandle
 .bss.BinSemControlHandle
                0x200007b8        0x4 ./Core/Src/main.o
                0x200007b8                BinSemControlHandle
 .bss.RxData    0x200007bc        0x8 ./Core/Src/main.o
                0x200007bc                RxData
 .bss.RxHeader  0x200007c4       0x1c ./Core/Src/main.o
                0x200007c4                RxHeader
 .bss.htim4     0x200007e0       0x4c ./Core/Src/stm32l4xx_hal_timebase_tim.o
                0x200007e0                htim4
 .bss.uwTick    0x2000082c        0x4 ./Drivers/STM32L4xx_HAL_Driver/Src/stm32l4xx_hal.o
                0x2000082c                uwTick
 .bss.pxCurrentTCB
                0x20000830        0x4 ./Middlewares/Third_Party/FreeRTOS/Source/tasks.o
                0x20000830                pxCurrentTCB
 .bss.pxReadyTasksLists
                0x20000834       0x8c ./Middlewares/Third_Party/FreeRTOS/Source/tasks.o
 .bss.xDelayedTaskList1
                0x200008c0       0x14 ./Middlewares/Third_Party/FreeRTOS/Source/tasks.o
 .bss.xDelayedTaskList2
                0x200008d4       0x14 ./Middlewares/Third_Party/FreeRTOS/Source/tasks.o
 .bss.pxDelayedTaskList
                0x200008e8        0x4 ./Middlewares/Third_Party/FreeRTOS/Source/tasks.o
 .bss.pxOverflowDelayedTaskList
                0x200008ec        0x4 ./Middlewares/Third_Party/FreeRTOS/Source/tasks.o
 .bss.xPendingReadyList
                0x200008f0       0x14 ./Middlewares/Third_Party/FreeRTOS/Source/tasks.o
 .bss.xTasksWaitingTermination
                0x20000904       0x14 ./Middlewares/Third_Party/FreeRTOS/Source/tasks.o
 .bss.uxDeletedTasksWaitingCleanUp
                0x20000918        0x4 ./Middlewares/Third_Party/FreeRTOS/Source/tasks.o
 .bss.xSuspendedTaskList
                0x2000091c       0x14 ./Middlewares/Third_Party/FreeRTOS/Source/tasks.o
 .bss.uxCurrentNumberOfTasks
                0x20000930        0x4 ./Middlewares/Third_Party/FreeRTOS/Source/tasks.o
 .bss.xTickCount
                0x20000934        0x4 ./Middlewares/Third_Party/FreeRTOS/Source/tasks.o
 .bss.uxTopReadyPriority
                0x20000938        0x4 ./Middlewares/Third_Party/FreeRTOS/Source/tasks.o
 .bss.xSchedulerRunning
                0x2000093c        0x4 ./Middlewares/Third_Party/FreeRTOS/Source/tasks.o
 .bss.xPendedTicks
                0x20000940        0x4 ./Middlewares/Third_Party/FreeRTOS/Source/tasks.o
 .bss.xYieldPending
                0x20000944        0x4 ./Middlewares/Third_Party/FreeRTOS/Source/tasks.o
 .bss.xNumOfOverflows
                0x20000948        0x4 ./Middlewares/Third_Party/FreeRTOS/Source/tasks.o
 .bss.uxTaskNumber
                0x2000094c        0x4 ./Middlewares/Third_Party/FreeRTOS/Source/tasks.o
 .bss.xNextTaskUnblockTime
                0x20000950        0x4 ./Middlewares/Third_Party/FreeRTOS/Source/tasks.o
 .bss.xIdleTaskHandle
                0x20000954        0x4 ./Middlewares/Third_Party/FreeRTOS/Source/tasks.o
 .bss.uxSchedulerSuspended
                0x20000958        0x4 ./Middlewares/Third_Party/FreeRTOS/Source/tasks.o
 .bss.ucMaxSysCallPriority
                0x2000095c        0x1 ./Middlewares/Third_Party/FreeRTOS/Source/portable/GCC/ARM_CM4F/port.o
 *fill*         0x2000095d        0x3 
 .bss.ulMaxPRIGROUPValue
                0x20000960        0x4 ./Middlewares/Third_Party/FreeRTOS/Source/portable/GCC/ARM_CM4F/port.o
 .bss.ucHeap    0x20000964      0xbb8 ./Middlewares/Third_Party/FreeRTOS/Source/portable/MemMang/heap_4.o
 .bss.xStart    0x2000151c        0x8 ./Middlewares/Third_Party/FreeRTOS/Source/portable/MemMang/heap_4.o
 .bss.pxEnd     0x20001524        0x4 ./Middlewares/Third_Party/FreeRTOS/Source/portable/MemMang/heap_4.o
 .bss.xFreeBytesRemaining
                0x20001528        0x4 ./Middlewares/Third_Party/FreeRTOS/Source/portable/MemMang/heap_4.o
 .bss.xMinimumEverFreeBytesRemaining
                0x2000152c        0x4 ./Middlewares/Third_Party/FreeRTOS/Source/portable/MemMang/heap_4.o
 .bss.xNumberOfSuccessfulAllocations
                0x20001530        0x4 ./Middlewares/Third_Party/FreeRTOS/Source/portable/MemMang/heap_4.o
 .bss.xNumberOfSuccessfulFrees
                0x20001534        0x4 ./Middlewares/Third_Party/FreeRTOS/Source/portable/MemMang/heap_4.o
 .bss.xBlockAllocatedBit
                0x20001538        0x4 ./Middlewares/Third_Party/FreeRTOS/Source/portable/MemMang/heap_4.o
 .bss.__sf      0x2000153c      0x138 C:/ST/STM32CubeIDE_1.16.0/STM32CubeIDE/plugins/com.st.stm32cube.ide.mcu.externaltools.gnu-tools-for-stm32.13.3.rel1.win32_1.0.0.202411081344/tools/bin/../lib/gcc/arm-none-eabi/13.3.1/../../../../arm-none-eabi/lib/thumb/v7e-m+fp/hard\libc_nano.a(libc_a-findfp.o)
                0x2000153c                __sf
 .bss.__lock___malloc_recursive_mutex
                0x20001674        0x1 C:/ST/STM32CubeIDE_1.16.0/STM32CubeIDE/plugins/com.st.stm32cube.ide.mcu.externaltools.gnu-tools-for-stm32.13.3.rel1.win32_1.0.0.202411081344/tools/bin/../lib/gcc/arm-none-eabi/13.3.1/../../../../arm-none-eabi/lib/thumb/v7e-m+fp/hard\libc_nano.a(libc_a-lock.o)
                0x20001674                __lock___malloc_recursive_mutex
 *fill*         0x20001675        0x3 
 .bss.__malloc_free_list
                0x20001678        0x4 C:/ST/STM32CubeIDE_1.16.0/STM32CubeIDE/plugins/com.st.stm32cube.ide.mcu.externaltools.gnu-tools-for-stm32.13.3.rel1.win32_1.0.0.202411081344/tools/bin/../lib/gcc/arm-none-eabi/13.3.1/../../../../arm-none-eabi/lib/thumb/v7e-m+fp/hard\libc_nano.a(libc_a-mallocr.o)
                0x20001678                __malloc_free_list
 *(COMMON)
                0x2000167c                        . = ALIGN (0x4)
                0x2000167c                        _ebss = .
                0x2000167c                        __bss_end__ = _ebss

._user_heap_stack
                0x2000167c      0x604 load address 0x08009744
                0x20001680                        . = ALIGN (0x8)
 *fill*         0x2000167c        0x4 
                [!provide]                        PROVIDE (end = .)
                0x20001680                        PROVIDE (_end = .)
                0x20001880                        . = (. + _Min_Heap_Size)
 *fill*         0x20001680      0x200 
                0x20001c80                        . = (. + _Min_Stack_Size)
 *fill*         0x20001880      0x400 
                0x20001c80                        . = ALIGN (0x8)

/DISCARD/
 libc.a(*)
 libm.a(*)
 libgcc.a(*)

.ARM.attributes
                0x00000000       0x30
 *(.ARM.attributes)
 .ARM.attributes
                0x00000000       0x22 C:/ST/STM32CubeIDE_1.16.0/STM32CubeIDE/plugins/com.st.stm32cube.ide.mcu.externaltools.gnu-tools-for-stm32.13.3.rel1.win32_1.0.0.202411081344/tools/bin/../lib/gcc/arm-none-eabi/13.3.1/thumb/v7e-m+fp/hard/crti.o
 .ARM.attributes
                0x00000022       0x34 C:/ST/STM32CubeIDE_1.16.0/STM32CubeIDE/plugins/com.st.stm32cube.ide.mcu.externaltools.gnu-tools-for-stm32.13.3.rel1.win32_1.0.0.202411081344/tools/bin/../lib/gcc/arm-none-eabi/13.3.1/thumb/v7e-m+fp/hard/crtbegin.o
 .ARM.attributes
                0x00000056       0x34 ./Core/Src/CAN/CAN.o
 .ARM.attributes
                0x0000008a       0x34 ./Core/Src/CAN/CAN_X_2025.o
 .ARM.attributes
                0x000000be       0x34 ./Core/Src/DASH/buttons.o
 .ARM.attributes
                0x000000f2       0x34 ./Core/Src/DASH/etr_carstate.o
 .ARM.attributes
                0x00000126       0x34 ./Core/Src/FONTS/font24.o
 .ARM.attributes
                0x0000015a       0x34 ./Core/Src/LCD/ili9488.o
 .ARM.attributes
                0x0000018e       0x34 ./Core/Src/LCD/lcd_io_spi.o
 .ARM.attributes
                0x000001c2       0x34 ./Core/Src/LCD/stm32_adafruit_lcd.o
 .ARM.attributes
                0x000001f6       0x34 ./Core/Src/freertos.o
 .ARM.attributes
                0x0000022a       0x34 ./Core/Src/main.o
 .ARM.attributes
                0x0000025e       0x34 ./Core/Src/stm32l4xx_hal_msp.o
 .ARM.attributes
                0x00000292       0x34 ./Core/Src/stm32l4xx_hal_timebase_tim.o
 .ARM.attributes
                0x000002c6       0x34 ./Core/Src/stm32l4xx_it.o
 .ARM.attributes
                0x000002fa       0x34 ./Core/Src/system_stm32l4xx.o
 .ARM.attributes
                0x0000032e       0x21 ./Core/Startup/startup_stm32l496vetx.o
 .ARM.attributes
                0x0000034f       0x34 ./Drivers/STM32L4xx_HAL_Driver/Src/stm32l4xx_hal.o
 .ARM.attributes
                0x00000383       0x34 ./Drivers/STM32L4xx_HAL_Driver/Src/stm32l4xx_hal_can.o
 .ARM.attributes
                0x000003b7       0x34 ./Drivers/STM32L4xx_HAL_Driver/Src/stm32l4xx_hal_cortex.o
 .ARM.attributes
                0x000003eb       0x34 ./Drivers/STM32L4xx_HAL_Driver/Src/stm32l4xx_hal_gpio.o
 .ARM.attributes
                0x0000041f       0x34 ./Drivers/STM32L4xx_HAL_Driver/Src/stm32l4xx_hal_pwr_ex.o
 .ARM.attributes
                0x00000453       0x34 ./Drivers/STM32L4xx_HAL_Driver/Src/stm32l4xx_hal_rcc.o
 .ARM.attributes
                0x00000487       0x34 ./Drivers/STM32L4xx_HAL_Driver/Src/stm32l4xx_hal_tim.o
 .ARM.attributes
                0x000004bb       0x34 ./Drivers/STM32L4xx_HAL_Driver/Src/stm32l4xx_hal_tim_ex.o
 .ARM.attributes
                0x000004ef       0x34 ./Middlewares/Third_Party/FreeRTOS/Source/CMSIS_RTOS/cmsis_os.o
 .ARM.attributes
                0x00000523       0x34 ./Middlewares/Third_Party/FreeRTOS/Source/list.o
 .ARM.attributes
                0x00000557       0x34 ./Middlewares/Third_Party/FreeRTOS/Source/queue.o
 .ARM.attributes
                0x0000058b       0x34 ./Middlewares/Third_Party/FreeRTOS/Source/tasks.o
 .ARM.attributes
                0x000005bf       0x34 ./Middlewares/Third_Party/FreeRTOS/Source/portable/GCC/ARM_CM4F/port.o
 .ARM.attributes
                0x000005f3       0x34 ./Middlewares/Third_Party/FreeRTOS/Source/portable/MemMang/heap_4.o
 .ARM.attributes
                0x00000627       0x34 C:/ST/STM32CubeIDE_1.16.0/STM32CubeIDE/plugins/com.st.stm32cube.ide.mcu.externaltools.gnu-tools-for-stm32.13.3.rel1.win32_1.0.0.202411081344/tools/bin/../lib/gcc/arm-none-eabi/13.3.1/../../../../arm-none-eabi/lib/thumb/v7e-m+fp/hard\libc_nano.a(libc_a-findfp.o)
 .ARM.attributes
                0x0000065b       0x34 C:/ST/STM32CubeIDE_1.16.0/STM32CubeIDE/plugins/com.st.stm32cube.ide.mcu.externaltools.gnu-tools-for-stm32.13.3.rel1.win32_1.0.0.202411081344/tools/bin/../lib/gcc/arm-none-eabi/13.3.1/../../../../arm-none-eabi/lib/thumb/v7e-m+fp/hard\libc_nano.a(libc_a-memset.o)
 .ARM.attributes
                0x0000068f       0x34 C:/ST/STM32CubeIDE_1.16.0/STM32CubeIDE/plugins/com.st.stm32cube.ide.mcu.externaltools.gnu-tools-for-stm32.13.3.rel1.win32_1.0.0.202411081344/tools/bin/../lib/gcc/arm-none-eabi/13.3.1/../../../../arm-none-eabi/lib/thumb/v7e-m+fp/hard\libc_nano.a(libc_a-reent.o)
 .ARM.attributes
                0x000006c3       0x34 C:/ST/STM32CubeIDE_1.16.0/STM32CubeIDE/plugins/com.st.stm32cube.ide.mcu.externaltools.gnu-tools-for-stm32.13.3.rel1.win32_1.0.0.202411081344/tools/bin/../lib/gcc/arm-none-eabi/13.3.1/../../../../arm-none-eabi/lib/thumb/v7e-m+fp/hard\libc_nano.a(libc_a-impure.o)
 .ARM.attributes
                0x000006f7       0x34 C:/ST/STM32CubeIDE_1.16.0/STM32CubeIDE/plugins/com.st.stm32cube.ide.mcu.externaltools.gnu-tools-for-stm32.13.3.rel1.win32_1.0.0.202411081344/tools/bin/../lib/gcc/arm-none-eabi/13.3.1/../../../../arm-none-eabi/lib/thumb/v7e-m+fp/hard\libc_nano.a(libc_a-init.o)
 .ARM.attributes
                0x0000072b       0x34 C:/ST/STM32CubeIDE_1.16.0/STM32CubeIDE/plugins/com.st.stm32cube.ide.mcu.externaltools.gnu-tools-for-stm32.13.3.rel1.win32_1.0.0.202411081344/tools/bin/../lib/gcc/arm-none-eabi/13.3.1/../../../../arm-none-eabi/lib/thumb/v7e-m+fp/hard\libc_nano.a(libc_a-lock.o)
 .ARM.attributes
                0x0000075f       0x34 C:/ST/STM32CubeIDE_1.16.0/STM32CubeIDE/plugins/com.st.stm32cube.ide.mcu.externaltools.gnu-tools-for-stm32.13.3.rel1.win32_1.0.0.202411081344/tools/bin/../lib/gcc/arm-none-eabi/13.3.1/../../../../arm-none-eabi/lib/thumb/v7e-m+fp/hard\libc_nano.a(libc_a-memcpy-stub.o)
 .ARM.attributes
                0x00000793       0x34 C:/ST/STM32CubeIDE_1.16.0/STM32CubeIDE/plugins/com.st.stm32cube.ide.mcu.externaltools.gnu-tools-for-stm32.13.3.rel1.win32_1.0.0.202411081344/tools/bin/../lib/gcc/arm-none-eabi/13.3.1/../../../../arm-none-eabi/lib/thumb/v7e-m+fp/hard\libc_nano.a(libc_a-freer.o)
 .ARM.attributes
                0x000007c7       0x34 C:/ST/STM32CubeIDE_1.16.0/STM32CubeIDE/plugins/com.st.stm32cube.ide.mcu.externaltools.gnu-tools-for-stm32.13.3.rel1.win32_1.0.0.202411081344/tools/bin/../lib/gcc/arm-none-eabi/13.3.1/../../../../arm-none-eabi/lib/thumb/v7e-m+fp/hard\libc_nano.a(libc_a-mallocr.o)
 .ARM.attributes
                0x000007fb       0x34 C:/ST/STM32CubeIDE_1.16.0/STM32CubeIDE/plugins/com.st.stm32cube.ide.mcu.externaltools.gnu-tools-for-stm32.13.3.rel1.win32_1.0.0.202411081344/tools/bin/../lib/gcc/arm-none-eabi/13.3.1/../../../../arm-none-eabi/lib/thumb/v7e-m+fp/hard\libc_nano.a(libc_a-mlock.o)
 .ARM.attributes
                0x0000082f       0x22 C:/ST/STM32CubeIDE_1.16.0/STM32CubeIDE/plugins/com.st.stm32cube.ide.mcu.externaltools.gnu-tools-for-stm32.13.3.rel1.win32_1.0.0.202411081344/tools/bin/../lib/gcc/arm-none-eabi/13.3.1/thumb/v7e-m+fp/hard/crtn.o
OUTPUT(DASH_2024_2025.elf elf32-littlearm)
LOAD linker stubs
LOAD C:/ST/STM32CubeIDE_1.16.0/STM32CubeIDE/plugins/com.st.stm32cube.ide.mcu.externaltools.gnu-tools-for-stm32.13.3.rel1.win32_1.0.0.202411081344/tools/bin/../lib/gcc/arm-none-eabi/13.3.1/../../../../arm-none-eabi/lib/thumb/v7e-m+fp/hard\libc.a
LOAD C:/ST/STM32CubeIDE_1.16.0/STM32CubeIDE/plugins/com.st.stm32cube.ide.mcu.externaltools.gnu-tools-for-stm32.13.3.rel1.win32_1.0.0.202411081344/tools/bin/../lib/gcc/arm-none-eabi/13.3.1/../../../../arm-none-eabi/lib/thumb/v7e-m+fp/hard\libm.a
LOAD C:/ST/STM32CubeIDE_1.16.0/STM32CubeIDE/plugins/com.st.stm32cube.ide.mcu.externaltools.gnu-tools-for-stm32.13.3.rel1.win32_1.0.0.202411081344/tools/bin/../lib/gcc/arm-none-eabi/13.3.1/thumb/v7e-m+fp/hard\libgcc.a

.debug_info     0x00000000    0x1984c
 .debug_info    0x00000000      0x548 ./Core/Src/CAN/CAN.o
 .debug_info    0x00000548     0x22cb ./Core/Src/CAN/CAN_X_2025.o
 .debug_info    0x00002813      0x194 ./Core/Src/DASH/buttons.o
 .debug_info    0x000029a7      0x49e ./Core/Src/DASH/etr_carstate.o
 .debug_info    0x00002e45      0x125 ./Core/Src/FONTS/font24.o
 .debug_info    0x00002f6a      0x850 ./Core/Src/LCD/ili9488.o
 .debug_info    0x000037ba      0xa29 ./Core/Src/LCD/lcd_io_spi.o
 .debug_info    0x000041e3     0x117e ./Core/Src/LCD/stm32_adafruit_lcd.o
 .debug_info    0x00005361      0x919 ./Core/Src/freertos.o
 .debug_info    0x00005c7a     0x22a0 ./Core/Src/main.o
 .debug_info    0x00007f1a      0xb4b ./Core/Src/stm32l4xx_hal_msp.o
 .debug_info    0x00008a65      0xcd1 ./Core/Src/stm32l4xx_hal_timebase_tim.o
 .debug_info    0x00009736      0xad9 ./Core/Src/stm32l4xx_it.o
 .debug_info    0x0000a20f      0x5cd ./Core/Src/system_stm32l4xx.o
 .debug_info    0x0000a7dc       0x30 ./Core/Startup/startup_stm32l496vetx.o
 .debug_info    0x0000a80c      0xb4b ./Drivers/STM32L4xx_HAL_Driver/Src/stm32l4xx_hal.o
 .debug_info    0x0000b357      0xf17 ./Drivers/STM32L4xx_HAL_Driver/Src/stm32l4xx_hal_can.o
 .debug_info    0x0000c26e      0xdb7 ./Drivers/STM32L4xx_HAL_Driver/Src/stm32l4xx_hal_cortex.o
 .debug_info    0x0000d025      0x76f ./Drivers/STM32L4xx_HAL_Driver/Src/stm32l4xx_hal_gpio.o
 .debug_info    0x0000d794      0x996 ./Drivers/STM32L4xx_HAL_Driver/Src/stm32l4xx_hal_pwr_ex.o
 .debug_info    0x0000e12a      0xc3b ./Drivers/STM32L4xx_HAL_Driver/Src/stm32l4xx_hal_rcc.o
 .debug_info    0x0000ed65     0x2a9a ./Drivers/STM32L4xx_HAL_Driver/Src/stm32l4xx_hal_tim.o
 .debug_info    0x000117ff     0x169e ./Drivers/STM32L4xx_HAL_Driver/Src/stm32l4xx_hal_tim_ex.o
 .debug_info    0x00012e9d     0x21e2 ./Middlewares/Third_Party/FreeRTOS/Source/CMSIS_RTOS/cmsis_os.o
 .debug_info    0x0001507f      0x2af ./Middlewares/Third_Party/FreeRTOS/Source/list.o
 .debug_info    0x0001532e     0x17cd ./Middlewares/Third_Party/FreeRTOS/Source/queue.o
 .debug_info    0x00016afb     0x239e ./Middlewares/Third_Party/FreeRTOS/Source/tasks.o
 .debug_info    0x00018e99      0x4de ./Middlewares/Third_Party/FreeRTOS/Source/portable/GCC/ARM_CM4F/port.o
 .debug_info    0x00019377      0x4d5 ./Middlewares/Third_Party/FreeRTOS/Source/portable/MemMang/heap_4.o

.debug_abbrev   0x00000000     0x3c7d
 .debug_abbrev  0x00000000      0x179 ./Core/Src/CAN/CAN.o
 .debug_abbrev  0x00000179      0x21c ./Core/Src/CAN/CAN_X_2025.o
 .debug_abbrev  0x00000395       0x7a ./Core/Src/DASH/buttons.o
 .debug_abbrev  0x0000040f      0x19a ./Core/Src/DASH/etr_carstate.o
 .debug_abbrev  0x000005a9       0xb1 ./Core/Src/FONTS/font24.o
 .debug_abbrev  0x0000065a      0x1b8 ./Core/Src/LCD/ili9488.o
 .debug_abbrev  0x00000812      0x1a4 ./Core/Src/LCD/lcd_io_spi.o
 .debug_abbrev  0x000009b6      0x2ba ./Core/Src/LCD/stm32_adafruit_lcd.o
 .debug_abbrev  0x00000c70      0x16f ./Core/Src/freertos.o
 .debug_abbrev  0x00000ddf      0x38e ./Core/Src/main.o
 .debug_abbrev  0x0000116d      0x1ba ./Core/Src/stm32l4xx_hal_msp.o
 .debug_abbrev  0x00001327      0x1f4 ./Core/Src/stm32l4xx_hal_timebase_tim.o
 .debug_abbrev  0x0000151b      0x1b4 ./Core/Src/stm32l4xx_it.o
 .debug_abbrev  0x000016cf      0x11a ./Core/Src/system_stm32l4xx.o
 .debug_abbrev  0x000017e9       0x24 ./Core/Startup/startup_stm32l496vetx.o
 .debug_abbrev  0x0000180d      0x242 ./Drivers/STM32L4xx_HAL_Driver/Src/stm32l4xx_hal.o
 .debug_abbrev  0x00001a4f      0x26f ./Drivers/STM32L4xx_HAL_Driver/Src/stm32l4xx_hal_can.o
 .debug_abbrev  0x00001cbe      0x31c ./Drivers/STM32L4xx_HAL_Driver/Src/stm32l4xx_hal_cortex.o
 .debug_abbrev  0x00001fda      0x1cb ./Drivers/STM32L4xx_HAL_Driver/Src/stm32l4xx_hal_gpio.o
 .debug_abbrev  0x000021a5      0x1f9 ./Drivers/STM32L4xx_HAL_Driver/Src/stm32l4xx_hal_pwr_ex.o
 .debug_abbrev  0x0000239e      0x2cb ./Drivers/STM32L4xx_HAL_Driver/Src/stm32l4xx_hal_rcc.o
 .debug_abbrev  0x00002669      0x278 ./Drivers/STM32L4xx_HAL_Driver/Src/stm32l4xx_hal_tim.o
 .debug_abbrev  0x000028e1      0x283 ./Drivers/STM32L4xx_HAL_Driver/Src/stm32l4xx_hal_tim_ex.o
 .debug_abbrev  0x00002b64      0x426 ./Middlewares/Third_Party/FreeRTOS/Source/CMSIS_RTOS/cmsis_os.o
 .debug_abbrev  0x00002f8a       0xf5 ./Middlewares/Third_Party/FreeRTOS/Source/list.o
 .debug_abbrev  0x0000307f      0x3b5 ./Middlewares/Third_Party/FreeRTOS/Source/queue.o
 .debug_abbrev  0x00003434      0x3d0 ./Middlewares/Third_Party/FreeRTOS/Source/tasks.o
 .debug_abbrev  0x00003804      0x25c ./Middlewares/Third_Party/FreeRTOS/Source/portable/GCC/ARM_CM4F/port.o
 .debug_abbrev  0x00003a60      0x21d ./Middlewares/Third_Party/FreeRTOS/Source/portable/MemMang/heap_4.o

.debug_aranges  0x00000000     0x1888
 .debug_aranges
                0x00000000       0x20 ./Core/Src/CAN/CAN.o
 .debug_aranges
                0x00000020      0x298 ./Core/Src/CAN/CAN_X_2025.o
 .debug_aranges
                0x000002b8       0x20 ./Core/Src/DASH/buttons.o
 .debug_aranges
                0x000002d8       0x38 ./Core/Src/DASH/etr_carstate.o
 .debug_aranges
                0x00000310       0x18 ./Core/Src/FONTS/font24.o
 .debug_aranges
                0x00000328       0xa8 ./Core/Src/LCD/ili9488.o
 .debug_aranges
                0x000003d0      0x108 ./Core/Src/LCD/lcd_io_spi.o
 .debug_aranges
                0x000004d8      0x140 ./Core/Src/LCD/stm32_adafruit_lcd.o
 .debug_aranges
                0x00000618       0x20 ./Core/Src/freertos.o
 .debug_aranges
                0x00000638       0x68 ./Core/Src/main.o
 .debug_aranges
                0x000006a0       0x30 ./Core/Src/stm32l4xx_hal_msp.o
 .debug_aranges
                0x000006d0       0x30 ./Core/Src/stm32l4xx_hal_timebase_tim.o
 .debug_aranges
                0x00000700       0x60 ./Core/Src/stm32l4xx_it.o
 .debug_aranges
                0x00000760       0x28 ./Core/Src/system_stm32l4xx.o
 .debug_aranges
                0x00000788       0x28 ./Core/Startup/startup_stm32l496vetx.o
 .debug_aranges
                0x000007b0      0x130 ./Drivers/STM32L4xx_HAL_Driver/Src/stm32l4xx_hal.o
 .debug_aranges
                0x000008e0      0x138 ./Drivers/STM32L4xx_HAL_Driver/Src/stm32l4xx_hal_can.o
 .debug_aranges
                0x00000a18      0x128 ./Drivers/STM32L4xx_HAL_Driver/Src/stm32l4xx_hal_cortex.o
 .debug_aranges
                0x00000b40       0x58 ./Drivers/STM32L4xx_HAL_Driver/Src/stm32l4xx_hal_gpio.o
 .debug_aranges
                0x00000b98      0x150 ./Drivers/STM32L4xx_HAL_Driver/Src/stm32l4xx_hal_pwr_ex.o
 .debug_aranges
                0x00000ce8       0x90 ./Drivers/STM32L4xx_HAL_Driver/Src/stm32l4xx_hal_rcc.o
 .debug_aranges
                0x00000d78      0x3e0 ./Drivers/STM32L4xx_HAL_Driver/Src/stm32l4xx_hal_tim.o
 .debug_aranges
                0x00001158      0x180 ./Drivers/STM32L4xx_HAL_Driver/Src/stm32l4xx_hal_tim_ex.o
 .debug_aranges
                0x000012d8      0x1d8 ./Middlewares/Third_Party/FreeRTOS/Source/CMSIS_RTOS/cmsis_os.o
 .debug_aranges
                0x000014b0       0x40 ./Middlewares/Third_Party/FreeRTOS/Source/list.o
 .debug_aranges
                0x000014f0      0x108 ./Middlewares/Third_Party/FreeRTOS/Source/queue.o
 .debug_aranges
                0x000015f8      0x1b8 ./Middlewares/Third_Party/FreeRTOS/Source/tasks.o
 .debug_aranges
                0x000017b0       0x80 ./Middlewares/Third_Party/FreeRTOS/Source/portable/GCC/ARM_CM4F/port.o
 .debug_aranges
                0x00001830       0x58 ./Middlewares/Third_Party/FreeRTOS/Source/portable/MemMang/heap_4.o

.debug_rnglists
                0x00000000     0x12d9
 .debug_rnglists
                0x00000000       0x13 ./Core/Src/CAN/CAN.o
 .debug_rnglists
                0x00000013      0x226 ./Core/Src/CAN/CAN_X_2025.o
 .debug_rnglists
                0x00000239       0x14 ./Core/Src/DASH/buttons.o
 .debug_rnglists
                0x0000024d       0x27 ./Core/Src/DASH/etr_carstate.o
 .debug_rnglists
                0x00000274       0x80 ./Core/Src/LCD/ili9488.o
 .debug_rnglists
                0x000002f4       0xc6 ./Core/Src/LCD/lcd_io_spi.o
 .debug_rnglists
                0x000003ba       0xf6 ./Core/Src/LCD/stm32_adafruit_lcd.o
 .debug_rnglists
                0x000004b0       0x13 ./Core/Src/freertos.o
 .debug_rnglists
                0x000004c3       0x4f ./Core/Src/main.o
 .debug_rnglists
                0x00000512       0x20 ./Core/Src/stm32l4xx_hal_msp.o
 .debug_rnglists