../Drivers/CMSIS/Include/core_cm4.h:1933:34:__NVIC_SystemReset	4	static,ignoring_inline_asm
../Core/Src/CAN_X_2025.c:239:6:message_cantx_VECTOR__INDEPENDENT_SIG_MSG	8	static
../Core/Src/CAN_X_2025.c:298:6:message_cantx_PROC_ETAS_VDC_Pressure	8	static
../Core/Src/CAN_X_2025.c:315:6:message_cantx_CAB300	8	static
../Core/Src/CAN_X_2025.c:332:6:message_cantx_PROC_ETAS_Warning	8	static
../Core/Src/CAN_X_2025.c:349:6:message_cantx_TEL_ETAS_Accu	8	static
../Core/Src/CAN_X_2025.c:368:6:message_cantx_TEL_ETAS_Info	8	static
../Core/Src/CAN_X_2025.c:384:6:message_cantx_TEL_ETAS_Temps	8	static
../Core/Src/CAN_X_2025.c:408:6:message_cantx_NM_BMS_Charger_Keep_Alive	8	static
../Core/Src/CAN_X_2025.c:422:6:message_cantx_STAT_BMS_SFR	8	static
../Core/Src/CAN_X_2025.c:450:6:message_cantx_CHARGER_Battery_Current	8	static
../Core/Src/CAN_X_2025.c:466:6:message_cantx_STAT_CHARGER_Battery_Temp	8	static
../Core/Src/CAN_X_2025.c:485:6:message_cantx_STAT_CHARGER_Battery_Voltages	8	static
../Core/Src/CAN_X_2025.c:505:6:message_cantx_STAT_CHARGER_PrechargeOK	8	static
../Core/Src/CAN_X_2025.c:519:6:message_cantx_STAT_BMS_AIRs_State	8	static
../Core/Src/CAN_X_2025.c:533:6:message_cantx_CTRL_CHARGER_AIRs_Request	8	static
../Core/Src/CAN_X_2025.c:547:6:message_cantx_STAT_CHARGER_Sync	8	static
../Core/Src/CAN_X_2025.c:561:6:message_cantx_PROC_ETAS_VDC_Params	8	static
../Core/Src/CAN_X_2025.c:591:6:message_cantx_PROC_ETAS_VDC_LapTiming	8	static
../Core/Src/CAN_X_2025.c:614:6:message_cantx_CTRL_BMS_Accu_Data	8	static
../Core/Src/CAN_X_2025.c:639:6:message_cantx_CTRL_BMS_Cell_Extremes	8	static
../Core/Src/CAN_X_2025.c:660:6:message_cantx_STAT_DASH_Keep_Alive	8	static
../Core/Src/CAN_X_2025.c:680:6:message_cantx_STAT_BMS_Keep_Alive	8	static
../Core/Src/CAN_X_2025.c:702:6:message_cantx_PROC_ETAS_TS_Data	8	static
../Core/Src/CAN_X_2025.c:726:6:message_cantx_PROC_ELLIPSE_Auto	8	static
../Core/Src/CAN_X_2025.c:751:6:message_cantx_CTRL_ELLIPSE_GPS_Vel	8	static
../Core/Src/CAN_X_2025.c:773:6:message_cantx_STAT_ETAS_Diagnostics	8	static
../Core/Src/CAN_X_2025.c:814:6:message_cantx_PROC_ETAS_VDC_Values	8	static
../Core/Src/CAN_X_2025.c:838:6:message_cantx_CTRL_DASH_Driver_Inputs	8	static
../Core/Src/CAN_X_2025.c:864:6:message_cantx_CTRL_ETAS_System	8	static
../Core/Src/CAN_X_2025.c:881:6:message_cantx_PROC_ELLIPSE_EKF_Pos	8	static
../Core/Src/CAN_X_2025.c:894:6:message_cantx_PROC_ELLIPSE_IMU_Accel	8	static
../Core/Src/CAN_X_2025.c:916:6:message_cantx_PROC_ELLIPSE_EKF_Euler	8	static
../Core/Src/CAN_X_2025.c:938:6:message_cantx_CTRL_ELLIPSE_EKF_Vel	8	static
../Core/Src/CAN_X_2025.c:960:6:message_cantx_STAT_ELLIPSE_Status	8	static
../Core/Src/CAN_X_2025.c:973:6:message_cantx_PROC_ELLIPSE_IMU_Gyro	8	static
../Core/Src/CAN_X_2025.c:995:6:message_cantx_CTRL_ELLIPSE_Vel_Valid	8	static
../Core/Src/CAN_X_2025.c:1012:6:message_cantx_PROC_ETAS_Inverter_R_Data	8	static
../Core/Src/CAN_X_2025.c:1033:6:message_cantx_PROC_ETAS_Inverter_L_Data	8	static
../Core/Src/CAN_X_2025.c:1054:6:message_cantx_PROC_ETAS_VDC_Suspe	8	static
../Core/Src/CAN_X_2025.c:1077:6:message_cantx_PROC_ETAS_VDC_Tq	8	static
../Core/Src/CAN_X_2025.c:1096:6:message_cantx_RAW_RECU_Data	8	static
../Core/Src/CAN_X_2025.c:1113:6:message_cantx_STAT_FECU_Keep_Alive	8	static
../Core/Src/CAN_X_2025.c:1137:6:message_cantx_STAT_RECU_Keep_Alive	8	static
../Core/Src/CAN_X_2025.c:1164:6:message_cantx_RAW_FECU_Data2	8	static
../Core/Src/CAN_X_2025.c:1187:6:message_cantx_RAW_FECU_Data1	8	static
../Core/Src/CAN_X_2025.c:1208:6:message_cantx_STAT_ETAS_Sync	8	static
../Core/Src/CAN_X_2025.c:1224:6:message_canrx_VECTOR__INDEPENDENT_SIG_MSG	16	static
../Core/Src/CAN_X_2025.c:1246:6:message_canrx_PROC_ETAS_VDC_Pressure	16	static
../Core/Src/CAN_X_2025.c:1251:6:message_canrx_CAB300	16	static
../Core/Src/CAN_X_2025.c:1255:6:message_canrx_PROC_ETAS_Warning	16	static
../Core/Src/CAN_X_2025.c:1262:6:message_canrx_TEL_ETAS_Accu	16	static
../Core/Src/CAN_X_2025.c:1268:6:message_canrx_TEL_ETAS_Info	16	static
../Core/Src/CAN_X_2025.c:1274:6:message_canrx_TEL_ETAS_Temps	16	static
../Core/Src/CAN_X_2025.c:1282:6:message_canrx_NM_BMS_Charger_Keep_Alive	16	static
../Core/Src/CAN_X_2025.c:1286:6:message_canrx_STAT_BMS_SFR	16	static
../Core/Src/CAN_X_2025.c:1304:6:message_canrx_CHARGER_Battery_Current	16	static
../Core/Src/CAN_X_2025.c:1308:6:message_canrx_STAT_CHARGER_Battery_Temp	16	static
../Core/Src/CAN_X_2025.c:1314:6:message_canrx_STAT_CHARGER_Battery_Voltages	16	static
../Core/Src/CAN_X_2025.c:1320:6:message_canrx_STAT_CHARGER_PrechargeOK	16	static
../Core/Src/CAN_X_2025.c:1324:6:message_canrx_STAT_BMS_AIRs_State	16	static
../Core/Src/CAN_X_2025.c:1328:6:message_canrx_CTRL_CHARGER_AIRs_Request	16	static
../Core/Src/CAN_X_2025.c:1332:6:message_canrx_STAT_CHARGER_Sync	16	static
../Core/Src/CAN_X_2025.c:1336:6:message_canrx_PROC_ETAS_VDC_Params	16	static
../Core/Src/CAN_X_2025.c:1351:6:message_canrx_PROC_ETAS_VDC_LapTiming	16	static
../Core/Src/CAN_X_2025.c:1360:6:message_canrx_CTRL_BMS_Accu_Data	16	static
../Core/Src/CAN_X_2025.c:1370:6:message_canrx_CTRL_BMS_Cell_Extremes	16	static
../Core/Src/CAN_X_2025.c:1377:6:message_canrx_STAT_DASH_Keep_Alive	16	static
../Core/Src/CAN_X_2025.c:1384:6:message_canrx_STAT_BMS_Keep_Alive	16	static
../Core/Src/CAN_X_2025.c:1393:6:message_canrx_PROC_ETAS_TS_Data	16	static
../Core/Src/CAN_X_2025.c:1401:6:message_canrx_PROC_ELLIPSE_Auto	16	static
../Core/Src/CAN_X_2025.c:1410:6:message_canrx_CTRL_ELLIPSE_GPS_Vel	16	static
../Core/Src/CAN_X_2025.c:1416:6:message_canrx_STAT_ETAS_Diagnostics	16	static
../Core/Src/CAN_X_2025.c:1447:6:message_canrx_PROC_ETAS_VDC_Values	16	static
../Core/Src/CAN_X_2025.c:1456:6:message_canrx_CTRL_DASH_Driver_Inputs	16	static
../Core/Src/CAN_X_2025.c:1472:6:message_canrx_CTRL_ETAS_System	16	static
../Core/Src/CAN_X_2025.c:1479:6:message_canrx_PROC_ELLIPSE_EKF_Pos	16	static
../Core/Src/CAN_X_2025.c:1482:6:message_canrx_PROC_ELLIPSE_IMU_Accel	16	static
../Core/Src/CAN_X_2025.c:1488:6:message_canrx_PROC_ELLIPSE_EKF_Euler	16	static
../Core/Src/CAN_X_2025.c:1494:6:message_canrx_CTRL_ELLIPSE_EKF_Vel	16	static
../Core/Src/CAN_X_2025.c:1500:6:message_canrx_STAT_ELLIPSE_Status	16	static
../Core/Src/CAN_X_2025.c:1503:6:message_canrx_PROC_ELLIPSE_IMU_Gyro	16	static
../Core/Src/CAN_X_2025.c:1509:6:message_canrx_CTRL_ELLIPSE_Vel_Valid	16	static
../Core/Src/CAN_X_2025.c:1515:6:message_canrx_PROC_ETAS_Inverter_R_Data	16	static
../Core/Src/CAN_X_2025.c:1522:6:message_canrx_PROC_ETAS_Inverter_L_Data	16	static
../Core/Src/CAN_X_2025.c:1529:6:message_canrx_PROC_ETAS_VDC_Suspe	16	static
../Core/Src/CAN_X_2025.c:1536:6:message_canrx_PROC_ETAS_VDC_Tq	16	static
../Core/Src/CAN_X_2025.c:1542:6:message_canrx_RAW_RECU_Data	16	static
../Core/Src/CAN_X_2025.c:1547:6:message_canrx_STAT_FECU_Keep_Alive	16	static
../Core/Src/CAN_X_2025.c:1557:6:message_canrx_STAT_RECU_Keep_Alive	16	static
../Core/Src/CAN_X_2025.c:1569:6:message_canrx_RAW_FECU_Data2	16	static
../Core/Src/CAN_X_2025.c:1577:6:message_canrx_RAW_FECU_Data1	16	static
../Core/Src/CAN_X_2025.c:1584:6:message_canrx_STAT_ETAS_Sync	16	static
../Core/Src/CAN_X_2025.c:1588:6:error_handle	8	static
