../Core/Src/main.c:102:5:main	104	static
../Core/Src/main.c:200:6:SystemClock_Config	96	static
../Core/Src/main.c:251:13:MX_ADC1_Init	48	static
../Core/Src/main.c:417:13:MX_CAN1_Init	8	static
../Core/Src/main.c:454:13:MX_TIM8_Init	40	static
../Core/Src/main.c:499:13:MX_DMA_Init	16	static
../Core/Src/main.c:517:13:MX_GPIO_Init	48	static
../Core/Src/main.c:560:6:StartCAN	56	static
../Core/Src/main.c:620:6:StartADC	16	static
../Core/Src/main.c:650:6:StartShutdown	16	static
../Core/Src/main.c:672:6:HAL_TIM_PeriodElapsedCallback	16	static
../Core/Src/main.c:689:6:Error_Handler	4	static,ignoring_inline_asm
