../Core/Src/main.c:95:5:main	112	static
../Core/Src/main.c:191:6:SystemClock_Config	96	static
../Core/Src/main.c:242:13:MX_CAN1_Init	8	static
../Core/Src/main.c:279:13:MX_GPIO_Init	48	static
../Core/Src/main.c:347:6:HAL_CAN_RxFifo0MsgPendingCallback	16	static
../Core/Src/main.c:389:6:StartCAN	56	static
../Core/Src/main.c:423:6:StartButtons	16	static
../Core/Src/main.c:450:6:StartDisplay	16	static
../Core/Src/main.c:472:6:HAL_TIM_PeriodElapsedCallback	16	static
../Core/Src/main.c:490:6:Error_Handler	4	static,ignoring_inline_asm
