../Core/Src/main.c:95:5:main	1
../Core/Src/main.c:191:6:SystemClock_Config	4
../Core/Src/main.c:242:13:MX_CAN1_Init	2
../Core/Src/main.c:279:13:MX_TIM1_Init	6
../Core/Src/main.c:353:13:MX_TIM8_Init	4
../Core/Src/main.c:400:13:MX_GPIO_Init	1
../Core/Src/main.c:444:6:HAL_CAN_RxFifo0MsgPendingCallback	6
../Core/Src/main.c:475:6:StartCAN	1
../Core/Src/main.c:511:6:StartButtons	1
../Core/Src/main.c:529:6:StartDisplay	1
../Core/Src/main.c:548:6:HAL_TIM_PeriodElapsedCallback	2
../Core/Src/main.c:565:6:Error_Handler	1
