../Core/Src/main.c:93:5:main	112	static
../Core/Src/main.c:192:6:SystemClock_Config	96	static
../Core/Src/main.c:243:13:MX_CAN1_Init	8	static
../Core/Src/main.c:280:13:MX_GPIO_Init	48	static
../Core/Src/main.c:348:6:HAL_CAN_RxFifo0MsgPendingCallback	16	static
../Core/Src/main.c:398:6:StartCAN	56	static
../Core/Src/main.c:436:6:StartButtons	16	static
../Core/Src/main.c:464:6:StartDisplay	16	static
../Core/Src/main.c:484:6:HAL_TIM_PeriodElapsedCallback	16	static
../Core/Src/main.c:502:6:Error_Handler	4	static,ignoring_inline_asm
