../Core/Src/main.c:99:5:main	88	static
../Core/Src/main.c:163:6:SystemClock_Config	88	static
../Core/Src/main.c:218:13:MX_ADC1_Init	24	static
../Core/Src/main.c:324:13:MX_CAN1_Init	8	static
../Core/Src/main.c:361:13:MX_CAN2_Init	8	static
../Core/Src/main.c:398:13:MX_TIM5_Init	40	static
../Core/Src/main.c:443:13:MX_TIM14_Init	8	static
../Core/Src/main.c:472:13:MX_DMA_Init	16	static
../Core/Src/main.c:490:13:MX_GPIO_Init	56	static
../Core/Src/main.c:515:6:HAL_TIM_PeriodElapsedCallback	120	static
../Core/Src/main.c:535:6:HAL_CAN_RxFifo0MsgPendingCallback	16	static
../Core/Src/main.c:545:6:HAL_CAN_RxFifo1MsgPendingCallback	16	static
../Core/Src/main.c:555:6:HAL_ADC_ConvCpltCallback	16	static
../Core/Src/main.c:577:6:MPU_Config	24	static
../Core/Src/main.c:608:6:Error_Handler	4	static,ignoring_inline_asm
