../Core/Src/main.c:110:5:main	88	static
../Core/Src/main.c:177:6:SystemClock_Config	88	static
../Core/Src/main.c:232:13:MX_ADC1_Init	24	static
../Core/Src/main.c:338:13:MX_CAN1_Init	8	static
../Core/Src/main.c:375:13:MX_CAN2_Init	8	static
../Core/Src/main.c:412:13:MX_TIM5_Init	40	static
../Core/Src/main.c:457:13:MX_TIM14_Init	8	static
../Core/Src/main.c:486:13:MX_DMA_Init	16	static
../Core/Src/main.c:504:13:MX_GPIO_Init	48	static
../Core/Src/main.c:528:6:HAL_TIM_PeriodElapsedCallback	120	static
../Core/Src/main.c:548:9:HAL_CAN_RxFifo0MsgPendingCallback	16	static
../Core/Src/main.c:558:9:HAL_ADC_ConvCpltCallback	16	static
../Core/Src/main.c:580:6:MPU_Config	24	static
../Core/Src/main.c:611:6:Error_Handler	4	static,ignoring_inline_asm
