../Core/Src/can_comunication.c:28:7:filtercanconfig	16	static
../Core/Src/can_comunication.c:47:7:message_cantx_AIR_State	16	static
../Core/Src/can_comunication.c:63:7:message_cantx_Temperature_State	8	static
../Core/Src/can_comunication.c:85:7:message_cantx_Charger_Parameters	16	static
../Core/Src/can_comunication.c:103:7:message_cantx_Keep_Alive	8	static
../Core/Src/can_comunication.c:121:7:message_cantx_Shutdown	16	static
../Core/Src/can_comunication.c:137:7:message_cantx_SoC_SoH	16	static
../Core/Src/can_comunication.c:160:10:combined_bits	24	static
../Core/Src/can_comunication.c:178:7:message_cantx_Voltage_State	8	static
../Core/Src/can_comunication.c:239:16:uncombined_bytes	16	static
../Core/Src/can_comunication.c:260:7:message_canrx_Syncronism	16	static
../Core/Src/can_comunication.c:268:7:message_cantx_FECU_Data1	8	static
../Core/Src/can_comunication.c:288:7:message_cantx_FECU_DATA2	8	static
../Core/Src/can_comunication.c:306:7:message_cantx_FECU_SDC	8	static
../Core/Src/can_comunication.c:319:7:message_cantx_FECU_Keep_Alive	8	static
