Archive member included to satisfy reference by file (symbol)

C:/ST/STM32CubeIDE_1.17.0/STM32CubeIDE/plugins/com.st.stm32cube.ide.mcu.externaltools.gnu-tools-for-stm32.12.3.rel1.win32_1.1.0.202410251130/tools/bin/../lib/gcc/arm-none-eabi/12.3.1/../../../../arm-none-eabi/lib/thumb/v7e-m+fp/hard\libc_nano.a(libc_a-exit.o)
                              C:/ST/STM32CubeIDE_1.17.0/STM32CubeIDE/plugins/com.st.stm32cube.ide.mcu.externaltools.gnu-tools-for-stm32.12.3.rel1.win32_1.1.0.202410251130/tools/bin/../lib/gcc/arm-none-eabi/12.3.1/../../../../arm-none-eabi/lib/thumb/v7e-m+fp/hard/crt0.o (exit)
C:/ST/STM32CubeIDE_1.17.0/STM32CubeIDE/plugins/com.st.stm32cube.ide.mcu.externaltools.gnu-tools-for-stm32.12.3.rel1.win32_1.1.0.202410251130/tools/bin/../lib/gcc/arm-none-eabi/12.3.1/../../../../arm-none-eabi/lib/thumb/v7e-m+fp/hard\libc_nano.a(libc_a-findfp.o)
                              ./Middlewares/Third_Party/FreeRTOS/Source/tasks.o (__sf)
C:/ST/STM32CubeIDE_1.17.0/STM32CubeIDE/plugins/com.st.stm32cube.ide.mcu.externaltools.gnu-tools-for-stm32.12.3.rel1.win32_1.1.0.202410251130/tools/bin/../lib/gcc/arm-none-eabi/12.3.1/../../../../arm-none-eabi/lib/thumb/v7e-m+fp/hard\libc_nano.a(libc_a-fwalk.o)
                              C:/ST/STM32CubeIDE_1.17.0/STM32CubeIDE/plugins/com.st.stm32cube.ide.mcu.externaltools.gnu-tools-for-stm32.12.3.rel1.win32_1.1.0.202410251130/tools/bin/../lib/gcc/arm-none-eabi/12.3.1/../../../../arm-none-eabi/lib/thumb/v7e-m+fp/hard\libc_nano.a(libc_a-findfp.o) (_fwalk_sglue)
C:/ST/STM32CubeIDE_1.17.0/STM32CubeIDE/plugins/com.st.stm32cube.ide.mcu.externaltools.gnu-tools-for-stm32.12.3.rel1.win32_1.1.0.202410251130/tools/bin/../lib/gcc/arm-none-eabi/12.3.1/../../../../arm-none-eabi/lib/thumb/v7e-m+fp/hard\libc_nano.a(libc_a-stdio.o)
                              C:/ST/STM32CubeIDE_1.17.0/STM32CubeIDE/plugins/com.st.stm32cube.ide.mcu.externaltools.gnu-tools-for-stm32.12.3.rel1.win32_1.1.0.202410251130/tools/bin/../lib/gcc/arm-none-eabi/12.3.1/../../../../arm-none-eabi/lib/thumb/v7e-m+fp/hard\libc_nano.a(libc_a-findfp.o) (__sread)
C:/ST/STM32CubeIDE_1.17.0/STM32CubeIDE/plugins/com.st.stm32cube.ide.mcu.externaltools.gnu-tools-for-stm32.12.3.rel1.win32_1.1.0.202410251130/tools/bin/../lib/gcc/arm-none-eabi/12.3.1/../../../../arm-none-eabi/lib/thumb/v7e-m+fp/hard\libc_nano.a(libc_a-memset.o)
                              C:/ST/STM32CubeIDE_1.17.0/STM32CubeIDE/plugins/com.st.stm32cube.ide.mcu.externaltools.gnu-tools-for-stm32.12.3.rel1.win32_1.1.0.202410251130/tools/bin/../lib/gcc/arm-none-eabi/12.3.1/../../../../arm-none-eabi/lib/thumb/v7e-m+fp/hard/crt0.o (memset)
C:/ST/STM32CubeIDE_1.17.0/STM32CubeIDE/plugins/com.st.stm32cube.ide.mcu.externaltools.gnu-tools-for-stm32.12.3.rel1.win32_1.1.0.202410251130/tools/bin/../lib/gcc/arm-none-eabi/12.3.1/../../../../arm-none-eabi/lib/thumb/v7e-m+fp/hard\libc_nano.a(libc_a-closer.o)
                              C:/ST/STM32CubeIDE_1.17.0/STM32CubeIDE/plugins/com.st.stm32cube.ide.mcu.externaltools.gnu-tools-for-stm32.12.3.rel1.win32_1.1.0.202410251130/tools/bin/../lib/gcc/arm-none-eabi/12.3.1/../../../../arm-none-eabi/lib/thumb/v7e-m+fp/hard\libc_nano.a(libc_a-stdio.o) (_close_r)
C:/ST/STM32CubeIDE_1.17.0/STM32CubeIDE/plugins/com.st.stm32cube.ide.mcu.externaltools.gnu-tools-for-stm32.12.3.rel1.win32_1.1.0.202410251130/tools/bin/../lib/gcc/arm-none-eabi/12.3.1/../../../../arm-none-eabi/lib/thumb/v7e-m+fp/hard\libc_nano.a(libc_a-reent.o)
                              ./Middlewares/Third_Party/FreeRTOS/Source/tasks.o (_reclaim_reent)
C:/ST/STM32CubeIDE_1.17.0/STM32CubeIDE/plugins/com.st.stm32cube.ide.mcu.externaltools.gnu-tools-for-stm32.12.3.rel1.win32_1.1.0.202410251130/tools/bin/../lib/gcc/arm-none-eabi/12.3.1/../../../../arm-none-eabi/lib/thumb/v7e-m+fp/hard\libc_nano.a(libc_a-impure.o)
                              ./Middlewares/Third_Party/FreeRTOS/Source/tasks.o (_impure_ptr)
C:/ST/STM32CubeIDE_1.17.0/STM32CubeIDE/plugins/com.st.stm32cube.ide.mcu.externaltools.gnu-tools-for-stm32.12.3.rel1.win32_1.1.0.202410251130/tools/bin/../lib/gcc/arm-none-eabi/12.3.1/../../../../arm-none-eabi/lib/thumb/v7e-m+fp/hard\libc_nano.a(libc_a-lseekr.o)
                              C:/ST/STM32CubeIDE_1.17.0/STM32CubeIDE/plugins/com.st.stm32cube.ide.mcu.externaltools.gnu-tools-for-stm32.12.3.rel1.win32_1.1.0.202410251130/tools/bin/../lib/gcc/arm-none-eabi/12.3.1/../../../../arm-none-eabi/lib/thumb/v7e-m+fp/hard\libc_nano.a(libc_a-stdio.o) (_lseek_r)
C:/ST/STM32CubeIDE_1.17.0/STM32CubeIDE/plugins/com.st.stm32cube.ide.mcu.externaltools.gnu-tools-for-stm32.12.3.rel1.win32_1.1.0.202410251130/tools/bin/../lib/gcc/arm-none-eabi/12.3.1/../../../../arm-none-eabi/lib/thumb/v7e-m+fp/hard\libc_nano.a(libc_a-readr.o)
[...]
Memory Configuration

Name             Origin             Length             Attributes
RAM              0x20000000         0x00040000         xrw
RAM2             0x10000000         0x00010000         xrw
FLASH            0x08000000         0x00080000         xr
*default*        0x00000000         0xffffffff

Linker script and memory map

LOAD C:/ST/STM32CubeIDE_1.17.0/STM32CubeIDE/plugins/com.st.stm32cube.ide.mcu.externaltools.gnu-tools-for-stm32.12.3.rel1.win32_1.1.0.202410251130/tools/bin/../lib/gcc/arm-none-eabi/12.3.1/thumb/v7e-m+fp/hard/crti.o
LOAD C:/ST/STM32CubeIDE_1.17.0/STM32CubeIDE/plugins/com.st.stm32cube.ide.mcu.externaltools.gnu-tools-for-stm32.12.3.rel1.win32_1.1.0.202410251130/tools/bin/../lib/gcc/arm-none-eabi/12.3.1/thumb/v7e-m+fp/hard/crtbegin.o
LOAD C:/ST/STM32CubeIDE_1.17.0/STM32CubeIDE/plugins/com.st.stm32cube.ide.mcu.externaltools.gnu-tools-for-stm32.12.3.rel1.win32_1.1.0.202410251130/tools/bin/../lib/gcc/arm-none-eabi/12.3.1/../../../../arm-none-eabi/lib/thumb/v7e-m+fp/hard/crt0.o
LOAD ./Core/Src/CAN.o
LOAD ./Core/Src/CAN_X_2025.o
LOAD ./Core/Src/freertos.o
LOAD ./Core/Src/main.o
LOAD ./Core/Src/stm32l4xx_hal_msp.o
LOAD ./Core/Src/stm32l4xx_hal_timebase_tim.o
LOAD ./Core/Src/stm32l4xx_it.o
LOAD ./Core/Src/syscalls.o
LOAD ./Core/Src/sysmem.o
LOAD ./Core/Src/system_stm32l4xx.o
LOAD ./Core/Startup/startup_stm32l496vetx.o
LOAD ./Drivers/STM32L4xx_HAL_Driver/Src/stm32l4xx_hal.o
LOAD ./Drivers/STM32L4xx_HAL_Driver/Src/stm32l4xx_hal_adc.o
LOAD ./Drivers/STM32L4xx_HAL_Driver/Src/stm32l4xx_hal_adc_ex.o
LOAD ./Drivers/STM32L4xx_HAL_Driver/Src/stm32l4xx_hal_can.o
LOAD ./Drivers/STM32L4xx_HAL_Driver/Src/stm32l4xx_hal_cortex.o
LOAD ./Drivers/STM32L4xx_HAL_Driver/Src/stm32l4xx_hal_dma.o
LOAD ./Drivers/STM32L4xx_HAL_Driver/Src/stm32l4xx_hal_dma_ex.o
LOAD ./Drivers/STM32L4xx_HAL_Driver/Src/stm32l4xx_hal_exti.o
LOAD ./Drivers/STM32L4xx_HAL_Driver/Src/stm32l4xx_hal_flash.o
LOAD ./Drivers/STM32L4xx_HAL_Driver/Src/stm32l4xx_hal_flash_ex.o
LOAD ./Drivers/STM32L4xx_HAL_Driver/Src/stm32l4xx_hal_flash_ramfunc.o
LOAD ./Drivers/STM32L4xx_HAL_Driver/Src/stm32l4xx_hal_gpio.o
LOAD ./Drivers/STM32L4xx_HAL_Driver/Src/stm32l4xx_hal_i2c.o
LOAD ./Drivers/STM32L4xx_HAL_Driver/Src/stm32l4xx_hal_i2c_ex.o
LOAD ./Drivers/STM32L4xx_HAL_Driver/Src/stm32l4xx_hal_pwr.o
LOAD ./Drivers/STM32L4xx_HAL_Driver/Src/stm32l4xx_hal_pwr_ex.o
LOAD ./Drivers/STM32L4xx_HAL_Driver/Src/stm32l4xx_hal_rcc.o
LOAD ./Drivers/STM32L4xx_HAL_Driver/Src/stm32l4xx_hal_rcc_ex.o
LOAD ./Drivers/STM32L4xx_HAL_Driver/Src/stm32l4xx_hal_tim.o
LOAD ./Drivers/STM32L4xx_HAL_Driver/Src/stm32l4xx_hal_tim_ex.o
LOAD ./Middlewares/Third_Party/FreeRTOS/Source/CMSIS_RTOS/cmsis_os.o
LOAD ./Middlewares/Third_Party/FreeRTOS/Source/croutine.o
LOAD ./Middlewares/Third_Party/FreeRTOS/Source/event_groups.o
LOAD ./Middlewares/Third_Party/FreeRTOS/Source/list.o
LOAD ./Middlewares/Third_Party/FreeRTOS/Source/queue.o
LOAD ./Middlewares/Third_Party/FreeRTOS/Source/stream_buffer.o
LOAD ./Middlewares/Third_Party/FreeRTOS/Source/tasks.o
LOAD ./Middlewares/Third_Party/FreeRTOS/Source/timers.o
LOAD ./Middlewares/Third_Party/FreeRTOS/Source/portable/GCC/ARM_CM4F/port.o
LOAD ./Middlewares/Third_Party/FreeRTOS/Source/portable/MemMang/heap_4.o
START GROUP
LOAD C:/ST/STM32CubeIDE_1.17.0/STM32CubeIDE/plugins/com.st.stm32cube.ide.mcu.externaltools.gnu-tools-for-stm32.12.3.rel1.win32_1.1.0.202410251130/tools/bin/../lib/gcc/arm-none-eabi/12.3.1/../../../../arm-none-eabi/lib/thumb/v7e-m+fp/hard\libc_nano.a
LOAD C:/ST/STM32CubeIDE_1.17.0/STM32CubeIDE/plugins/com.st.stm32cube.ide.mcu.externaltools.gnu-tools-for-stm32.12.3.rel1.win32_1.1.0.202410251130/tools/bin/../lib/gcc/arm-none-eabi/12.3.1/../../../../arm-none-eabi/lib/thumb/v7e-m+fp/hard\libm.a
END GROUP
START GROUP
LOAD C:/ST/STM32CubeIDE_1.17.0/STM32CubeIDE/plugins/com.st.stm32cube.ide.mcu.externaltools.gnu-tools-for-stm32.12.3.rel1.win32_1.1.0.202410251130/tools/bin/../lib/gcc/arm-none-eabi/12.3.1/thumb/v7e-m+fp/hard\libgcc.a
LOAD C:/ST/STM32CubeIDE_1.17.0/STM32CubeIDE/plugins/com.st.stm32cube.ide.mcu.externaltools.gnu-tools-for-stm32.12.3.rel1.win32_1.1.0.202410251130/tools/bin/../lib/gcc/arm-none-eabi/12.3.1/../../../../arm-none-eabi/lib/thumb/v7e-m+fp/hard\libc_nano.a
END GROUP
START GROUP
LOAD C:/ST/STM32CubeIDE_1.17.0/STM32CubeIDE/plugins/com.st.stm32cube.ide.mcu.externaltools.gnu-tools-for-stm32.12.3.rel1.win32_1.1.0.202410251130/tools/bin/../lib/gcc/arm-none-eabi/12.3.1/thumb/v7e-m+fp/hard\libgcc.a
LOAD C:/ST/STM32CubeIDE_1.17.0/STM32CubeIDE/plugins/com.st.stm32cube.ide.mcu.externaltools.gnu-tools-for-stm32.12.3.rel1.win32_1.1.0.202410251130/tools/bin/../lib/gcc/arm-none-eabi/12.3.1/../../../../arm-none-eabi/lib/thumb/v7e-m+fp/hard\libc_nano.a
LOAD C:/ST/STM32CubeIDE_1.17.0/STM32CubeIDE/plugins/com.st.stm32cube.ide.mcu.externaltools.gnu-tools-for-stm32.12.3.rel1.win32_1.1.0.202410251130/tools/bin/../lib/gcc/arm-none-eabi/12.3.1/../../../../arm-none-eabi/lib/thumb/v7e-m+fp/hard\libnosys.a
END GROUP
START GROUP
LOAD C:/ST/STM32CubeIDE_1.17.0/STM32CubeIDE/plugins/com.st.stm32cube.ide.mcu.externaltools.gnu-tools-for-stm32.12.3.rel1.win32_1.1.0.202410251130/tools/bin/../lib/gcc/arm-none-eabi/12.3.1/thumb/v7e-m+fp/hard\libgcc.a
LOAD C:/ST/STM32CubeIDE_1.17.0/STM32CubeIDE/plugins/com.st.stm32cube.ide.mcu.externaltools.gnu-tools-for-stm32.12.3.rel1.win32_1.1.0.202410251130/tools/bin/../lib/gcc/arm-none-eabi/12.3.1/../../../../arm-none-eabi/lib/thumb/v7e-m+fp/hard\libc_nano.a
LOAD C:/ST/STM32CubeIDE_1.17.0/STM32CubeIDE/plugins/com.st.stm32cube.ide.mcu.externaltools.gnu-tools-for-stm32.12.3.rel1.win32_1.1.0.202410251130/tools/bin/../lib/gcc/arm-none-eabi/12.3.1/../../../../arm-none-eabi/lib/thumb/v7e-m+fp/hard\libnosys.a
END GROUP
LOAD C:/ST/STM32CubeIDE_1.17.0/STM32CubeIDE/plugins/com.st.stm32cube.ide.mcu.externaltools.gnu-tools-for-stm32.12.3.rel1.win32_1.1.0.202410251130/tools/bin/../lib/gcc/arm-none-eabi/12.3.1/thumb/v7e-m+fp/hard/crtend.o
LOAD C:/ST/STM32CubeIDE_1.17.0/STM32CubeIDE/plugins/com.st.stm32cube.ide.mcu.externaltools.gnu-tools-for-stm32.12.3.rel1.win32_1.1.0.202410251130/tools/bin/../lib/gcc/arm-none-eabi/12.3.1/thumb/v7e-m+fp/hard/crtn.o
                0x20040000                        _estack = (ORIGIN (RAM) + LENGTH (RAM))
                0x00000200                        _Min_Heap_Size = 0x200
                0x00000400                        _Min_Stack_Size = 0x400

.isr_vector     0x08000000      0x1ac
                0x08000000                        . = ALIGN (0x4)
 *(.isr_vector)
 .isr_vector    0x08000000      0x1ac ./Core/Startup/startup_stm32l496vetx.o
                0x08000000                g_pfnVectors
                0x080001ac                        . = ALIGN (0x4)

.text           0x080001b0     0x979c
                0x080001b0                        . = ALIGN (0x4)
 *(.text)
 .text          0x080001b0       0x40 C:/ST/STM32CubeIDE_1.17.0/STM32CubeIDE/plugins/com.st.stm32cube.ide.mcu.externaltools.gnu-tools-for-stm32.12.3.rel1.win32_1.1.0.202410251130/tools/bin/../lib/gcc/arm-none-eabi/12.3.1/thumb/v7e-m+fp/hard/crtbegin.o
 *(.text*)
 .text.Init_CAN_Filter
                0x080001f0       0x44 ./Core/Src/CAN.o
                0x080001f0                Init_CAN_Filter
 .text.__NVIC_SystemReset
                0x08000234       0x2c ./Core/Src/CAN_X_2025.o
 .text.message_cantx_RAW_RECU_Data
                0x08000260       0xe4 ./Core/Src/CAN_X_2025.o
                0x08000260                message_cantx_RAW_RECU_Data
 .text.message_cantx_STAT_RECU_Keep_Alive
                0x08000344      0x240 ./Core/Src/CAN_X_2025.o
                0x08000344                message_cantx_STAT_RECU_Keep_Alive
 .text.message_canrx_CTRL_DASH_Driver_Inputs
                0x08000584      0x128 ./Core/Src/CAN_X_2025.o
                0x08000584                message_canrx_CTRL_DASH_Driver_Inputs
 .text.message_canrx_CTRL_ETAS_System
                0x080006ac       0x68 ./Core/Src/CAN_X_2025.o
                0x080006ac                message_canrx_CTRL_ETAS_System
 .text.message_canrx_PROC_ETAS_Inverter_R_Data
                0x08000714       0xa8 ./Core/Src/CAN_X_2025.o
                0x08000714                message_canrx_PROC_ETAS_Inverter_R_Data
 .text.message_canrx_PROC_ETAS_Inverter_L_Data
                0x080007bc       0xa8 ./Core/Src/CAN_X_2025.o
                0x080007bc                message_canrx_PROC_ETAS_Inverter_L_Data
 .text.error_handle
                0x08000864       0x20 ./Core/Src/CAN_X_2025.o
                0x08000864                error_handle
 .text.vApplicationGetIdleTaskMemory
                0x08000884       0x34 ./Core/Src/freertos.o
                0x08000884                vApplicationGetIdleTaskMemory
 .text.main     0x080008b8      0x17c ./Core/Src/main.o
                0x080008b8                main
 .text.SystemClock_Config
                0x08000a34       0xa4 ./Core/Src/main.o
                0x08000a34                SystemClock_Config
 .text.MX_ADC1_Init
                0x08000ad8      0x264 ./Core/Src/main.o
 .text.MX_CAN1_Init
                0x08000d3c       0x6c ./Core/Src/main.o
 .text.MX_TIM1_Init
                0x08000da8      0x168 ./Core/Src/main.o
 .text.MX_TIM8_Init
                0x08000f10       0xa8 ./Core/Src/main.o
 .text.MX_DMA_Init
                0x08000fb8       0x3c ./Core/Src/main.o
 .text.MX_GPIO_Init
                0x08000ff4       0xf0 ./Core/Src/main.o
 .text.HAL_CAN_RxFifo0MsgPendingCallback
                0x080010e4       0x64 ./Core/Src/main.o
                0x080010e4                HAL_CAN_RxFifo0MsgPendingCallback
 .text.StartCAN
                0x08001148       0x90 ./Core/Src/main.o
                0x08001148                StartCAN
 .text.StartADC
                0x080011d8       0x54 ./Core/Src/main.o
                0x080011d8                StartADC
 .text.StartShutdown
                0x0800122c       0x7c ./Core/Src/main.o
                0x0800122c                StartShutdown
 .text.StartControl
                0x080012a8      0x2e4 ./Core/Src/main.o
                0x080012a8                StartControl
 .text.HAL_TIM_PeriodElapsedCallback
                0x0800158c       0x24 ./Core/Src/main.o
                0x0800158c                HAL_TIM_PeriodElapsedCallback
 .text.Error_Handler
                0x080015b0        0xc ./Core/Src/main.o
                0x080015b0                Error_Handler
 .text.HAL_MspInit
                0x080015bc       0x50 ./Core/Src/stm32l4xx_hal_msp.o
                0x080015bc                HAL_MspInit
 .text.HAL_ADC_MspInit
                0x0800160c      0x1b8 ./Core/Src/stm32l4xx_hal_msp.o
                0x0800160c                HAL_ADC_MspInit
 .text.HAL_CAN_MspInit
                0x080017c4       0xa8 ./Core/Src/stm32l4xx_hal_msp.o
                0x080017c4                HAL_CAN_MspInit
 .text.HAL_TIM_PWM_MspInit
                0x0800186c       0x40 ./Core/Src/stm32l4xx_hal_msp.o
                0x0800186c                HAL_TIM_PWM_MspInit
 .text.HAL_TIM_Base_MspInit
                0x080018ac       0x40 ./Core/Src/stm32l4xx_hal_msp.o
                0x080018ac                HAL_TIM_Base_MspInit
 .text.HAL_TIM_MspPostInit
                0x080018ec       0x70 ./Core/Src/stm32l4xx_hal_msp.o
                0x080018ec                HAL_TIM_MspPostInit
 .text.HAL_InitTick
                0x0800195c       0xf4 ./Core/Src/stm32l4xx_hal_timebase_tim.o
                0x0800195c                HAL_InitTick
 .text.NMI_Handler
                0x08001a50        0x8 ./Core/Src/stm32l4xx_it.o
                0x08001a50                NMI_Handler
 .text.HardFault_Handler
                0x08001a58        0x8 ./Core/Src/stm32l4xx_it.o
                0x08001a58                HardFault_Handler
 .text.MemManage_Handler
                0x08001a60        0x8 ./Core/Src/stm32l4xx_it.o
                0x08001a60                MemManage_Handler
 .text.BusFault_Handler
                0x08001a68        0x8 ./Core/Src/stm32l4xx_it.o
                0x08001a68                BusFault_Handler
 .text.UsageFault_Handler
                0x08001a70        0x8 ./Core/Src/stm32l4xx_it.o
                0x08001a70                UsageFault_Handler
 .text.DebugMon_Handler
                0x08001a78        0xe ./Core/Src/stm32l4xx_it.o
                0x08001a78                DebugMon_Handler
 *fill*         0x08001a86        0x2 
 .text.DMA1_Channel1_IRQHandler
                0x08001a88       0x14 ./Core/Src/stm32l4xx_it.o
                0x08001a88                DMA1_Channel1_IRQHandler
 .text.ADC1_2_IRQHandler
                0x08001a9c       0x14 ./Core/Src/stm32l4xx_it.o
                0x08001a9c                ADC1_2_IRQHandler
 .text.CAN1_RX0_IRQHandler
                0x08001ab0       0x14 ./Core/Src/stm32l4xx_it.o
                0x08001ab0                CAN1_RX0_IRQHandler
 .text.CAN1_RX1_IRQHandler
                0x08001ac4       0x14 ./Core/Src/stm32l4xx_it.o
                0x08001ac4                CAN1_RX1_IRQHandler
 .text.TIM4_IRQHandler
                0x08001ad8       0x14 ./Core/Src/stm32l4xx_it.o
                0x08001ad8                TIM4_IRQHandler
 .text.SystemInit
                0x08001aec       0x24 ./Core/Src/system_stm32l4xx.o
                0x08001aec                SystemInit
 .text.Reset_Handler
                0x08001b10       0x50 ./Core/Startup/startup_stm32l496vetx.o
                0x08001b10                Reset_Handler
 .text.Default_Handler
                0x08001b60        0x2 ./Core/Startup/startup_stm32l496vetx.o
                0x08001b60                RTC_Alarm_IRQHandler
                0x08001b60                EXTI2_IRQHandler
                0x08001b60                TIM8_TRG_COM_IRQHandler
                0x08001b60                TIM8_CC_IRQHandler
                0x08001b60                TIM1_CC_IRQHandler
                0x08001b60                TSC_IRQHandler
                0x08001b60                TAMP_STAMP_IRQHandler
                0x08001b60                CAN2_RX1_IRQHandler
                0x08001b60                EXTI3_IRQHandler
                0x08001b60                LPTIM2_IRQHandler
                0x08001b60                DFSDM1_FLT1_IRQHandler
                0x08001b60                I2C3_ER_IRQHandler
                0x08001b60                DFSDM1_FLT2_IRQHandler
                0x08001b60                EXTI0_IRQHandler
                0x08001b60                I2C2_EV_IRQHandler
                0x08001b60                FPU_IRQHandler
                0x08001b60                TIM1_UP_TIM16_IRQHandler
                0x08001b60                CAN2_SCE_IRQHandler
                0x08001b60                SPI1_IRQHandler
                0x08001b60                TIM6_DAC_IRQHandler
                0x08001b60                DCMI_IRQHandler
                0x08001b60                CAN2_RX0_IRQHandler
                0x08001b60                TIM8_UP_IRQHandler
                0x08001b60                DMA2_Channel2_IRQHandler
                0x08001b60                DMA1_Channel4_IRQHandler
                0x08001b60                SAI2_IRQHandler
                0x08001b60                DFSDM1_FLT3_IRQHandler
                0x08001b60                USART3_IRQHandler
                0x08001b60                DMA1_Channel7_IRQHandler
                0x08001b60                LCD_IRQHandler
                0x08001b60                UART5_IRQHandler
                0x08001b60                ADC3_IRQHandler
                0x08001b60                DMA2_Channel1_IRQHandler
                0x08001b60                QUADSPI_IRQHandler
                0x08001b60                I2C1_EV_IRQHandler
                0x08001b60                DMA1_Channel6_IRQHandler
                0x08001b60                UART4_IRQHandler
                0x08001b60                DMA2_Channel4_IRQHandler
                0x08001b60                TIM3_IRQHandler
                0x08001b60                RCC_IRQHandler
                0x08001b60                Default_Handler
                0x08001b60                DMA2_Channel7_IRQHandler
                0x08001b60                EXTI15_10_IRQHandler
                0x08001b60                TIM7_IRQHandler
                0x08001b60                SDMMC1_IRQHandler
                0x08001b60                CAN2_TX_IRQHandler
                0x08001b60                TIM5_IRQHandler
                0x08001b60                I2C3_EV_IRQHandler
                0x08001b60                EXTI9_5_IRQHandler
                0x08001b60                RTC_WKUP_IRQHandler
                0x08001b60                PVD_PVM_IRQHandler
                0x08001b60                SPI2_IRQHandler
                0x08001b60                CAN1_TX_IRQHandler
                0x08001b60                DMA2_Channel5_IRQHandler
                0x08001b60                CRS_IRQHandler
                0x08001b60                DMA1_Channel5_IRQHandler
                0x08001b60                EXTI4_IRQHandler
                0x08001b60                RNG_IRQHandler
                0x08001b60                TIM1_TRG_COM_TIM17_IRQHandler
                0x08001b60                DMA1_Channel3_IRQHandler
                0x08001b60                COMP_IRQHandler
                0x08001b60                WWDG_IRQHandler
                0x08001b60                I2C4_EV_IRQHandler
                0x08001b60                LPUART1_IRQHandler
                0x08001b60                DMA2_Channel6_IRQHandler
                0x08001b60                TIM2_IRQHandler
                0x08001b60                EXTI1_IRQHandler
                0x08001b60                USART2_IRQHandler
                0x08001b60                DFSDM1_FLT0_IRQHandler
                0x08001b60                I2C2_ER_IRQHandler
                0x08001b60                DMA1_Channel2_IRQHandler
                0x08001b60                TIM8_BRK_IRQHandler
                0x08001b60                CAN1_SCE_IRQHandler
                0x08001b60                FLASH_IRQHandler
                0x08001b60                USART1_IRQHandler
                0x08001b60                OTG_FS_IRQHandler
                0x08001b60                SPI3_IRQHandler
                0x08001b60                I2C1_ER_IRQHandler
                0x08001b60                FMC_IRQHandler
                0x08001b60                SWPMI1_IRQHandler
                0x08001b60                LPTIM1_IRQHandler
                0x08001b60                I2C4_ER_IRQHandler
                0x08001b60                SAI1_IRQHandler
                0x08001b60                DMA2_Channel3_IRQHandler
                0x08001b60                TIM1_BRK_TIM15_IRQHandler
 .text.HAL_Init
                0x08001b62       0x30 ./Drivers/STM32L4xx_HAL_Driver/Src/stm32l4xx_hal.o
                0x08001b62                HAL_Init
 *fill*         0x08001b92        0x2 
 .text.HAL_IncTick
                0x08001b94       0x28 ./Drivers/STM32L4xx_HAL_Driver/Src/stm32l4xx_hal.o
                0x08001b94                HAL_IncTick
 .text.HAL_GetTick
                0x08001bbc       0x18 ./Drivers/STM32L4xx_HAL_Driver/Src/stm32l4xx_hal.o
                0x08001bbc                HAL_GetTick
 .text.HAL_Delay
                0x08001bd4       0x48 ./Drivers/STM32L4xx_HAL_Driver/Src/stm32l4xx_hal.o
                0x08001bd4                HAL_Delay
 .text.LL_ADC_SetCommonClock
                0x08001c1c       0x26 ./Drivers/STM32L4xx_HAL_Driver/Src/stm32l4xx_hal_adc.o
 .text.LL_ADC_SetCommonPathInternalCh
                0x08001c42       0x26 ./Drivers/STM32L4xx_HAL_Driver/Src/stm32l4xx_hal_adc.o
 .text.LL_ADC_GetCommonPathInternalCh
                0x08001c68       0x1c ./Drivers/STM32L4xx_HAL_Driver/Src/stm32l4xx_hal_adc.o
 .text.LL_ADC_SetOffset
                0x08001c84       0x48 ./Drivers/STM32L4xx_HAL_Driver/Src/stm32l4xx_hal_adc.o
 .text.LL_ADC_GetOffsetChannel
                0x08001ccc       0x2c ./Drivers/STM32L4xx_HAL_Driver/Src/stm32l4xx_hal_adc.o
 .text.LL_ADC_SetOffsetState
                0x08001cf8       0x36 ./Drivers/STM32L4xx_HAL_Driver/Src/stm32l4xx_hal_adc.o
 .text.LL_ADC_SetSamplingTimeCommonConfig
                0x08001d2e       0x26 ./Drivers/STM32L4xx_HAL_Driver/Src/stm32l4xx_hal_adc.o
 .text.LL_ADC_REG_IsTriggerSourceSWStart
                0x08001d54       0x26 ./Drivers/STM32L4xx_HAL_Driver/Src/stm32l4xx_hal_adc.o
 .text.LL_ADC_REG_SetSequencerRanks
                0x08001d7a       0x58 ./Drivers/STM32L4xx_HAL_Driver/Src/stm32l4xx_hal_adc.o
 .text.LL_ADC_INJ_IsTriggerSourceSWStart
                0x08001dd2       0x26 ./Drivers/STM32L4xx_HAL_Driver/Src/stm32l4xx_hal_adc.o
 .text.LL_ADC_SetChannelSamplingTime
                0x08001df8       0x56 ./Drivers/STM32L4xx_HAL_Driver/Src/stm32l4xx_hal_adc.o
 *fill*         0x08001e4e        0x2 
 .text.LL_ADC_SetChannelSingleDiff
                0x08001e50       0x48 ./Drivers/STM32L4xx_HAL_Driver/Src/stm32l4xx_hal_adc.o
 .text.LL_ADC_GetMultimode
                0x08001e98       0x1c ./Drivers/STM32L4xx_HAL_Driver/Src/stm32l4xx_hal_adc.o
 .text.LL_ADC_GetMultiDMATransfer
                0x08001eb4       0x1c ./Drivers/STM32L4xx_HAL_Driver/Src/stm32l4xx_hal_adc.o
 .text.LL_ADC_DisableDeepPowerDown
                0x08001ed0       0x24 ./Drivers/STM32L4xx_HAL_Driver/Src/stm32l4xx_hal_adc.o
 .text.LL_ADC_IsDeepPowerDownEnabled
                0x08001ef4       0x28 ./Drivers/STM32L4xx_HAL_Driver/Src/stm32l4xx_hal_adc.o
 .text.LL_ADC_EnableInternalRegulator
                0x08001f1c       0x28 ./Drivers/STM32L4xx_HAL_Driver/Src/stm32l4xx_hal_adc.o
 .text.LL_ADC_IsInternalRegulatorEnabled
                0x08001f44       0x28 ./Drivers/STM32L4xx_HAL_Driver/Src/stm32l4xx_hal_adc.o
 .text.LL_ADC_Enable
                0x08001f6c       0x28 ./Drivers/STM32L4xx_HAL_Driver/Src/stm32l4xx_hal_adc.o
 .text.LL_ADC_IsEnabled
                0x08001f94       0x26 ./Drivers/STM32L4xx_HAL_Driver/Src/stm32l4xx_hal_adc.o
 .text.LL_ADC_REG_StartConversion
                0x08001fba       0x28 ./Drivers/STM32L4xx_HAL_Driver/Src/stm32l4xx_hal_adc.o
 .text.LL_ADC_REG_IsConversionOngoing
                0x08001fe2       0x26 ./Drivers/STM32L4xx_HAL_Driver/Src/stm32l4xx_hal_adc.o
 .text.LL_ADC_INJ_IsConversionOngoing
                0x08002008       0x26 ./Drivers/STM32L4xx_HAL_Driver/Src/stm32l4xx_hal_adc.o
 *fill*         0x0800202e        0x2 
 .text.HAL_ADC_Init
                0x08002030      0x2a8 ./Drivers/STM32L4xx_HAL_Driver/Src/stm32l4xx_hal_adc.o
                0x08002030                HAL_ADC_Init
 .text.HAL_ADC_Start_DMA
                0x080022d8      0x178 ./Drivers/STM32L4xx_HAL_Driver/Src/stm32l4xx_hal_adc.o
                0x080022d8                HAL_ADC_Start_DMA
 .text.HAL_ADC_IRQHandler
                0x08002450      0x434 ./Drivers/STM32L4xx_HAL_Driver/Src/stm32l4xx_hal_adc.o
                0x08002450                HAL_ADC_IRQHandler
 .text.HAL_ADC_ConvCpltCallback
                0x08002884       0x14 ./Drivers/STM32L4xx_HAL_Driver/Src/stm32l4xx_hal_adc.o
                0x08002884                HAL_ADC_ConvCpltCallback
 .text.HAL_ADC_ConvHalfCpltCallback
                0x08002898       0x14 ./Drivers/STM32L4xx_HAL_Driver/Src/stm32l4xx_hal_adc.o
                0x08002898                HAL_ADC_ConvHalfCpltCallback
 .text.HAL_ADC_LevelOutOfWindowCallback
                0x080028ac       0x14 ./Drivers/STM32L4xx_HAL_Driver/Src/stm32l4xx_hal_adc.o
                0x080028ac                HAL_ADC_LevelOutOfWindowCallback
 .text.HAL_ADC_ErrorCallback
                0x080028c0       0x14 ./Drivers/STM32L4xx_HAL_Driver/Src/stm32l4xx_hal_adc.o
                0x080028c0                HAL_ADC_ErrorCallback
 .text.HAL_ADC_ConfigChannel
                0x080028d4      0x818 ./Drivers/STM32L4xx_HAL_Driver/Src/stm32l4xx_hal_adc.o
                0x080028d4                HAL_ADC_ConfigChannel
 .text.ADC_Enable
                0x080030ec      0x10c ./Drivers/STM32L4xx_HAL_Driver/Src/stm32l4xx_hal_adc.o
                0x080030ec                ADC_Enable
 .text.ADC_DMAConvCplt
                0x080031f8       0xd8 ./Drivers/STM32L4xx_HAL_Driver/Src/stm32l4xx_hal_adc.o
                0x080031f8                ADC_DMAConvCplt
 .text.ADC_DMAHalfConvCplt
                0x080032d0       0x1c ./Drivers/STM32L4xx_HAL_Driver/Src/stm32l4xx_hal_adc.o
                0x080032d0                ADC_DMAHalfConvCplt
 .text.ADC_DMAError
                0x080032ec       0x34 ./Drivers/STM32L4xx_HAL_Driver/Src/stm32l4xx_hal_adc.o
                0x080032ec                ADC_DMAError
 .text.LL_ADC_IsEnabled
                0x08003320       0x26 ./Drivers/STM32L4xx_HAL_Driver/Src/stm32l4xx_hal_adc_ex.o
 .text.LL_ADC_REG_IsConversionOngoing
                0x08003346       0x26 ./Drivers/STM32L4xx_HAL_Driver/Src/stm32l4xx_hal_adc_ex.o
 .text.HAL_ADCEx_InjectedConvCpltCallback
                0x0800336c       0x14 ./Drivers/STM32L4xx_HAL_Driver/Src/stm32l4xx_hal_adc_ex.o
                0x0800336c                HAL_ADCEx_InjectedConvCpltCallback
 .text.HAL_ADCEx_InjectedQueueOverflowCallback
                0x08003380       0x14 ./Drivers/STM32L4xx_HAL_Driver/Src/stm32l4xx_hal_adc_ex.o
                0x08003380                HAL_ADCEx_InjectedQueueOverflowCallback
 .text.HAL_ADCEx_LevelOutOfWindow2Callback
                0x08003394       0x14 ./Drivers/STM32L4xx_HAL_Driver/Src/stm32l4xx_hal_adc_ex.o
                0x08003394                HAL_ADCEx_LevelOutOfWindow2Callback
 .text.HAL_ADCEx_LevelOutOfWindow3Callback
                0x080033a8       0x14 ./Drivers/STM32L4xx_HAL_Driver/Src/stm32l4xx_hal_adc_ex.o
                0x080033a8                HAL_ADCEx_LevelOutOfWindow3Callback
 .text.HAL_ADCEx_EndOfSamplingCallback
                0x080033bc       0x14 ./Drivers/STM32L4xx_HAL_Driver/Src/stm32l4xx_hal_adc_ex.o
                0x080033bc                HAL_ADCEx_EndOfSamplingCallback
 .text.HAL_ADCEx_MultiModeConfigChannel
                0x080033d0      0x160 ./Drivers/STM32L4xx_HAL_Driver/Src/stm32l4xx_hal_adc_ex.o
                0x080033d0                HAL_ADCEx_MultiModeConfigChannel
 .text.HAL_CAN_Init
                0x08003530      0x1f6 ./Drivers/STM32L4xx_HAL_Driver/Src/stm32l4xx_hal_can.o
                0x08003530                HAL_CAN_Init
 *fill*         0x08003726        0x2 
 .text.HAL_CAN_ConfigFilter
                0x08003728      0x1c0 ./Drivers/STM32L4xx_HAL_Driver/Src/stm32l4xx_hal_can.o
                0x08003728                HAL_CAN_ConfigFilter
 .text.HAL_CAN_Start
                0x080038e8       0x88 ./Drivers/STM32L4xx_HAL_Driver/Src/stm32l4xx_hal_can.o
                0x080038e8                HAL_CAN_Start
 .text.HAL_CAN_AddTxMessage
                0x08003970      0x1a0 ./Drivers/STM32L4xx_HAL_Driver/Src/stm32l4xx_hal_can.o
                0x08003970                HAL_CAN_AddTxMessage
 .text.HAL_CAN_GetRxMessage
                0x08003b10      0x244 ./Drivers/STM32L4xx_HAL_Driver/Src/stm32l4xx_hal_can.o
                0x08003b10                HAL_CAN_GetRxMessage
 .text.HAL_CAN_ActivateNotification
                0x08003d54       0x4c ./Drivers/STM32L4xx_HAL_Driver/Src/stm32l4xx_hal_can.o
                0x08003d54                HAL_CAN_ActivateNotification
 .text.HAL_CAN_IRQHandler
                0x08003da0      0x36e ./Drivers/STM32L4xx_HAL_Driver/Src/stm32l4xx_hal_can.o
                0x08003da0                HAL_CAN_IRQHandler
 .text.HAL_CAN_TxMailbox0CompleteCallback
                0x0800410e       0x14 ./Drivers/STM32L4xx_HAL_Driver/Src/stm32l4xx_hal_can.o
                0x0800410e                HAL_CAN_TxMailbox0CompleteCallback
 .text.HAL_CAN_TxMailbox1CompleteCallback
                0x08004122       0x14 ./Drivers/STM32L4xx_HAL_Driver/Src/stm32l4xx_hal_can.o
                0x08004122                HAL_CAN_TxMailbox1CompleteCallback
 .text.HAL_CAN_TxMailbox2CompleteCallback
                0x08004136       0x14 ./Drivers/STM32L4xx_HAL_Driver/Src/stm32l4xx_hal_can.o
                0x08004136                HAL_CAN_TxMailbox2CompleteCallback
 .text.HAL_CAN_TxMailbox0AbortCallback
                0x0800414a       0x14 ./Drivers/STM32L4xx_HAL_Driver/Src/stm32l4xx_hal_can.o
                0x0800414a                HAL_CAN_TxMailbox0AbortCallback
 .text.HAL_CAN_TxMailbox1AbortCallback
                0x0800415e       0x14 ./Drivers/STM32L4xx_HAL_Driver/Src/stm32l4xx_hal_can.o
                0x0800415e                HAL_CAN_TxMailbox1AbortCallback
 .text.HAL_CAN_TxMailbox2AbortCallback
                0x08004172       0x14 ./Drivers/STM32L4xx_HAL_Driver/Src/stm32l4xx_hal_can.o
                0x08004172                HAL_CAN_TxMailbox2AbortCallback
 .text.HAL_CAN_RxFifo0FullCallback
                0x08004186       0x14 ./Drivers/STM32L4xx_HAL_Driver/Src/stm32l4xx_hal_can.o
                0x08004186                HAL_CAN_RxFifo0FullCallback
 .text.HAL_CAN_RxFifo1MsgPendingCallback
                0x0800419a       0x14 ./Drivers/STM32L4xx_HAL_Driver/Src/stm32l4xx_hal_can.o
                0x0800419a                HAL_CAN_RxFifo1MsgPendingCallback
 .text.HAL_CAN_RxFifo1FullCallback
                0x080041ae       0x14 ./Drivers/STM32L4xx_HAL_Driver/Src/stm32l4xx_hal_can.o
                0x080041ae                HAL_CAN_RxFifo1FullCallback
 .text.HAL_CAN_SleepCallback
                0x080041c2       0x14 ./Drivers/STM32L4xx_HAL_Driver/Src/stm32l4xx_hal_can.o
                0x080041c2                HAL_CAN_SleepCallback
 .text.HAL_CAN_WakeUpFromRxMsgCallback
                0x080041d6       0x14 ./Drivers/STM32L4xx_HAL_Driver/Src/stm32l4xx_hal_can.o
                0x080041d6                HAL_CAN_WakeUpFromRxMsgCallback
 .text.HAL_CAN_ErrorCallback
                0x080041ea       0x14 ./Drivers/STM32L4xx_HAL_Driver/Src/stm32l4xx_hal_can.o
                0x080041ea                HAL_CAN_ErrorCallback
 *fill*         0x080041fe        0x2 
 .text.__NVIC_SetPriorityGrouping
                0x08004200       0x48 ./Drivers/STM32L4xx_HAL_Driver/Src/stm32l4xx_hal_cortex.o
 .text.__NVIC_GetPriorityGrouping
                0x08004248       0x1c ./Drivers/STM32L4xx_HAL_Driver/Src/stm32l4xx_hal_cortex.o
 .text.__NVIC_EnableIRQ
                0x08004264       0x3c ./Drivers/STM32L4xx_HAL_Driver/Src/stm32l4xx_hal_cortex.o
 .text.__NVIC_SetPriority
                0x080042a0       0x54 ./Drivers/STM32L4xx_HAL_Driver/Src/stm32l4xx_hal_cortex.o
 .text.NVIC_EncodePriority
                0x080042f4       0x66 ./Drivers/STM32L4xx_HAL_Driver/Src/stm32l4xx_hal_cortex.o
 .text.HAL_NVIC_SetPriorityGrouping
                0x0800435a       0x16 ./Drivers/STM32L4xx_HAL_Driver/Src/stm32l4xx_hal_cortex.o
                0x0800435a                HAL_NVIC_SetPriorityGrouping
 .text.HAL_NVIC_SetPriority
                0x08004370       0x38 ./Drivers/STM32L4xx_HAL_Driver/Src/stm32l4xx_hal_cortex.o
                0x08004370                HAL_NVIC_SetPriority
 .text.HAL_NVIC_EnableIRQ
                0x080043a8       0x1c ./Drivers/STM32L4xx_HAL_Driver/Src/stm32l4xx_hal_cortex.o
                0x080043a8                HAL_NVIC_EnableIRQ
 .text.HAL_DMA_Init
                0x080043c4      0x170 ./Drivers/STM32L4xx_HAL_Driver/Src/stm32l4xx_hal_dma.o
                0x080043c4                HAL_DMA_Init
 .text.HAL_DMA_Start_IT
                0x08004534       0xc0 ./Drivers/STM32L4xx_HAL_Driver/Src/stm32l4xx_hal_dma.o
                0x08004534                HAL_DMA_Start_IT
 .text.HAL_DMA_IRQHandler
                0x080045f4      0x15e ./Drivers/STM32L4xx_HAL_Driver/Src/stm32l4xx_hal_dma.o
                0x080045f4                HAL_DMA_IRQHandler
 .text.DMA_SetConfig
                0x08004752       0x60 ./Drivers/STM32L4xx_HAL_Driver/Src/stm32l4xx_hal_dma.o
 *fill*         0x080047b2        0x2 
 .text.HAL_GPIO_Init
                0x080047b4      0x324 ./Drivers/STM32L4xx_HAL_Driver/Src/stm32l4xx_hal_gpio.o
                0x080047b4                HAL_GPIO_Init
 .text.HAL_GPIO_ReadPin
                0x08004ad8       0x30 ./Drivers/STM32L4xx_HAL_Driver/Src/stm32l4xx_hal_gpio.o
                0x08004ad8                HAL_GPIO_ReadPin
 .text.HAL_GPIO_WritePin
                0x08004b08       0x30 ./Drivers/STM32L4xx_HAL_Driver/Src/stm32l4xx_hal_gpio.o
                0x08004b08                HAL_GPIO_WritePin
 .text.HAL_PWREx_GetVoltageRange
                0x08004b38       0x1c ./Drivers/STM32L4xx_HAL_Driver/Src/stm32l4xx_hal_pwr_ex.o
                0x08004b38                HAL_PWREx_GetVoltageRange
 .text.HAL_PWREx_ControlVoltageScaling
                0x08004b54       0xac ./Drivers/STM32L4xx_HAL_Driver/Src/stm32l4xx_hal_pwr_ex.o
                0x08004b54                HAL_PWREx_ControlVoltageScaling
 .text.HAL_RCC_OscConfig
                0x08004c00      0x834 ./Drivers/STM32L4xx_HAL_Driver/Src/stm32l4xx_hal_rcc.o
                0x08004c00                HAL_RCC_OscConfig
 .text.HAL_RCC_ClockConfig
                0x08005434      0x200 ./Drivers/STM32L4xx_HAL_Driver/Src/stm32l4xx_hal_rcc.o
                0x08005434                HAL_RCC_ClockConfig
 .text.HAL_RCC_GetSysClockFreq
                0x08005634      0x118 ./Drivers/STM32L4xx_HAL_Driver/Src/stm32l4xx_hal_rcc.o
                0x08005634                HAL_RCC_GetSysClockFreq
 .text.HAL_RCC_GetHCLKFreq
                0x0800574c       0x18 ./Drivers/STM32L4xx_HAL_Driver/Src/stm32l4xx_hal_rcc.o
                0x0800574c                HAL_RCC_GetHCLKFreq
 .text.HAL_RCC_GetPCLK1Freq
                0x08005764       0x2c ./Drivers/STM32L4xx_HAL_Driver/Src/stm32l4xx_hal_rcc.o
                0x08005764                HAL_RCC_GetPCLK1Freq
 .text.HAL_RCC_GetClockConfig
                0x08005790       0x64 ./Drivers/STM32L4xx_HAL_Driver/Src/stm32l4xx_hal_rcc.o
                0x08005790                HAL_RCC_GetClockConfig
 .text.RCC_SetFlashLatencyFromMSIRange
                0x080057f4       0xc0 ./Drivers/STM32L4xx_HAL_Driver/Src/stm32l4xx_hal_rcc.o
 .text.HAL_RCCEx_PeriphCLKConfig
                0x080058b4      0x5f8 ./Drivers/STM32L4xx_HAL_Driver/Src/stm32l4xx_hal_rcc_ex.o
                0x080058b4                HAL_RCCEx_PeriphCLKConfig
 .text.RCCEx_PLLSAI1_Config
                0x08005eac      0x1e4 ./Drivers/STM32L4xx_HAL_Driver/Src/stm32l4xx_hal_rcc_ex.o
 .text.RCCEx_PLLSAI2_Config
                0x08006090      0x1b8 ./Drivers/STM32L4xx_HAL_Driver/Src/stm32l4xx_hal_rcc_ex.o
 .text.HAL_TIM_Base_Init
                0x08006248       0xae ./Drivers/STM32L4xx_HAL_Driver/Src/stm32l4xx_hal_tim.o
                0x08006248                HAL_TIM_Base_Init
 *fill*         0x080062f6        0x2 
 .text.HAL_TIM_Base_Start
                0x080062f8       0xd0 ./Drivers/STM32L4xx_HAL_Driver/Src/stm32l4xx_hal_tim.o
                0x080062f8                HAL_TIM_Base_Start
 .text.HAL_TIM_Base_Start_IT
                0x080063c8       0xe0 ./Drivers/STM32L4xx_HAL_Driver/Src/stm32l4xx_hal_tim.o
                0x080063c8                HAL_TIM_Base_Start_IT
 .text.HAL_TIM_PWM_Init
                0x080064a8       0xae ./Drivers/STM32L4xx_HAL_Driver/Src/stm32l4xx_hal_tim.o
                0x080064a8                HAL_TIM_PWM_Init
 *fill*         0x08006556        0x2 
 .text.HAL_TIM_PWM_Start
                0x08006558      0x20c ./Drivers/STM32L4xx_HAL_Driver/Src/stm32l4xx_hal_tim.o
                0x08006558                HAL_TIM_PWM_Start
 .text.HAL_TIM_IRQHandler
                0x08006764      0x20e ./Drivers/STM32L4xx_HAL_Driver/Src/stm32l4xx_hal_tim.o
                0x08006764                HAL_TIM_IRQHandler
 *fill*         0x08006972        0x2 
 .text.HAL_TIM_PWM_ConfigChannel
                0x08006974      0x228 ./Drivers/STM32L4xx_HAL_Driver/Src/stm32l4xx_hal_tim.o
                0x08006974                HAL_TIM_PWM_ConfigChannel
 .text.HAL_TIM_ConfigClockSource
                0x08006b9c      0x192 ./Drivers/STM32L4xx_HAL_Driver/Src/stm32l4xx_hal_tim.o
                0x08006b9c                HAL_TIM_ConfigClockSource
 .text.HAL_TIM_OC_DelayElapsedCallback
                0x08006d2e       0x14 ./Drivers/STM32L4xx_HAL_Driver/Src/stm32l4xx_hal_tim.o
                0x08006d2e                HAL_TIM_OC_DelayElapsedCallback
 .text.HAL_TIM_IC_CaptureCallback
                0x08006d42       0x14 ./Drivers/STM32L4xx_HAL_Driver/Src/stm32l4xx_hal_tim.o
                0x08006d42                HAL_TIM_IC_CaptureCallback
 .text.HAL_TIM_PWM_PulseFinishedCallback
                0x08006d56       0x14 ./Drivers/STM32L4xx_HAL_Driver/Src/stm32l4xx_hal_tim.o
                0x08006d56                HAL_TIM_PWM_PulseFinishedCallback
 .text.HAL_TIM_TriggerCallback
                0x08006d6a       0x14 ./Drivers/STM32L4xx_HAL_Driver/Src/stm32l4xx_hal_tim.o
                0x08006d6a                HAL_TIM_TriggerCallback
 *fill*         0x08006d7e        0x2 
 .text.TIM_Base_SetConfig
                0x08006d80      0x14c ./Drivers/STM32L4xx_HAL_Driver/Src/stm32l4xx_hal_tim.o
                0x08006d80                TIM_Base_SetConfig
 .text.TIM_OC1_SetConfig
                0x08006ecc      0x120 ./Drivers/STM32L4xx_HAL_Driver/Src/stm32l4xx_hal_tim.o
 .text.TIM_OC2_SetConfig
                0x08006fec      0x114 ./Drivers/STM32L4xx_HAL_Driver/Src/stm32l4xx_hal_tim.o
                0x08006fec                TIM_OC2_SetConfig
 .text.TIM_OC3_SetConfig
                0x08007100      0x110 ./Drivers/STM32L4xx_HAL_Driver/Src/stm32l4xx_hal_tim.o
 .text.TIM_OC4_SetConfig
                0x08007210       0xd4 ./Drivers/STM32L4xx_HAL_Driver/Src/stm32l4xx_hal_tim.o
 .text.TIM_OC5_SetConfig
                0x080072e4       0xc8 ./Drivers/STM32L4xx_HAL_Driver/Src/stm32l4xx_hal_tim.o
 .text.TIM_OC6_SetConfig
                0x080073ac       0xcc ./Drivers/STM32L4xx_HAL_Driver/Src/stm32l4xx_hal_tim.o
 .text.TIM_TI1_ConfigInputStage
                0x08007478       0x5e ./Drivers/STM32L4xx_HAL_Driver/Src/stm32l4xx_hal_tim.o
 .text.TIM_TI2_ConfigInputStage
                0x080074d6       0x60 ./Drivers/STM32L4xx_HAL_Driver/Src/stm32l4xx_hal_tim.o
 .text.TIM_ITRx_SetConfig
                0x08007536       0x36 ./Drivers/STM32L4xx_HAL_Driver/Src/stm32l4xx_hal_tim.o
 .text.TIM_ETR_SetConfig
                0x0800756c       0x40 ./Drivers/STM32L4xx_HAL_Driver/Src/stm32l4xx_hal_tim.o
                0x0800756c                TIM_ETR_SetConfig
 .text.TIM_CCxChannelCmd
                0x080075ac       0x4a ./Drivers/STM32L4xx_HAL_Driver/Src/stm32l4xx_hal_tim.o
                0x080075ac                TIM_CCxChannelCmd
 *fill*         0x080075f6        0x2 
 .text.HAL_TIMEx_MasterConfigSynchronization
                0x080075f8      0x110 ./Drivers/STM32L4xx_HAL_Driver/Src/stm32l4xx_hal_tim_ex.o
                0x080075f8                HAL_TIMEx_MasterConfigSynchronization
 .text.HAL_TIMEx_ConfigBreakDeadTime
                0x08007708       0xfc ./Drivers/STM32L4xx_HAL_Driver/Src/stm32l4xx_hal_tim_ex.o
                0x08007708                HAL_TIMEx_ConfigBreakDeadTime
 .text.HAL_TIMEx_CommutCallback
                0x08007804       0x14 ./Drivers/STM32L4xx_HAL_Driver/Src/stm32l4xx_hal_tim_ex.o
                0x08007804                HAL_TIMEx_CommutCallback
 .text.HAL_TIMEx_BreakCallback
                0x08007818       0x14 ./Drivers/STM32L4xx_HAL_Driver/Src/stm32l4xx_hal_tim_ex.o
                0x08007818                HAL_TIMEx_BreakCallback
 .text.HAL_TIMEx_Break2Callback
                0x0800782c       0x14 ./Drivers/STM32L4xx_HAL_Driver/Src/stm32l4xx_hal_tim_ex.o
                0x0800782c                HAL_TIMEx_Break2Callback
 .text.makeFreeRtosPriority
                0x08007840       0x30 ./Middlewares/Third_Party/FreeRTOS/Source/CMSIS_RTOS/cmsis_os.o
 .text.osKernelStart
                0x08007870        0xe ./Middlewares/Third_Party/FreeRTOS/Source/CMSIS_RTOS/cmsis_os.o
                0x08007870                osKernelStart
 .text.osThreadCreate
                0x0800787e       0x98 ./Middlewares/Third_Party/FreeRTOS/Source/CMSIS_RTOS/cmsis_os.o
                0x0800787e                osThreadCreate
 .text.osDelay  0x08007916       0x28 ./Middlewares/Third_Party/FreeRTOS/Source/CMSIS_RTOS/cmsis_os.o
                0x08007916                osDelay
 .text.osSemaphoreCreate
                0x0800793e       0x64 ./Middlewares/Third_Party/FreeRTOS/Source/CMSIS_RTOS/cmsis_os.o
                0x0800793e                osSemaphoreCreate
 .text.vListInitialise
                0x080079a2       0x40 ./Middlewares/Third_Party/FreeRTOS/Source/list.o
                0x080079a2                vListInitialise
 .text.vListInitialiseItem
                0x080079e2       0x1a ./Middlewares/Third_Party/FreeRTOS/Source/list.o
                0x080079e2                vListInitialiseItem
 .text.vListInsertEnd
                0x080079fc       0x48 ./Middlewares/Third_Party/FreeRTOS/Source/list.o
                0x080079fc                vListInsertEnd
 .text.vListInsert
                0x08007a44       0x72 ./Middlewares/Third_Party/FreeRTOS/Source/list.o
                0x08007a44                vListInsert
 .text.uxListRemove
                0x08007ab6       0x54 ./Middlewares/Third_Party/FreeRTOS/Source/list.o
                0x08007ab6                uxListRemove
 *fill*         0x08007b0a        0x2 
 .text.xQueueGenericReset
                0x08007b0c       0xd4 ./Middlewares/Third_Party/FreeRTOS/Source/queue.o
                0x08007b0c                xQueueGenericReset
 .text.xQueueGenericCreateStatic
                0x08007be0       0xfa ./Middlewares/Third_Party/FreeRTOS/Source/queue.o
                0x08007be0                xQueueGenericCreateStatic
 .text.xQueueGenericCreate
                0x08007cda       0x76 ./Middlewares/Third_Party/FreeRTOS/Source/queue.o
                0x08007cda                xQueueGenericCreate
 .text.prvInitialiseNewQueue
                0x08007d50       0x3e ./Middlewares/Third_Party/FreeRTOS/Source/queue.o
 *fill*         0x08007d8e        0x2 
 .text.xQueueGenericSend
                0x08007d90      0x204 ./Middlewares/Third_Party/FreeRTOS/Source/queue.o
                0x08007d90                xQueueGenericSend
 .text.prvCopyDataToQueue
                0x08007f94       0xd4 ./Middlewares/Third_Party/FreeRTOS/Source/queue.o
 .text.prvUnlockQueue
                0x08008068       0xa4 ./Middlewares/Third_Party/FreeRTOS/Source/queue.o
 .text.prvIsQueueFull
                0x0800810c       0x30 ./Middlewares/Third_Party/FreeRTOS/Source/queue.o
 .text.xTaskCreateStatic
                0x0800813c       0xc0 ./Middlewares/Third_Party/FreeRTOS/Source/tasks.o
                0x0800813c                xTaskCreateStatic
 .text.xTaskCreate
                0x080081fc       0x8a ./Middlewares/Third_Party/FreeRTOS/Source/tasks.o
                0x080081fc                xTaskCreate
 *fill*         0x08008286        0x2 
 .text.prvInitialiseNewTask
                0x08008288      0x140 ./Middlewares/Third_Party/FreeRTOS/Source/tasks.o
 .text.prvAddNewTaskToReadyList
                0x080083c8       0xd4 ./Middlewares/Third_Party/FreeRTOS/Source/tasks.o
 .text.vTaskDelay
                0x0800849c       0x6c ./Middlewares/Third_Party/FreeRTOS/Source/tasks.o
                0x0800849c                vTaskDelay
 .text.vTaskStartScheduler
                0x08008508       0xd4 ./Middlewares/Third_Party/FreeRTOS/Source/tasks.o
                0x08008508                vTaskStartScheduler
 .text.vTaskSuspendAll
                0x080085dc       0x1c ./Middlewares/Third_Party/FreeRTOS/Source/tasks.o
                0x080085dc                vTaskSuspendAll
 .text.xTaskResumeAll
                0x080085f8      0x13c ./Middlewares/Third_Party/FreeRTOS/Source/tasks.o
                0x080085f8                xTaskResumeAll
 .text.xTaskIncrementTick
                0x08008734      0x174 ./Middlewares/Third_Party/FreeRTOS/Source/tasks.o
                0x08008734                xTaskIncrementTick
 .text.vTaskSwitchContext
                0x080088a8       0xc8 ./Middlewares/Third_Party/FreeRTOS/Source/tasks.o
                0x080088a8                vTaskSwitchContext
 .text.vTaskPlaceOnEventList
                0x08008970       0x4c ./Middlewares/Third_Party/FreeRTOS/Source/tasks.o
                0x08008970                vTaskPlaceOnEventList
 .text.xTaskRemoveFromEventList
                0x080089bc       0xc8 ./Middlewares/Third_Party/FreeRTOS/Source/tasks.o
                0x080089bc                xTaskRemoveFromEventList
 .text.vTaskInternalSetTimeOutState
                0x08008a84       0x2c ./Middlewares/Third_Party/FreeRTOS/Source/tasks.o
                0x08008a84                vTaskInternalSetTimeOutState
 .text.xTaskCheckForTimeOut
                0x08008ab0       0xc8 ./Middlewares/Third_Party/FreeRTOS/Source/tasks.o
                0x08008ab0                xTaskCheckForTimeOut
 .text.vTaskMissedYield
                0x08008b78       0x18 ./Middlewares/Third_Party/FreeRTOS/Source/tasks.o
                0x08008b78                vTaskMissedYield
 .text.prvIdleTask
                0x08008b90       0x30 ./Middlewares/Third_Party/FreeRTOS/Source/tasks.o
 .text.prvInitialiseTaskLists
                0x08008bc0       0x80 ./Middlewares/Third_Party/FreeRTOS/Source/tasks.o
 .text.prvCheckTasksWaitingTermination
                0x08008c40       0x5c ./Middlewares/Third_Party/FreeRTOS/Source/tasks.o
 .text.prvDeleteTCB
                0x08008c9c       0x6a ./Middlewares/Third_Party/FreeRTOS/Source/tasks.o
 *fill*         0x08008d06        0x2 
 .text.prvResetNextTaskUnblockTime
                0x08008d08       0x40 ./Middlewares/Third_Party/FreeRTOS/Source/tasks.o
 .text.xTaskGetSchedulerState
                0x08008d48       0x3c ./Middlewares/Third_Party/FreeRTOS/Source/tasks.o
                0x08008d48                xTaskGetSchedulerState
 .text.xTaskPriorityDisinherit
                0x08008d84      0x110 ./Middlewares/Third_Party/FreeRTOS/Source/tasks.o
                0x08008d84                xTaskPriorityDisinherit
 .text.prvAddCurrentTaskToDelayedList
                0x08008e94       0xcc ./Middlewares/Third_Party/FreeRTOS/Source/tasks.o
 .text.pxPortInitialiseStack
                0x08008f60       0x68 ./Middlewares/Third_Party/FreeRTOS/Source/portable/GCC/ARM_CM4F/port.o
                0x08008f60                pxPortInitialiseStack
 .text.prvTaskExitError
                0x08008fc8       0x5c ./Middlewares/Third_Party/FreeRTOS/Source/portable/GCC/ARM_CM4F/port.o
 *fill*         0x08009024        0xc 
 .text.SVC_Handler
                0x08009030       0x28 ./Middlewares/Third_Party/FreeRTOS/Source/portable/GCC/ARM_CM4F/port.o
                0x08009030                SVC_Handler
 .text.prvPortStartFirstTask
                0x08009058       0x28 ./Middlewares/Third_Party/FreeRTOS/Source/portable/GCC/ARM_CM4F/port.o
 .text.xPortStartScheduler
                0x08009080      0x148 ./Middlewares/Third_Party/FreeRTOS/Source/portable/GCC/ARM_CM4F/port.o
                0x08009080                xPortStartScheduler
 .text.vPortEnterCritical
                0x080091c8       0x64 ./Middlewares/Third_Party/FreeRTOS/Source/portable/GCC/ARM_CM4F/port.o
                0x080091c8                vPortEnterCritical
 .text.vPortExitCritical
                0x0800922c       0x54 ./Middlewares/Third_Party/FreeRTOS/Source/portable/GCC/ARM_CM4F/port.o
                0x0800922c                vPortExitCritical
 .text.PendSV_Handler
                0x08009280       0x68 ./Middlewares/Third_Party/FreeRTOS/Source/portable/GCC/ARM_CM4F/port.o
                0x08009280                PendSV_Handler
 .text.SysTick_Handler
                0x080092e8       0x44 ./Middlewares/Third_Party/FreeRTOS/Source/portable/GCC/ARM_CM4F/port.o
                0x080092e8                SysTick_Handler
 .text.vPortSetupTimerInterrupt
                0x0800932c       0x48 ./Middlewares/Third_Party/FreeRTOS/Source/portable/GCC/ARM_CM4F/port.o
                0x0800932c                vPortSetupTimerInterrupt
 .text.vPortEnableVFP
                0x08009374       0x14 ./Middlewares/Third_Party/FreeRTOS/Source/portable/GCC/ARM_CM4F/port.o
 .text.pvPortMalloc
                0x08009388      0x19c ./Middlewares/Third_Party/FreeRTOS/Source/portable/MemMang/heap_4.o
                0x08009388                pvPortMalloc
 .text.vPortFree
                0x08009524       0xc8 ./Middlewares/Third_Party/FreeRTOS/Source/portable/MemMang/heap_4.o
                0x08009524                vPortFree
 .text.prvHeapInit
                0x080095ec       0xc4 ./Middlewares/Third_Party/FreeRTOS/Source/portable/MemMang/heap_4.o
 .text.prvInsertBlockIntoFreeList
                0x080096b0       0xb4 ./Middlewares/Third_Party/FreeRTOS/Source/portable/MemMang/heap_4.o
 .text.memset   0x08009764       0x10 C:/ST/STM32CubeIDE_1.17.0/STM32CubeIDE/plugins/com.st.stm32cube.ide.mcu.externaltools.gnu-tools-for-stm32.12.3.rel1.win32_1.1.0.202410251130/tools/bin/../lib/gcc/arm-none-eabi/12.3.1/../../../../arm-none-eabi/lib/thumb/v7e-m+fp/hard\libc_nano.a(libc_a-memset.o)
                0x08009764                memset
 .text._reclaim_reent
                0x08009774       0xac C:/ST/STM32CubeIDE_1.17.0/STM32CubeIDE/plugins/com.st.stm32cube.ide.mcu.externaltools.gnu-tools-for-stm32.12.3.rel1.win32_1.1.0.202410251130/tools/bin/../lib/gcc/arm-none-eabi/12.3.1/../../../../arm-none-eabi/lib/thumb/v7e-m+fp/hard\libc_nano.a(libc_a-reent.o)
                0x08009774                _reclaim_reent
 .text.__libc_init_array
                0x08009820       0x48 C:/ST/STM32CubeIDE_1.17.0/STM32CubeIDE/plugins/com.st.stm32cube.ide.mcu.externaltools.gnu-tools-for-stm32.12.3.rel1.win32_1.1.0.202410251130/tools/bin/../lib/gcc/arm-none-eabi/12.3.1/../../../../arm-none-eabi/lib/thumb/v7e-m+fp/hard\libc_nano.a(libc_a-init.o)
                0x08009820                __libc_init_array
 .text.__retarget_lock_acquire_recursive
                0x08009868        0x2 C:/ST/STM32CubeIDE_1.17.0/STM32CubeIDE/plugins/com.st.stm32cube.ide.mcu.externaltools.gnu-tools-for-stm32.12.3.rel1.win32_1.1.0.202410251130/tools/bin/../lib/gcc/arm-none-eabi/12.3.1/../../../../arm-none-eabi/lib/thumb/v7e-m+fp/hard\libc_nano.a(libc_a-lock.o)
                0x08009868                __retarget_lock_acquire_recursive
 .text.__retarget_lock_release_recursive
                0x0800986a        0x2 C:/ST/STM32CubeIDE_1.17.0/STM32CubeIDE/plugins/com.st.stm32cube.ide.mcu.externaltools.gnu-tools-for-stm32.12.3.rel1.win32_1.1.0.202410251130/tools/bin/../lib/gcc/arm-none-eabi/12.3.1/../../../../arm-none-eabi/lib/thumb/v7e-m+fp/hard\libc_nano.a(libc_a-lock.o)
                0x0800986a                __retarget_lock_release_recursive
 .text.memcpy   0x0800986c       0x1c C:/ST/STM32CubeIDE_1.17.0/STM32CubeIDE/plugins/com.st.stm32cube.ide.mcu.externaltools.gnu-tools-for-stm32.12.3.rel1.win32_1.1.0.202410251130/tools/bin/../lib/gcc/arm-none-eabi/12.3.1/../../../../arm-none-eabi/lib/thumb/v7e-m+fp/hard\libc_nano.a(libc_a-memcpy-stub.o)
                0x0800986c                memcpy
 .text._free_r  0x08009888       0x94 C:/ST/STM32CubeIDE_1.17.0/STM32CubeIDE/plugins/com.st.stm32cube.ide.mcu.externaltools.gnu-tools-for-stm32.12.3.rel1.win32_1.1.0.202410251130/tools/bin/../lib/gcc/arm-none-eabi/12.3.1/../../../../arm-none-eabi/lib/thumb/v7e-m+fp/hard\libc_nano.a(libc_a-freer.o)
                0x08009888                _free_r
 .text.__malloc_lock
                0x0800991c        0xc C:/ST/STM32CubeIDE_1.17.0/STM32CubeIDE/plugins/com.st.stm32cube.ide.mcu.externaltools.gnu-tools-for-stm32.12.3.rel1.win32_1.1.0.202410251130/tools/bin/../lib/gcc/arm-none-eabi/12.3.1/../../../../arm-none-eabi/lib/thumb/v7e-m+fp/hard\libc_nano.a(libc_a-mlock.o)
                0x0800991c                __malloc_lock
 .text.__malloc_unlock
                0x08009928        0xc C:/ST/STM32CubeIDE_1.17.0/STM32CubeIDE/plugins/com.st.stm32cube.ide.mcu.externaltools.gnu-tools-for-stm32.12.3.rel1.win32_1.1.0.202410251130/tools/bin/../lib/gcc/arm-none-eabi/12.3.1/../../../../arm-none-eabi/lib/thumb/v7e-m+fp/hard\libc_nano.a(libc_a-mlock.o)
                0x08009928                __malloc_unlock
 *(.glue_7)
 .glue_7        0x08009934        0x0 linker stubs
 *(.glue_7t)
 .glue_7t       0x08009934        0x0 linker stubs
 *(.eh_frame)
 .eh_frame      0x08009934        0x0 C:/ST/STM32CubeIDE_1.17.0/STM32CubeIDE/plugins/com.st.stm32cube.ide.mcu.externaltools.gnu-tools-for-stm32.12.3.rel1.win32_1.1.0.202410251130/tools/bin/../lib/gcc/arm-none-eabi/12.3.1/thumb/v7e-m+fp/hard/crtbegin.o
 *(.init)
 .init          0x08009934        0x4 C:/ST/STM32CubeIDE_1.17.0/STM32CubeIDE/plugins/com.st.stm32cube.ide.mcu.externaltools.gnu-tools-for-stm32.12.3.rel1.win32_1.1.0.202410251130/tools/bin/../lib/gcc/arm-none-eabi/12.3.1/thumb/v7e-m+fp/hard/crti.o
                0x08009934                _init
 .init          0x08009938        0x8 C:/ST/STM32CubeIDE_1.17.0/STM32CubeIDE/plugins/com.st.stm32cube.ide.mcu.externaltools.gnu-tools-for-stm32.12.3.rel1.win32_1.1.0.202410251130/tools/bin/../lib/gcc/arm-none-eabi/12.3.1/thumb/v7e-m+fp/hard/crtn.o
 *(.fini)
 .fini          0x08009940        0x4 C:/ST/STM32CubeIDE_1.17.0/STM32CubeIDE/plugins/com.st.stm32cube.ide.mcu.externaltools.gnu-tools-for-stm32.12.3.rel1.win32_1.1.0.202410251130/tools/bin/../lib/gcc/arm-none-eabi/12.3.1/thumb/v7e-m+fp/hard/crti.o
                0x08009940                _fini
 .fini          0x08009944        0x8 C:/ST/STM32CubeIDE_1.17.0/STM32CubeIDE/plugins/com.st.stm32cube.ide.mcu.externaltools.gnu-tools-for-stm32.12.3.rel1.win32_1.1.0.202410251130/tools/bin/../lib/gcc/arm-none-eabi/12.3.1/thumb/v7e-m+fp/hard/crtn.o
                0x0800994c                        . = ALIGN (0x4)
                0x0800994c                        _etext = .

.vfp11_veneer   0x0800994c        0x0
 .vfp11_veneer  0x0800994c        0x0 linker stubs

.v4_bx          0x0800994c        0x0
 .v4_bx         0x0800994c        0x0 linker stubs

.iplt           0x0800994c        0x0
 .iplt          0x0800994c        0x0 C:/ST/STM32CubeIDE_1.17.0/STM32CubeIDE/plugins/com.st.stm32cube.ide.mcu.externaltools.gnu-tools-for-stm32.12.3.rel1.win32_1.1.0.202410251130/tools/bin/../lib/gcc/arm-none-eabi/12.3.1/thumb/v7e-m+fp/hard/crtbegin.o

.rodata         0x0800994c       0xdc
                0x0800994c                        . = ALIGN (0x4)
 *(.rodata)
 .rodata        0x0800994c       0x8c ./Core/Src/main.o
 .rodata        0x080099d8        0x5 ./Middlewares/Third_Party/FreeRTOS/Source/tasks.o
 *(.rodata*)
 *fill*         0x080099dd        0x3 
 .rodata.AHBPrescTable
                0x080099e0       0x10 ./Core/Src/system_stm32l4xx.o
                0x080099e0                AHBPrescTable
 .rodata.APBPrescTable
                0x080099f0        0x8 ./Core/Src/system_stm32l4xx.o
                0x080099f0                APBPrescTable
 .rodata.MSIRangeTable
                0x080099f8       0x30 ./Core/Src/system_stm32l4xx.o
                0x080099f8                MSIRangeTable
                0x08009a28                        . = ALIGN (0x4)

.ARM.extab      0x08009a28        0x0
                0x08009a28                        . = ALIGN (0x4)
 *(.ARM.extab* .gnu.linkonce.armextab.*)
                0x08009a28                        . = ALIGN (0x4)

.ARM            0x08009a28        0x0
                0x08009a28                        . = ALIGN (0x4)
                0x08009a28                        __exidx_start = .
 *(.ARM.exidx*)
                0x08009a28                        __exidx_end = .
                0x08009a28                        . = ALIGN (0x4)

.preinit_array  0x08009a28        0x0
                0x08009a28                        . = ALIGN (0x4)
                0x08009a28                        PROVIDE (__preinit_array_start = .)
 *(.preinit_array*)
                0x08009a28                        PROVIDE (__preinit_array_end = .)
                0x08009a28                        . = ALIGN (0x4)

.init_array     0x08009a28        0x4
                0x08009a28                        . = ALIGN (0x4)
                0x08009a28                        PROVIDE (__init_array_start = .)
 *(SORT_BY_NAME(.init_array.*))
 *(.init_array*)
 .init_array    0x08009a28        0x4 C:/ST/STM32CubeIDE_1.17.0/STM32CubeIDE/plugins/com.st.stm32cube.ide.mcu.externaltools.gnu-tools-for-stm32.12.3.rel1.win32_1.1.0.202410251130/tools/bin/../lib/gcc/arm-none-eabi/12.3.1/thumb/v7e-m+fp/hard/crtbegin.o
                0x08009a2c                        PROVIDE (__init_array_end = .)
                0x08009a2c                        . = ALIGN (0x4)

.fini_array     0x08009a2c        0x4
                0x08009a2c                        . = ALIGN (0x4)
                [!provide]                        PROVIDE (__fini_array_start = .)
 *(SORT_BY_NAME(.fini_array.*))
 *(.fini_array*)
 .fini_array    0x08009a2c        0x4 C:/ST/STM32CubeIDE_1.17.0/STM32CubeIDE/plugins/com.st.stm32cube.ide.mcu.externaltools.gnu-tools-for-stm32.12.3.rel1.win32_1.1.0.202410251130/tools/bin/../lib/gcc/arm-none-eabi/12.3.1/thumb/v7e-m+fp/hard/crtbegin.o
                [!provide]                        PROVIDE (__fini_array_end = .)
                0x08009a30                        . = ALIGN (0x4)
                0x08009a30                        _sidata = LOADADDR (.data)

.rel.dyn        0x08009a30        0x0
 .rel.iplt      0x08009a30        0x0 C:/ST/STM32CubeIDE_1.17.0/STM32CubeIDE/plugins/com.st.stm32cube.ide.mcu.externaltools.gnu-tools-for-stm32.12.3.rel1.win32_1.1.0.202410251130/tools/bin/../lib/gcc/arm-none-eabi/12.3.1/thumb/v7e-m+fp/hard/crtbegin.o

.data           0x20000000       0x60 load address 0x08009a30
                0x20000000                        . = ALIGN (0x4)
                0x20000000                        _sdata = .
 *(.data)
 *(.data*)
 .data.SystemCoreClock
                0x20000000        0x4 ./Core/Src/system_stm32l4xx.o
                0x20000000                SystemCoreClock
 .data.uwTickPrio
                0x20000004        0x4 ./Drivers/STM32L4xx_HAL_Driver/Src/stm32l4xx_hal.o
                0x20000004                uwTickPrio
 .data.uwTickFreq
                0x20000008        0x1 ./Drivers/STM32L4xx_HAL_Driver/Src/stm32l4xx_hal.o
                0x20000008                uwTickFreq
 *fill*         0x20000009        0x3 
 .data.uxCriticalNesting
                0x2000000c        0x4 ./Middlewares/Third_Party/FreeRTOS/Source/portable/GCC/ARM_CM4F/port.o
 .data._impure_ptr
                0x20000010        0x4 C:/ST/STM32CubeIDE_1.17.0/STM32CubeIDE/plugins/com.st.stm32cube.ide.mcu.externaltools.gnu-tools-for-stm32.12.3.rel1.win32_1.1.0.202410251130/tools/bin/../lib/gcc/arm-none-eabi/12.3.1/../../../../arm-none-eabi/lib/thumb/v7e-m+fp/hard\libc_nano.a(libc_a-impure.o)
                0x20000010                _impure_ptr
 .data._impure_data
                0x20000014       0x4c C:/ST/STM32CubeIDE_1.17.0/STM32CubeIDE/plugins/com.st.stm32cube.ide.mcu.externaltools.gnu-tools-for-stm32.12.3.rel1.win32_1.1.0.202410251130/tools/bin/../lib/gcc/arm-none-eabi/12.3.1/../../../../arm-none-eabi/lib/thumb/v7e-m+fp/hard\libc_nano.a(libc_a-impure.o)
                0x20000014                _impure_data
 *(.RamFunc)
 *(.RamFunc*)
                0x20000060                        . = ALIGN (0x4)
                0x20000060                        _edata = .

.igot.plt       0x20000060        0x0 load address 0x08009a90
 .igot.plt      0x20000060        0x0 C:/ST/STM32CubeIDE_1.17.0/STM32CubeIDE/plugins/com.st.stm32cube.ide.mcu.externaltools.gnu-tools-for-stm32.12.3.rel1.win32_1.1.0.202410251130/tools/bin/../lib/gcc/arm-none-eabi/12.3.1/thumb/v7e-m+fp/hard/crtbegin.o
                0x20000060                        . = ALIGN (0x4)

.bss            0x20000060     0x1394 load address 0x08009a90
                0x20000060                        _sbss = .
                0x20000060                        __bss_start__ = _sbss
 *(.bss)
 .bss           0x20000060       0x1c C:/ST/STM32CubeIDE_1.17.0/STM32CubeIDE/plugins/com.st.stm32cube.ide.mcu.externaltools.gnu-tools-for-stm32.12.3.rel1.win32_1.1.0.202410251130/tools/bin/../lib/gcc/arm-none-eabi/12.3.1/thumb/v7e-m+fp/hard/crtbegin.o
 *(.bss*)
 .bss.TxHeader  0x2000007c       0x18 ./Core/Src/CAN_X_2025.o
                0x2000007c                TxHeader
 .bss.TxMailbox
                0x20000094        0x4 ./Core/Src/CAN_X_2025.o
                0x20000094                TxMailbox
 .bss.TxData    0x20000098        0x8 ./Core/Src/CAN_X_2025.o
                0x20000098                TxData
 .bss.error_count
                0x200000a0        0x1 ./Core/Src/CAN_X_2025.o
                0x200000a0                error_count
 .bss.Refri_ACCU
                0x200000a1        0x1 ./Core/Src/CAN_X_2025.o
                0x200000a1                Refri_ACCU
 .bss.Pump_R    0x200000a2        0x1 ./Core/Src/CAN_X_2025.o
                0x200000a2                Pump_R
 .bss.Pump_L    0x200000a3        0x1 ./Core/Src/CAN_X_2025.o
                0x200000a3                Pump_L
 .bss.Button_2  0x200000a4        0x1 ./Core/Src/CAN_X_2025.o
                0x200000a4                Button_2
 .bss.Button_1  0x200000a5        0x1 ./Core/Src/CAN_X_2025.o
                0x200000a5                Button_1
 .bss.TV_Level  0x200000a6        0x1 ./Core/Src/CAN_X_2025.o
                0x200000a6                TV_Level
 .bss.TC_Level  0x200000a7        0x1 ./Core/Src/CAN_X_2025.o
                0x200000a7                TC_Level
 .bss.Driver    0x200000a8        0x1 ./Core/Src/CAN_X_2025.o
                0x200000a8                Driver
 .bss.RacingMode
                0x200000a9        0x1 ./Core/Src/CAN_X_2025.o
                0x200000a9                RacingMode
 .bss.EnableDrive_Order
                0x200000aa        0x1 ./Core/Src/CAN_X_2025.o
                0x200000aa                EnableDrive_Order
 .bss.PrechargeRequest
                0x200000ab        0x1 ./Core/Src/CAN_X_2025.o
                0x200000ab                PrechargeRequest
 .bss.Fans_R    0x200000ac        0x1 ./Core/Src/CAN_X_2025.o
                0x200000ac                Fans_R
 .bss.Fans_L    0x200000ad        0x1 ./Core/Src/CAN_X_2025.o
                0x200000ad                Fans_L
 .bss.Car_State
                0x200000ae        0x1 ./Core/Src/CAN_X_2025.o
                0x200000ae                Car_State
 .bss.Car_OK    0x200000af        0x1 ./Core/Src/CAN_X_2025.o
                0x200000af                Car_OK
 .bss.AIRs_Request
                0x200000b0        0x1 ./Core/Src/CAN_X_2025.o
                0x200000b0                AIRs_Request
 .bss.BrakeLight_Control
                0x200000b1        0x1 ./Core/Src/CAN_X_2025.o
                0x200000b1                BrakeLight_Control
 .bss.Inv_R_TempMotor
                0x200000b2        0x2 ./Core/Src/CAN_X_2025.o
                0x200000b2                Inv_R_TempMotor
 .bss.current_R
                0x200000b4        0x2 ./Core/Src/CAN_X_2025.o
                0x200000b4                current_R
 .bss.Inv_R_TempIGBT
                0x200000b6        0x2 ./Core/Src/CAN_X_2025.o
                0x200000b6                Inv_R_TempIGBT
 .bss.RR_Vel_ms_Wheel
                0x200000b8        0x1 ./Core/Src/CAN_X_2025.o
                0x200000b8                RR_Vel_ms_Wheel
 *fill*         0x200000b9        0x1 
 .bss.Inv_L_TempMotor
                0x200000ba        0x2 ./Core/Src/CAN_X_2025.o
                0x200000ba                Inv_L_TempMotor
 .bss.current_L
                0x200000bc        0x2 ./Core/Src/CAN_X_2025.o
                0x200000bc                current_L
 .bss.Inv_L_TempIGBT
                0x200000be        0x2 ./Core/Src/CAN_X_2025.o
                0x200000be                Inv_L_TempIGBT
 .bss.RL_Vel_ms_Wheel
                0x200000c0        0x1 ./Core/Src/CAN_X_2025.o
                0x200000c0                RL_Vel_ms_Wheel
 *fill*         0x200000c1        0x1 
 .bss.Susp_R_R_Bits
                0x200000c2        0x2 ./Core/Src/CAN_X_2025.o
                0x200000c2                Susp_R_R_Bits
 .bss.Susp_R_L_Bits
                0x200000c4        0x2 ./Core/Src/CAN_X_2025.o
                0x200000c4                Susp_R_L_Bits
 .bss.RECU_LV   0x200000c6        0x2 ./Core/Src/CAN_X_2025.o
                0x200000c6                RECU_LV
 .bss.RECU_5V   0x200000c8        0x2 ./Core/Src/CAN_X_2025.o
                0x200000c8                RECU_5V
 .bss.RECU_3V3  0x200000ca        0x2 ./Core/Src/CAN_X_2025.o
                0x200000ca                RECU_3V3
 .bss.Shutdown_TSMS_TSMP
                0x200000cc        0x1 ./Core/Src/CAN_X_2025.o
                0x200000cc                Shutdown_TSMS_TSMP
 .bss.Shutdown_RightTS
                0x200000cd        0x1 ./Core/Src/CAN_X_2025.o
                0x200000cd                Shutdown_RightTS
 .bss.Shutdown_LeftTS
                0x200000ce        0x1 ./Core/Src/CAN_X_2025.o
                0x200000ce                Shutdown_LeftTS
 .bss.Shutdown_HVD
                0x200000cf        0x1 ./Core/Src/CAN_X_2025.o
                0x200000cf                Shutdown_HVD
 .bss.Shutdown_HVBox
                0x200000d0        0x1 ./Core/Src/CAN_X_2025.o
                0x200000d0                Shutdown_HVBox
 .bss.Rear_Alive
                0x200000d1        0x1 ./Core/Src/CAN_X_2025.o
                0x200000d1                Rear_Alive
 *fill*         0x200000d2        0x2 
 .bss.xIdleTaskTCBBuffer
                0x200000d4       0xa0 ./Core/Src/freertos.o
 .bss.xIdleStack
                0x20000174      0x200 ./Core/Src/freertos.o
 .bss.hadc1     0x20000374       0x68 ./Core/Src/main.o
                0x20000374                hadc1
 .bss.hdma_adc1
                0x200003dc       0x48 ./Core/Src/main.o
                0x200003dc                hdma_adc1
 .bss.hcan1     0x20000424       0x28 ./Core/Src/main.o
                0x20000424                hcan1
 .bss.htim1     0x2000044c       0x4c ./Core/Src/main.o
                0x2000044c                htim1
 .bss.htim8     0x20000498       0x4c ./Core/Src/main.o
                0x20000498                htim8
 .bss.CANHandle
                0x200004e4        0x4 ./Core/Src/main.o
                0x200004e4                CANHandle
 .bss.ADCHandle
                0x200004e8        0x4 ./Core/Src/main.o
                0x200004e8                ADCHandle
 .bss.ShutdownHandle
                0x200004ec        0x4 ./Core/Src/main.o
                0x200004ec                ShutdownHandle
 .bss.ControlHandle
                0x200004f0        0x4 ./Core/Src/main.o
                0x200004f0                ControlHandle
 .bss.BinSemControlHandle
                0x200004f4        0x4 ./Core/Src/main.o
                0x200004f4                BinSemControlHandle
 .bss.adc_buffer
                0x200004f8       0x18 ./Core/Src/main.o
                0x200004f8                adc_buffer
 .bss.RxData    0x20000510        0x8 ./Core/Src/main.o
                0x20000510                RxData
 .bss.RxHeader  0x20000518       0x1c ./Core/Src/main.o
                0x20000518                RxHeader
 .bss.CAN_FSM_STATE
                0x20000534        0x1 ./Core/Src/main.o
                0x20000534                CAN_FSM_STATE
 *fill*         0x20000535        0x1 
 .bss.dutycycle_L
                0x20000536        0x2 ./Core/Src/main.o
                0x20000536                dutycycle_L
 .bss.dutycycle_R
                0x20000538        0x2 ./Core/Src/main.o
                0x20000538                dutycycle_R
 *fill*         0x2000053a        0x2 
 .bss.Temp_L_motor
                0x2000053c        0x4 ./Core/Src/main.o
                0x2000053c                Temp_L_motor
 .bss.Temp_R_motor
                0x20000540        0x4 ./Core/Src/main.o
                0x20000540                Temp_R_motor
 .bss.Temp_L_IGBT
                0x20000544        0x4 ./Core/Src/main.o
                0x20000544                Temp_L_IGBT
 .bss.Temp_R_IGBT
                0x20000548        0x4 ./Core/Src/main.o
                0x20000548                Temp_R_IGBT
 .bss.RefriLeft
                0x2000054c        0x4 ./Core/Src/main.o
                0x2000054c                RefriLeft
 .bss.RefriRight
                0x20000550        0x4 ./Core/Src/main.o
                0x20000550                RefriRight
 .bss.flag      0x20000554        0x1 ./Core/Src/main.o
                0x20000554                flag
 *fill*         0x20000555        0x3 
 .bss.htim4     0x20000558       0x4c ./Core/Src/stm32l4xx_hal_timebase_tim.o
                0x20000558                htim4
 .bss.uwTick    0x200005a4        0x4 ./Drivers/STM32L4xx_HAL_Driver/Src/stm32l4xx_hal.o
                0x200005a4                uwTick
 .bss.pxCurrentTCB
                0x200005a8        0x4 ./Middlewares/Third_Party/FreeRTOS/Source/tasks.o
                0x200005a8                pxCurrentTCB
 .bss.pxReadyTasksLists
                0x200005ac       0x8c ./Middlewares/Third_Party/FreeRTOS/Source/tasks.o
 .bss.xDelayedTaskList1
                0x20000638       0x14 ./Middlewares/Third_Party/FreeRTOS/Source/tasks.o
 .bss.xDelayedTaskList2
                0x2000064c       0x14 ./Middlewares/Third_Party/FreeRTOS/Source/tasks.o
 .bss.pxDelayedTaskList
                0x20000660        0x4 ./Middlewares/Third_Party/FreeRTOS/Source/tasks.o
 .bss.pxOverflowDelayedTaskList
                0x20000664        0x4 ./Middlewares/Third_Party/FreeRTOS/Source/tasks.o
 .bss.xPendingReadyList
                0x20000668       0x14 ./Middlewares/Third_Party/FreeRTOS/Source/tasks.o
 .bss.xTasksWaitingTermination
                0x2000067c       0x14 ./Middlewares/Third_Party/FreeRTOS/Source/tasks.o
 .bss.uxDeletedTasksWaitingCleanUp
                0x20000690        0x4 ./Middlewares/Third_Party/FreeRTOS/Source/tasks.o
 .bss.xSuspendedTaskList
                0x20000694       0x14 ./Middlewares/Third_Party/FreeRTOS/Source/tasks.o
 .bss.uxCurrentNumberOfTasks
                0x200006a8        0x4 ./Middlewares/Third_Party/FreeRTOS/Source/tasks.o
 .bss.xTickCount
                0x200006ac        0x4 ./Middlewares/Third_Party/FreeRTOS/Source/tasks.o
 .bss.uxTopReadyPriority
                0x200006b0        0x4 ./Middlewares/Third_Party/FreeRTOS/Source/tasks.o
 .bss.xSchedulerRunning
                0x200006b4        0x4 ./Middlewares/Third_Party/FreeRTOS/Source/tasks.o
 .bss.xPendedTicks
                0x200006b8        0x4 ./Middlewares/Third_Party/FreeRTOS/Source/tasks.o
 .bss.xYieldPending
                0x200006bc        0x4 ./Middlewares/Third_Party/FreeRTOS/Source/tasks.o
 .bss.xNumOfOverflows
                0x200006c0        0x4 ./Middlewares/Third_Party/FreeRTOS/Source/tasks.o
 .bss.uxTaskNumber
                0x200006c4        0x4 ./Middlewares/Third_Party/FreeRTOS/Source/tasks.o
 .bss.xNextTaskUnblockTime
                0x200006c8        0x4 ./Middlewares/Third_Party/FreeRTOS/Source/tasks.o
 .bss.xIdleTaskHandle
                0x200006cc        0x4 ./Middlewares/Third_Party/FreeRTOS/Source/tasks.o
 .bss.uxSchedulerSuspended
                0x200006d0        0x4 ./Middlewares/Third_Party/FreeRTOS/Source/tasks.o
 .bss.ucMaxSysCallPriority
                0x200006d4        0x1 ./Middlewares/Third_Party/FreeRTOS/Source/portable/GCC/ARM_CM4F/port.o
 *fill*         0x200006d5        0x3 
 .bss.ulMaxPRIGROUPValue
                0x200006d8        0x4 ./Middlewares/Third_Party/FreeRTOS/Source/portable/GCC/ARM_CM4F/port.o
 .bss.ucHeap    0x200006dc      0xbb8 ./Middlewares/Third_Party/FreeRTOS/Source/portable/MemMang/heap_4.o
 .bss.xStart    0x20001294        0x8 ./Middlewares/Third_Party/FreeRTOS/Source/portable/MemMang/heap_4.o
 .bss.pxEnd     0x2000129c        0x4 ./Middlewares/Third_Party/FreeRTOS/Source/portable/MemMang/heap_4.o
 .bss.xFreeBytesRemaining
                0x200012a0        0x4 ./Middlewares/Third_Party/FreeRTOS/Source/portable/MemMang/heap_4.o
 .bss.xMinimumEverFreeBytesRemaining
                0x200012a4        0x4 ./Middlewares/Third_Party/FreeRTOS/Source/portable/MemMang/heap_4.o
 .bss.xNumberOfSuccessfulAllocations
                0x200012a8        0x4 ./Middlewares/Third_Party/FreeRTOS/Source/portable/MemMang/heap_4.o
 .bss.xNumberOfSuccessfulFrees
                0x200012ac        0x4 ./Middlewares/Third_Party/FreeRTOS/Source/portable/MemMang/heap_4.o
 .bss.xBlockAllocatedBit
                0x200012b0        0x4 ./Middlewares/Third_Party/FreeRTOS/Source/portable/MemMang/heap_4.o
 .bss.__sf      0x200012b4      0x138 C:/ST/STM32CubeIDE_1.17.0/STM32CubeIDE/plugins/com.st.stm32cube.ide.mcu.externaltools.gnu-tools-for-stm32.12.3.rel1.win32_1.1.0.202410251130/tools/bin/../lib/gcc/arm-none-eabi/12.3.1/../../../../arm-none-eabi/lib/thumb/v7e-m+fp/hard\libc_nano.a(libc_a-findfp.o)
                0x200012b4                __sf
 .bss.__lock___malloc_recursive_mutex
                0x200013ec        0x1 C:/ST/STM32CubeIDE_1.17.0/STM32CubeIDE/plugins/com.st.stm32cube.ide.mcu.externaltools.gnu-tools-for-stm32.12.3.rel1.win32_1.1.0.202410251130/tools/bin/../lib/gcc/arm-none-eabi/12.3.1/../../../../arm-none-eabi/lib/thumb/v7e-m+fp/hard\libc_nano.a(libc_a-lock.o)
                0x200013ec                __lock___malloc_recursive_mutex
 *fill*         0x200013ed        0x3 
 .bss.__malloc_free_list
                0x200013f0        0x4 C:/ST/STM32CubeIDE_1.17.0/STM32CubeIDE/plugins/com.st.stm32cube.ide.mcu.externaltools.gnu-tools-for-stm32.12.3.rel1.win32_1.1.0.202410251130/tools/bin/../lib/gcc/arm-none-eabi/12.3.1/../../../../arm-none-eabi/lib/thumb/v7e-m+fp/hard\libc_nano.a(libc_a-mallocr.o)
                0x200013f0                __malloc_free_list
 *(COMMON)
                0x200013f4                        . = ALIGN (0x4)
                0x200013f4                        _ebss = .
                0x200013f4                        __bss_end__ = _ebss

._user_heap_stack
                0x200013f4      0x604 load address 0x08009a90
                0x200013f8                        . = ALIGN (0x8)
 *fill*         0x200013f4        0x4 
                [!provide]                        PROVIDE (end = .)
                0x200013f8                        PROVIDE (_end = .)
                0x200015f8                        . = (. + _Min_Heap_Size)
 *fill*         0x200013f8      0x200 
                0x200019f8                        . = (. + _Min_Stack_Size)
 *fill*         0x200015f8      0x400 
                0x200019f8                        . = ALIGN (0x8)

/DISCARD/
 libc.a(*)
 libm.a(*)
 libgcc.a(*)

.ARM.attributes
                0x00000000       0x30
 *(.ARM.attributes)
 .ARM.attributes
                0x00000000       0x22 C:/ST/STM32CubeIDE_1.17.0/STM32CubeIDE/plugins/com.st.stm32cube.ide.mcu.externaltools.gnu-tools-for-stm32.12.3.rel1.win32_1.1.0.202410251130/tools/bin/../lib/gcc/arm-none-eabi/12.3.1/thumb/v7e-m+fp/hard/crti.o
 .ARM.attributes
                0x00000022       0x34 C:/ST/STM32CubeIDE_1.17.0/STM32CubeIDE/plugins/com.st.stm32cube.ide.mcu.externaltools.gnu-tools-for-stm32.12.3.rel1.win32_1.1.0.202410251130/tools/bin/../lib/gcc/arm-none-eabi/12.3.1/thumb/v7e-m+fp/hard/crtbegin.o
 .ARM.attributes
                0x00000056       0x34 ./Core/Src/CAN.o
 .ARM.attributes
                0x0000008a       0x34 ./Core/Src/CAN_X_2025.o
 .ARM.attributes
                0x000000be       0x34 ./Core/Src/freertos.o
 .ARM.attributes
                0x000000f2       0x34 ./Core/Src/main.o
 .ARM.attributes
                0x00000126       0x34 ./Core/Src/stm32l4xx_hal_msp.o
 .ARM.attributes
                0x0000015a       0x34 ./Core/Src/stm32l4xx_hal_timebase_tim.o
 .ARM.attributes
                0x0000018e       0x34 ./Core/Src/stm32l4xx_it.o
 .ARM.attributes
                0x000001c2       0x34 ./Core/Src/system_stm32l4xx.o
 .ARM.attributes
                0x000001f6       0x21 ./Core/Startup/startup_stm32l496vetx.o
 .ARM.attributes
                0x00000217       0x34 ./Drivers/STM32L4xx_HAL_Driver/Src/stm32l4xx_hal.o
 .ARM.attributes
                0x0000024b       0x34 ./Drivers/STM32L4xx_HAL_Driver/Src/stm32l4xx_hal_adc.o
 .ARM.attributes
                0x0000027f       0x34 ./Drivers/STM32L4xx_HAL_Driver/Src/stm32l4xx_hal_adc_ex.o
 .ARM.attributes
                0x000002b3       0x34 ./Drivers/STM32L4xx_HAL_Driver/Src/stm32l4xx_hal_can.o
 .ARM.attributes
                0x000002e7       0x34 ./Drivers/STM32L4xx_HAL_Driver/Src/stm32l4xx_hal_cortex.o
 .ARM.attributes
                0x0000031b       0x34 ./Drivers/STM32L4xx_HAL_Driver/Src/stm32l4xx_hal_dma.o
 .ARM.attributes
                0x0000034f       0x34 ./Drivers/STM32L4xx_HAL_Driver/Src/stm32l4xx_hal_gpio.o
 .ARM.attributes
                0x00000383       0x34 ./Drivers/STM32L4xx_HAL_Driver/Src/stm32l4xx_hal_pwr_ex.o
 .ARM.attributes
                0x000003b7       0x34 ./Drivers/STM32L4xx_HAL_Driver/Src/stm32l4xx_hal_rcc.o
 .ARM.attributes
                0x000003eb       0x34 ./Drivers/STM32L4xx_HAL_Driver/Src/stm32l4xx_hal_rcc_ex.o
 .ARM.attributes
                0x0000041f       0x34 ./Drivers/STM32L4xx_HAL_Driver/Src/stm32l4xx_hal_tim.o
 .ARM.attributes
                0x00000453       0x34 ./Drivers/STM32L4xx_HAL_Driver/Src/stm32l4xx_hal_tim_ex.o
 .ARM.attributes
                0x00000487       0x34 ./Middlewares/Third_Party/FreeRTOS/Source/CMSIS_RTOS/cmsis_os.o
 .ARM.attributes
                0x000004bb       0x34 ./Middlewares/Third_Party/FreeRTOS/Source/list.o
 .ARM.attributes
                0x000004ef       0x34 ./Middlewares/Third_Party/FreeRTOS/Source/queue.o
 .ARM.attributes
                0x00000523       0x34 ./Middlewares/Third_Party/FreeRTOS/Source/tasks.o
 .ARM.attributes
                0x00000557       0x34 ./Middlewares/Third_Party/FreeRTOS/Source/portable/GCC/ARM_CM4F/port.o
 .ARM.attributes
                0x0000058b       0x34 ./Middlewares/Third_Party/FreeRTOS/Source/portable/MemMang/heap_4.o
 .ARM.attributes
                0x000005bf       0x34 C:/ST/STM32CubeIDE_1.17.0/STM32CubeIDE/plugins/com.st.stm32cube.ide.mcu.externaltools.gnu-tools-for-stm32.12.3.rel1.win32_1.1.0.202410251130/tools/bin/../lib/gcc/arm-none-eabi/12.3.1/../../../../arm-none-eabi/lib/thumb/v7e-m+fp/hard\libc_nano.a(libc_a-findfp.o)
 .ARM.attributes
                0x000005f3       0x34 C:/ST/STM32CubeIDE_1.17.0/STM32CubeIDE/plugins/com.st.stm32cube.ide.mcu.externaltools.gnu-tools-for-stm32.12.3.rel1.win32_1.1.0.202410251130/tools/bin/../lib/gcc/arm-none-eabi/12.3.1/../../../../arm-none-eabi/lib/thumb/v7e-m+fp/hard\libc_nano.a(libc_a-memset.o)
 .ARM.attributes
                0x00000627       0x34 C:/ST/STM32CubeIDE_1.17.0/STM32CubeIDE/plugins/com.st.stm32cube.ide.mcu.externaltools.gnu-tools-for-stm32.12.3.rel1.win32_1.1.0.202410251130/tools/bin/../lib/gcc/arm-none-eabi/12.3.1/../../../../arm-none-eabi/lib/thumb/v7e-m+fp/hard\libc_nano.a(libc_a-reent.o)
 .ARM.attributes
                0x0000065b       0x34 C:/ST/STM32CubeIDE_1.17.0/STM32CubeIDE/plugins/com.st.stm32cube.ide.mcu.externaltools.gnu-tools-for-stm32.12.3.rel1.win32_1.1.0.202410251130/tools/bin/../lib/gcc/arm-none-eabi/12.3.1/../../../../arm-none-eabi/lib/thumb/v7e-m+fp/hard\libc_nano.a(libc_a-impure.o)
 .ARM.attributes
                0x0000068f       0x34 C:/ST/STM32CubeIDE_1.17.0/STM32CubeIDE/plugins/com.st.stm32cube.ide.mcu.externaltools.gnu-tools-for-stm32.12.3.rel1.win32_1.1.0.202410251130/tools/bin/../lib/gcc/arm-none-eabi/12.3.1/../../../../arm-none-eabi/lib/thumb/v7e-m+fp/hard\libc_nano.a(libc_a-init.o)
 .ARM.attributes
                0x000006c3       0x34 C:/ST/STM32CubeIDE_1.17.0/STM32CubeIDE/plugins/com.st.stm32cube.ide.mcu.externaltools.gnu-tools-for-stm32.12.3.rel1.win32_1.1.0.202410251130/tools/bin/../lib/gcc/arm-none-eabi/12.3.1/../../../../arm-none-eabi/lib/thumb/v7e-m+fp/hard\libc_nano.a(libc_a-lock.o)
 .ARM.attributes
                0x000006f7       0x34 C:/ST/STM32CubeIDE_1.17.0/STM32CubeIDE/plugins/com.st.stm32cube.ide.mcu.externaltools.gnu-tools-for-stm32.12.3.rel1.win32_1.1.0.202410251130/tools/bin/../lib/gcc/arm-none-eabi/12.3.1/../../../../arm-none-eabi/lib/thumb/v7e-m+fp/hard\libc_nano.a(libc_a-memcpy-stub.o)
 .ARM.attributes
                0x0000072b       0x34 C:/ST/STM32CubeIDE_1.17.0/STM32CubeIDE/plugins/com.st.stm32cube.ide.mcu.externaltools.gnu-tools-for-stm32.12.3.rel1.win32_1.1.0.202410251130/tools/bin/../lib/gcc/arm-none-eabi/12.3.1/../../../../arm-none-eabi/lib/thumb/v7e-m+fp/hard\libc_nano.a(libc_a-freer.o)
 .ARM.attributes
                0x0000075f       0x34 C:/ST/STM32CubeIDE_1.17.0/STM32CubeIDE/plugins/com.st.stm32cube.ide.mcu.externaltools.gnu-tools-for-stm32.12.3.rel1.win32_1.1.0.202410251130/tools/bin/../lib/gcc/arm-none-eabi/12.3.1/../../../../arm-none-eabi/lib/thumb/v7e-m+fp/hard\libc_nano.a(libc_a-mallocr.o)
 .ARM.attributes
                0x00000793       0x34 C:/ST/STM32CubeIDE_1.17.0/STM32CubeIDE/plugins/com.st.stm32cube.ide.mcu.externaltools.gnu-tools-for-stm32.12.3.rel1.win32_1.1.0.202410251130/tools/bin/../lib/gcc/arm-none-eabi/12.3.1/../../../../arm-none-eabi/lib/thumb/v7e-m+fp/hard\libc_nano.a(libc_a-mlock.o)
 .ARM.attributes
                0x000007c7       0x22 C:/ST/STM32CubeIDE_1.17.0/STM32CubeIDE/plugins/com.st.stm32cube.ide.mcu.externaltools.gnu-tools-for-stm32.12.3.rel1.win32_1.1.0.202410251130/tools/bin/../lib/gcc/arm-none-eabi/12.3.1/thumb/v7e-m+fp/hard/crtn.o
OUTPUT(RECU_2024_25.elf elf32-littlearm)
LOAD linker stubs
LOAD C:/ST/STM32CubeIDE_1.17.0/STM32CubeIDE/plugins/com.st.stm32cube.ide.mcu.externaltools.gnu-tools-for-stm32.12.3.rel1.win32_1.1.0.202410251130/tools/bin/../lib/gcc/arm-none-eabi/12.3.1/../../../../arm-none-eabi/lib/thumb/v7e-m+fp/hard\libc.a
LOAD C:/ST/STM32CubeIDE_1.17.0/STM32CubeIDE/plugins/com.st.stm32cube.ide.mcu.externaltools.gnu-tools-for-stm32.12.3.rel1.win32_1.1.0.202410251130/tools/bin/../lib/gcc/arm-none-eabi/12.3.1/../../../../arm-none-eabi/lib/thumb/v7e-m+fp/hard\libm.a
LOAD C:/ST/STM32CubeIDE_1.17.0/STM32CubeIDE/plugins/com.st.stm32cube.ide.mcu.externaltools.gnu-tools-for-stm32.12.3.rel1.win32_1.1.0.202410251130/tools/bin/../lib/gcc/arm-none-eabi/12.3.1/thumb/v7e-m+fp/hard\libgcc.a

.debug_info     0x00000000    0x1e333
 .debug_info    0x00000000      0x548 ./Core/Src/CAN.o
 .debug_info    0x00000548     0x2986 ./Core/Src/CAN_X_2025.o
 .debug_info    0x00002ece      0x919 ./Core/Src/freertos.o
 .debug_info    0x000037e7     0x2e2b ./Core/Src/main.o
 .debug_info    0x00006612     0x19e2 ./Core/Src/stm32l4xx_hal_msp.o
 .debug_info    0x00007ff4      0xcd1 ./Core/Src/stm32l4xx_hal_timebase_tim.o
 .debug_info    0x00008cc5      0xf1a ./Core/Src/stm32l4xx_it.o
 .debug_info    0x00009bdf      0x5cd ./Core/Src/system_stm32l4xx.o
 .debug_info    0x0000a1ac       0x30 ./Core/Startup/startup_stm32l496vetx.o
 .debug_info    0x0000a1dc      0xb4b ./Drivers/STM32L4xx_HAL_Driver/Src/stm32l4xx_hal.o
 .debug_info    0x0000ad27     0x1dfb ./Drivers/STM32L4xx_HAL_Driver/Src/stm32l4xx_hal_adc.o
 .debug_info    0x0000cb22     0x1b67 ./Drivers/STM32L4xx_HAL_Driver/Src/stm32l4xx_hal_adc_ex.o
 .debug_info    0x0000e689      0xf17 ./Drivers/STM32L4xx_HAL_Driver/Src/stm32l4xx_hal_can.o
 .debug_info    0x0000f5a0      0xdb7 ./Drivers/STM32L4xx_HAL_Driver/Src/stm32l4xx_hal_cortex.o
 .debug_info    0x00010357      0x6f4 ./Drivers/STM32L4xx_HAL_Driver/Src/stm32l4xx_hal_dma.o
 .debug_info    0x00010a4b      0x76f ./Drivers/STM32L4xx_HAL_Driver/Src/stm32l4xx_hal_gpio.o
 .debug_info    0x000111ba      0x996 ./Drivers/STM32L4xx_HAL_Driver/Src/stm32l4xx_hal_pwr_ex.o
 .debug_info    0x00011b50      0xc3b ./Drivers/STM32L4xx_HAL_Driver/Src/stm32l4xx_hal_rcc.o
 .debug_info    0x0001278b     0x10c1 ./Drivers/STM32L4xx_HAL_Driver/Src/stm32l4xx_hal_rcc_ex.o
 .debug_info    0x0001384c     0x2a9a ./Drivers/STM32L4xx_HAL_Driver/Src/stm32l4xx_hal_tim.o
 .debug_info    0x000162e6     0x169e ./Drivers/STM32L4xx_HAL_Driver/Src/stm32l4xx_hal_tim_ex.o
 .debug_info    0x00017984     0x21e2 ./Middlewares/Third_Party/FreeRTOS/Source/CMSIS_RTOS/cmsis_os.o
 .debug_info    0x00019b66      0x2af ./Middlewares/Third_Party/FreeRTOS/Source/list.o
 .debug_info    0x00019e15     0x17cd ./Middlewares/Third_Party/FreeRTOS/Source/queue.o
 .debug_info    0x0001b5e2     0x239e ./Middlewares/Third_Party/FreeRTOS/Source/tasks.o
 .debug_info    0x0001d980      0x4de ./Middlewares/Third_Party/FreeRTOS/Source/portable/GCC/ARM_CM4F/port.o
 .debug_info    0x0001de5e      0x4d5 ./Middlewares/Third_Party/FreeRTOS/Source/portable/MemMang/heap_4.o

.debug_abbrev   0x00000000     0x3f05
 .debug_abbrev  0x00000000      0x179 ./Core/Src/CAN.o
 .debug_abbrev  0x00000179      0x255 ./Core/Src/CAN_X_2025.o
 .debug_abbrev  0x000003ce      0x16f ./Core/Src/freertos.o
 .debug_abbrev  0x0000053d      0x380 ./Core/Src/main.o
 .debug_abbrev  0x000008bd      0x28a ./Core/Src/stm32l4xx_hal_msp.o
 .debug_abbrev  0x00000b47      0x1f4 ./Core/Src/stm32l4xx_hal_timebase_tim.o
 .debug_abbrev  0x00000d3b      0x1c6 ./Core/Src/stm32l4xx_it.o
 .debug_abbrev  0x00000f01      0x11a ./Core/Src/system_stm32l4xx.o
 .debug_abbrev  0x0000101b       0x24 ./Core/Startup/startup_stm32l496vetx.o
 .debug_abbrev  0x0000103f      0x242 ./Drivers/STM32L4xx_HAL_Driver/Src/stm32l4xx_hal.o
 .debug_abbrev  0x00001281      0x2de ./Drivers/STM32L4xx_HAL_Driver/Src/stm32l4xx_hal_adc.o
 .debug_abbrev  0x0000155f      0x2f1 ./Drivers/STM32L4xx_HAL_Driver/Src/stm32l4xx_hal_adc_ex.o
 .debug_abbrev  0x00001850      0x26f ./Drivers/STM32L4xx_HAL_Driver/Src/stm32l4xx_hal_can.o
 .debug_abbrev  0x00001abf      0x31c ./Drivers/STM32L4xx_HAL_Driver/Src/stm32l4xx_hal_cortex.o
 .debug_abbrev  0x00001ddb      0x1e4 ./Drivers/STM32L4xx_HAL_Driver/Src/stm32l4xx_hal_dma.o
 .debug_abbrev  0x00001fbf      0x1cb ./Drivers/STM32L4xx_HAL_Driver/Src/stm32l4xx_hal_gpio.o
 .debug_abbrev  0x0000218a      0x1f9 ./Drivers/STM32L4xx_HAL_Driver/Src/stm32l4xx_hal_pwr_ex.o
 .debug_abbrev  0x00002383      0x2cb ./Drivers/STM32L4xx_HAL_Driver/Src/stm32l4xx_hal_rcc.o
 .debug_abbrev  0x0000264e      0x2a3 ./Drivers/STM32L4xx_HAL_Driver/Src/stm32l4xx_hal_rcc_ex.o
 .debug_abbrev  0x000028f1      0x278 ./Drivers/STM32L4xx_HAL_Driver/Src/stm32l4xx_hal_tim.o
 .debug_abbrev  0x00002b69      0x283 ./Drivers/STM32L4xx_HAL_Driver/Src/stm32l4xx_hal_tim_ex.o
 .debug_abbrev  0x00002dec      0x426 ./Middlewares/Third_Party/FreeRTOS/Source/CMSIS_RTOS/cmsis_os.o
 .debug_abbrev  0x00003212       0xf5 ./Middlewares/Third_Party/FreeRTOS/Source/list.o
 .debug_abbrev  0x00003307      0x3b5 ./Middlewares/Third_Party/FreeRTOS/Source/queue.o
 .debug_abbrev  0x000036bc      0x3d0 ./Middlewares/Third_Party/FreeRTOS/Source/tasks.o
 .debug_abbrev  0x00003a8c      0x25c ./Middlewares/Third_Party/FreeRTOS/Source/portable/GCC/ARM_CM4F/port.o
 .debug_abbrev  0x00003ce8      0x21d ./Middlewares/Third_Party/FreeRTOS/Source/portable/MemMang/heap_4.o

.debug_aranges  0x00000000     0x1b68
 .debug_aranges
                0x00000000       0x20 ./Core/Src/CAN.o
 .debug_aranges
                0x00000020      0x308 ./Core/Src/CAN_X_2025.o
 .debug_aranges
                0x00000328       0x20 ./Core/Src/freertos.o
 .debug_aranges
                0x00000348       0x90 ./Core/Src/main.o
 .debug_aranges
                0x000003d8       0x68 ./Core/Src/stm32l4xx_hal_msp.o
 .debug_aranges
                0x00000440       0x30 ./Core/Src/stm32l4xx_hal_timebase_tim.o
 .debug_aranges
                0x00000470       0x70 ./Core/Src/stm32l4xx_it.o
 .debug_aranges
                0x000004e0       0x28 ./Core/Src/system_stm32l4xx.o
 .debug_aranges
                0x00000508       0x28 ./Core/Startup/startup_stm32l496vetx.o
 .debug_aranges
                0x00000530      0x130 ./Drivers/STM32L4xx_HAL_Driver/Src/stm32l4xx_hal.o
 .debug_aranges
                0x00000660      0x228 ./Drivers/STM32L4xx_HAL_Driver/Src/stm32l4xx_hal_adc.o
 .debug_aranges
                0x00000888      0x1b0 ./Drivers/STM32L4xx_HAL_Driver/Src/stm32l4xx_hal_adc_ex.o
 .debug_aranges
                0x00000a38      0x138 ./Drivers/STM32L4xx_HAL_Driver/Src/stm32l4xx_hal_can.o
 .debug_aranges
                0x00000b70      0x128 ./Drivers/STM32L4xx_HAL_Driver/Src/stm32l4xx_hal_cortex.o
 .debug_aranges
                0x00000c98       0x80 ./Drivers/STM32L4xx_HAL_Driver/Src/stm32l4xx_hal_dma.o
 .debug_aranges
                0x00000d18       0x58 ./Drivers/STM32L4xx_HAL_Driver/Src/stm32l4xx_hal_gpio.o
 .debug_aranges
                0x00000d70      0x150 ./Drivers/STM32L4xx_HAL_Driver/Src/stm32l4xx_hal_pwr_ex.o
 .debug_aranges
                0x00000ec0       0x90 ./Drivers/STM32L4xx_HAL_Driver/Src/stm32l4xx_hal_rcc.o
 .debug_aranges
                0x00000f50      0x108 ./Drivers/STM32L4xx_HAL_Driver/Src/stm32l4xx_hal_rcc_ex.o
 .debug_aranges
                0x00001058      0x3e0 ./Drivers/STM32L4xx_HAL_Driver/Src/stm32l4xx_hal_tim.o
 .debug_aranges
                0x00001438      0x180 ./Drivers/STM32L4xx_HAL_Driver/Src/stm32l4xx_hal_tim_ex.o
 .debug_aranges
                0x000015b8      0x1d8 ./Middlewares/Third_Party/FreeRTOS/Source/CMSIS_RTOS/cmsis_os.o
 .debug_aranges
                0x00001790       0x40 ./Middlewares/Third_Party/FreeRTOS/Source/list.o
 .debug_aranges
                0x000017d0      0x108 ./Middlewares/Third_Party/FreeRTOS/Source/queue.o
 .debug_aranges
                0x000018d8      0x1b8 ./Middlewares/Third_Party/FreeRTOS/Source/tasks.o
 .debug_aranges
                0x00001a90       0x80 ./Middlewares/Third_Party/FreeRTOS/Source/portable/GCC/ARM_CM4F/port.o
 .debug_aranges
                0x00001b10       0x58 ./Middlewares/Third_Party/FreeRTOS/Source/portable/MemMang/heap_4.o

.debug_rnglists
                0x00000000     0x1555
 .debug_rnglists
                0x00000000       0x13 ./Core/Src/CAN.o
 .debug_rnglists
                0x00000013      0x28b ./Core/Src/CAN_X_2025.o
 .debug_rnglists
                0x0000029e       0x13 ./Core/Src/freertos.o
 .debug_rnglists
                0x000002b1       0x6f ./Core/Src/main.o
 .debug_rnglists
                0x00000320       0x4b ./Core/Src/stm32l4xx_hal_msp.o
 .debug_rnglists
                0x0000036b       0x20 ./Core/Src/stm32l4xx_hal_timebase_tim.o
 .debug_rnglists
                0x0000038b       0x4f ./Core/Src/stm32l4xx_it.o
 .debug_rnglists
                0x000003da       0x1a ./Core/Src/system_stm32l4xx.o
 .debug_rnglists
                0x000003f4       0x19 ./Core/Startup/startup_stm32l496vetx.o
 .debug_rnglists
                0x0000040d       0xdf ./Drivers/STM32L4xx_HAL_Driver/Src/stm32l4xx_hal.o
 .debug_rnglists
                0x000004ec      0x1b7 ./Drivers/STM32L4xx_HAL_Driver/Src/stm32l4xx_hal_adc.o
 .debug_rnglists
                0x000006a3      0x14e ./Drivers/STM32L4xx_HAL_Driver/Src/stm32l4xx_hal_adc_ex.o
 .debug_rnglists
                0x000007f1       0xee ./Drivers/STM32L4xx_HAL_Driver/Src/stm32l4xx_hal_can.o
 .debug_rnglists
                0x000008df       0xda ./Drivers/STM32L4xx_HAL_Driver/Src/stm32l4xx_hal_cortex.o
 .debug_rnglists
                0x000009b9       0x64 ./Drivers/STM32L4xx_HAL_Driver/Src/stm32l4xx_hal_dma.o
 .debug_rnglists
                0x00000a1d       0x3f ./Drivers/STM32L4xx_HAL_Driver/Src/stm32l4xx_hal_gpio.o
 .debug_rnglists
                0x00000a5c       0xfd ./Drivers/STM32L4xx_HAL_Driver/Src/stm32l4xx_hal_pwr_ex.o
 .debug_rnglists
                0x00000b59       0x6d ./Drivers/STM32L4xx_HAL_Driver/Src/stm32l4xx_hal_rcc.o
 .debug_rnglists
                0x00000bc6       0xce ./Drivers/STM32L4xx_HAL_Driver/Src/stm32l4xx_hal_rcc_ex.o
 .debug_rnglists
                0x00000c94      0x328 ./Drivers/STM32L4xx_HAL_Driver/Src/stm32l4xx_hal_tim.o
 .debug_rnglists
                0x00000fbc      0x139 ./Drivers/STM32L4xx_HAL_Driver/Src/stm32l4xx_hal_tim_ex.o
 .debug_rnglists
                0x000010f5      0x16a ./Middlewares/Third_Party/FreeRTOS/Source/CMSIS_RTOS/cmsis_os.o
 .debug_rnglists
                0x0000125f       0x2b ./Middlewares/Third_Party/FreeRTOS/Source/list.o
 .debug_rnglists
                0x0000128a       0xcd ./Middlewares/Third_Party/FreeRTOS/Source/queue.o
 .debug_rnglists
                0x00001357      0x15f ./Middlewares/Third_Party/FreeRTOS/Source/tasks.o
 .debug_rnglists
                0x000014b6       0x5d ./Middlewares/Third_Party/FreeRTOS/Source/portable/GCC/ARM_CM4F/port.o
 .debug_rnglists
                0x00001513       0x42 ./Middlewares/Third_Party/FreeRTOS/Source/portable/MemMang/heap_4.o

.debug_macro    0x00000000    0x2cd58
 .debug_macro   0x00000000      0x1f2 ./Core/Src/CAN.o
 .debug_macro   0x000001f2      0xab4 ./Core/Src/CAN.o
 .debug_macro   0x00000ca6      0x1ad ./Core/Src/CAN.o
 .debug_macro   0x00000e53       0x2e ./Core/Src/CAN.o
 .debug_macro   0x00000e81       0x28 ./Core/Src/CAN.o
 .debug_macro   0x00000ea9       0x22 ./Core/Src/CAN.o
 .debug_macro   0x00000ecb       0x8e ./Core/Src/CAN.o
 .debug_macro   0x00000f59       0x51 ./Core/Src/CAN.o
 .debug_macro   0x00000faa      0x103 ./Core/Src/CAN.o
 .debug_macro   0x000010ad       0x6a ./Core/Src/CAN.o
 .debug_macro   0x00001117      0x1df ./Core/Src/CAN.o
 .debug_macro   0x000012f6       0x1c ./Core/Src/CAN.o
 .debug_macro   0x00001312       0x22 ./Core/Src/CAN.o
 .debug_macro   0x00001334       0xfb ./Core/Src/CAN.o
 .debug_macro   0x0000142f     0x1011 ./Core/Src/CAN.o
 .debug_macro   0x00002440      0x11f ./Core/Src/CAN.o
 .debug_macro   0x0000255f    0x1c1e2 ./Core/Src/CAN.o
 .debug_macro   0x0001e741       0x6d ./Core/Src/CAN.o
 .debug_macro   0x0001e7ae     0x38fb ./Core/Src/CAN.o
 .debug_macro   0x000220a9      0x189 ./Core/Src/CAN.o
 .debug_macro   0x00022232       0x5c ./Core/Src/CAN.o
 .debug_macro   0x0002228e     0x187d ./Core/Src/CAN.o
 .debug_macro   0x00023b0b      0x773 ./Core/Src/CAN.o
 .debug_macro   0x0002427e      0x1b9 ./Core/Src/CAN.o
 .debug_macro   0x00024437      0x202 ./Core/Src/CAN.o
 .debug_macro   0x00024639      0x26b ./Core/Src/CAN.o
 .debug_macro   0x000248a4      0x23d ./Core/Src/CAN.o
 .debug_macro   0x00024ae1      0xfad ./Core/Src/CAN.o
 .debug_macro   0x00025a8e      0x639 ./Core/Src/CAN.o
 .debug_macro   0x000260c7      0x31a ./Core/Src/CAN.o
 .debug_macro   0x000263e1      0x40f ./Core/Src/CAN.o
 .debug_macro   0x000267f0      0x241 ./Core/Src/CAN.o
 .debug_macro   0x00026a31      0x3ad ./Core/Src/CAN.o
 .debug_macro   0x00026dde       0xe4 ./Core/Src/CAN.o
 .debug_macro   0x00026ec2      0x122 ./Core/Src/CAN.o
 .debug_macro   0x00026fe4      0x3ef ./Core/Src/CAN.o
 .debug_macro   0x000273d3      0xa98 ./Core/Src/CAN.o
 .debug_macro   0x00027e6b      0x1fb ./Core/Src/CAN.o
 .debug_macro   0x00028066      0x433 ./Core/Src/CAN.o
 .debug_macro   0x00028499       0x70 ./Core/Src/CAN.o
 .debug_macro   0x00028509      0x1f7 ./Core/Src/CAN_X_2025.o
 .debug_macro   0x00028700      0x146 ./Core/Src/CAN_X_2025.o
 .debug_macro   0x00028846      0x2ed ./Core/Src/freertos.o
 .debug_macro   0x00028b33       0xf1 ./Core/Src/freertos.o
 .debug_macro   0x00028c24      0x15a ./Core/Src/freertos.o