../Core/Src/main.c:127:6:refri_init	8	static
../Core/Src/main.c:144:5:main	88	static
../Core/Src/main.c:215:6:SystemClock_Config	88	static
../Core/Src/main.c:270:13:MX_ADC1_Init	24	static
../Core/Src/main.c:331:13:MX_ADC2_Init	24	static
../Core/Src/main.c:383:13:MX_CAN1_Init	8	static
../Core/Src/main.c:420:13:MX_CAN2_Init	8	static
../Core/Src/main.c:457:13:MX_TIM1_Init	96	static
../Core/Src/main.c:527:13:MX_TIM3_Init	64	static
../Core/Src/main.c:586:13:MX_TIM4_Init	40	static
../Core/Src/main.c:631:13:MX_TIM8_Init	112	static
../Core/Src/main.c:709:13:MX_DMA_Init	16	static
../Core/Src/main.c:727:13:MX_GPIO_Init	48	static
../Core/Src/main.c:767:6:HAL_ADC_ConvCpltCallback	16	static
../Core/Src/main.c:774:6:HAL_CAN_RxFifo0MsgPendingCallback	16	static
../Core/Src/main.c:786:6:HAL_CAN_RxFifo1MsgPendingCallback	120	static
../Core/Src/main.c:833:6:HAL_TIM_PeriodElapsedCallback	16	static
../Core/Src/main.c:866:6:MPU_Config	24	static
../Core/Src/main.c:897:6:Error_Handler	4	static,ignoring_inline_asm
