../Core/Src/main.c:110:5:main	1
../Core/Src/main.c:222:6:SystemClock_Config	4
../Core/Src/main.c:273:13:MX_ADC1_Init	15
../Core/Src/main.c:439:13:MX_CAN1_Init	2
../Core/Src/main.c:476:13:MX_TIM1_Init	6
../Core/Src/main.c:550:13:MX_TIM8_Init	4
../Core/Src/main.c:595:13:MX_DMA_Init	1
../Core/Src/main.c:613:13:MX_GPIO_Init	1
../Core/Src/main.c:658:6:HAL_CAN_RxFifo0MsgPendingCallback	6
../Core/Src/main.c:689:6:StartCAN	1
../Core/Src/main.c:725:6:StartADC	1
../Core/Src/main.c:745:6:StartShutdown	1
../Core/Src/main.c:768:6:StartControl	11
../Core/Src/main.c:827:6:HAL_TIM_PeriodElapsedCallback	2
../Core/Src/main.c:844:6:Error_Handler	1
