../Drivers/CMSIS/Include/core_cm4.h:1933:34:__NVIC_SystemReset	4	static,ignoring_inline_asm
../Core/Src/CAN_X_2025.c:240:6:message_cantx_VECTOR__INDEPENDENT_SIG_MSG	8	static
../Core/Src/CAN_X_2025.c:299:6:message_cantx_PROC_ETAS_VDC_Pressure	8	static
../Core/Src/CAN_X_2025.c:316:6:message_cantx_CAB300	8	static
../Core/Src/CAN_X_2025.c:333:6:message_cantx_PROC_ETAS_Warning	8	static
../Core/Src/CAN_X_2025.c:350:6:message_cantx_TEL_ETAS_Accu	8	static
../Core/Src/CAN_X_2025.c:369:6:message_cantx_TEL_ETAS_Info	8	static
../Core/Src/CAN_X_2025.c:385:6:message_cantx_TEL_ETAS_Temps	8	static
../Core/Src/CAN_X_2025.c:409:6:message_cantx_NM_BMS_Charger_Keep_Alive	8	static
../Core/Src/CAN_X_2025.c:423:6:message_cantx_STAT_BMS_SFR	8	static
../Core/Src/CAN_X_2025.c:451:6:message_cantx_CHARGER_Battery_Current	8	static
../Core/Src/CAN_X_2025.c:467:6:message_cantx_STAT_CHARGER_Battery_Temp	8	static
../Core/Src/CAN_X_2025.c:486:6:message_cantx_STAT_CHARGER_Battery_Voltages	8	static
../Core/Src/CAN_X_2025.c:506:6:message_cantx_STAT_CHARGER_PrechargeOK	8	static
../Core/Src/CAN_X_2025.c:520:6:message_cantx_STAT_BMS_AIRs_State	8	static
../Core/Src/CAN_X_2025.c:534:6:message_cantx_CTRL_CHARGER_AIRs_Request	8	static
../Core/Src/CAN_X_2025.c:548:6:message_cantx_STAT_CHARGER_Sync	8	static
../Core/Src/CAN_X_2025.c:562:6:message_cantx_PROC_ETAS_VDC_Params	8	static
../Core/Src/CAN_X_2025.c:592:6:message_cantx_PROC_ETAS_VDC_LapTiming	8	static
../Core/Src/CAN_X_2025.c:615:6:message_cantx_CTRL_BMS_Accu_Data	8	static
../Core/Src/CAN_X_2025.c:640:6:message_cantx_CTRL_BMS_Cell_Extremes	8	static
../Core/Src/CAN_X_2025.c:661:6:message_cantx_STAT_DASH_Keep_Alive	8	static
../Core/Src/CAN_X_2025.c:681:6:message_cantx_STAT_BMS_Keep_Alive	8	static
../Core/Src/CAN_X_2025.c:703:6:message_cantx_PROC_ETAS_TS_Data	8	static
../Core/Src/CAN_X_2025.c:727:6:message_cantx_PROC_ELLIPSE_Auto	8	static
../Core/Src/CAN_X_2025.c:752:6:message_cantx_CTRL_ELLIPSE_GPS_Vel	8	static
../Core/Src/CAN_X_2025.c:774:6:message_cantx_STAT_ETAS_Diagnostics	8	static
../Core/Src/CAN_X_2025.c:815:6:message_cantx_PROC_ETAS_VDC_Values	8	static
../Core/Src/CAN_X_2025.c:839:6:message_cantx_CTRL_DASH_Driver_Inputs	8	static
../Core/Src/CAN_X_2025.c:865:6:message_cantx_CTRL_ETAS_System	8	static
../Core/Src/CAN_X_2025.c:882:6:message_cantx_PROC_ELLIPSE_EKF_Pos	8	static
../Core/Src/CAN_X_2025.c:895:6:message_cantx_PROC_ELLIPSE_IMU_Accel	8	static
../Core/Src/CAN_X_2025.c:917:6:message_cantx_PROC_ELLIPSE_EKF_Euler	8	static
../Core/Src/CAN_X_2025.c:939:6:message_cantx_CTRL_ELLIPSE_EKF_Vel	8	static
../Core/Src/CAN_X_2025.c:961:6:message_cantx_STAT_ELLIPSE_Status	8	static
../Core/Src/CAN_X_2025.c:974:6:message_cantx_PROC_ELLIPSE_IMU_Gyro	8	static
../Core/Src/CAN_X_2025.c:996:6:message_cantx_CTRL_ELLIPSE_Vel_Valid	8	static
../Core/Src/CAN_X_2025.c:1013:6:message_cantx_PROC_ETAS_Inverter_R_Data	8	static
../Core/Src/CAN_X_2025.c:1034:6:message_cantx_PROC_ETAS_Inverter_L_Data	8	static
../Core/Src/CAN_X_2025.c:1055:6:message_cantx_PROC_ETAS_VDC_Suspe	8	static
../Core/Src/CAN_X_2025.c:1078:6:message_cantx_PROC_ETAS_VDC_Tq	8	static
../Core/Src/CAN_X_2025.c:1097:6:message_cantx_RAW_RECU_Data	8	static
../Core/Src/CAN_X_2025.c:1114:6:message_cantx_STAT_FECU_Keep_Alive	8	static
../Core/Src/CAN_X_2025.c:1138:6:message_cantx_STAT_RECU_Keep_Alive	8	static
../Core/Src/CAN_X_2025.c:1165:6:message_cantx_RAW_FECU_Data2	8	static
../Core/Src/CAN_X_2025.c:1188:6:message_cantx_RAW_FECU_Data1	8	static
../Core/Src/CAN_X_2025.c:1209:6:message_cantx_STAT_ETAS_Sync	8	static
../Core/Src/CAN_X_2025.c:1225:6:message_canrx_VECTOR__INDEPENDENT_SIG_MSG	16	static
../Core/Src/CAN_X_2025.c:1247:6:message_canrx_PROC_ETAS_VDC_Pressure	16	static
../Core/Src/CAN_X_2025.c:1252:6:message_canrx_CAB300	16	static
../Core/Src/CAN_X_2025.c:1256:6:message_canrx_PROC_ETAS_Warning	16	static
../Core/Src/CAN_X_2025.c:1263:6:message_canrx_TEL_ETAS_Accu	16	static
../Core/Src/CAN_X_2025.c:1269:6:message_canrx_TEL_ETAS_Info	16	static
../Core/Src/CAN_X_2025.c:1275:6:message_canrx_TEL_ETAS_Temps	16	static
../Core/Src/CAN_X_2025.c:1283:6:message_canrx_NM_BMS_Charger_Keep_Alive	16	static
../Core/Src/CAN_X_2025.c:1287:6:message_canrx_STAT_BMS_SFR	16	static
../Core/Src/CAN_X_2025.c:1305:6:message_canrx_CHARGER_Battery_Current	16	static
../Core/Src/CAN_X_2025.c:1309:6:message_canrx_STAT_CHARGER_Battery_Temp	16	static
../Core/Src/CAN_X_2025.c:1315:6:message_canrx_STAT_CHARGER_Battery_Voltages	16	static
../Core/Src/CAN_X_2025.c:1321:6:message_canrx_STAT_CHARGER_PrechargeOK	16	static
../Core/Src/CAN_X_2025.c:1325:6:message_canrx_STAT_BMS_AIRs_State	16	static
../Core/Src/CAN_X_2025.c:1329:6:message_canrx_CTRL_CHARGER_AIRs_Request	16	static
../Core/Src/CAN_X_2025.c:1333:6:message_canrx_STAT_CHARGER_Sync	16	static
../Core/Src/CAN_X_2025.c:1337:6:message_canrx_PROC_ETAS_VDC_Params	16	static
../Core/Src/CAN_X_2025.c:1352:6:message_canrx_PROC_ETAS_VDC_LapTiming	16	static
../Core/Src/CAN_X_2025.c:1361:6:message_canrx_CTRL_BMS_Accu_Data	16	static
../Core/Src/CAN_X_2025.c:1371:6:message_canrx_CTRL_BMS_Cell_Extremes	16	static
../Core/Src/CAN_X_2025.c:1378:6:message_canrx_STAT_DASH_Keep_Alive	16	static
../Core/Src/CAN_X_2025.c:1385:6:message_canrx_STAT_BMS_Keep_Alive	16	static
../Core/Src/CAN_X_2025.c:1394:6:message_canrx_PROC_ETAS_TS_Data	16	static
../Core/Src/CAN_X_2025.c:1402:6:message_canrx_PROC_ELLIPSE_Auto	16	static
../Core/Src/CAN_X_2025.c:1411:6:message_canrx_CTRL_ELLIPSE_GPS_Vel	16	static
../Core/Src/CAN_X_2025.c:1417:6:message_canrx_STAT_ETAS_Diagnostics	16	static
../Core/Src/CAN_X_2025.c:1448:6:message_canrx_PROC_ETAS_VDC_Values	16	static
../Core/Src/CAN_X_2025.c:1457:6:message_canrx_CTRL_DASH_Driver_Inputs	16	static
../Core/Src/CAN_X_2025.c:1473:6:message_canrx_CTRL_ETAS_System	16	static
../Core/Src/CAN_X_2025.c:1480:6:message_canrx_PROC_ELLIPSE_EKF_Pos	16	static
../Core/Src/CAN_X_2025.c:1483:6:message_canrx_PROC_ELLIPSE_IMU_Accel	16	static
../Core/Src/CAN_X_2025.c:1489:6:message_canrx_PROC_ELLIPSE_EKF_Euler	16	static
../Core/Src/CAN_X_2025.c:1495:6:message_canrx_CTRL_ELLIPSE_EKF_Vel	16	static
../Core/Src/CAN_X_2025.c:1501:6:message_canrx_STAT_ELLIPSE_Status	16	static
../Core/Src/CAN_X_2025.c:1504:6:message_canrx_PROC_ELLIPSE_IMU_Gyro	16	static
../Core/Src/CAN_X_2025.c:1510:6:message_canrx_CTRL_ELLIPSE_Vel_Valid	16	static
../Core/Src/CAN_X_2025.c:1516:6:message_canrx_PROC_ETAS_Inverter_R_Data	16	static
../Core/Src/CAN_X_2025.c:1523:6:message_canrx_PROC_ETAS_Inverter_L_Data	16	static
../Core/Src/CAN_X_2025.c:1530:6:message_canrx_PROC_ETAS_VDC_Suspe	16	static
../Core/Src/CAN_X_2025.c:1537:6:message_canrx_PROC_ETAS_VDC_Tq	16	static
../Core/Src/CAN_X_2025.c:1543:6:message_canrx_RAW_RECU_Data	16	static
../Core/Src/CAN_X_2025.c:1548:6:message_canrx_STAT_FECU_Keep_Alive	16	static
../Core/Src/CAN_X_2025.c:1558:6:message_canrx_STAT_RECU_Keep_Alive	16	static
../Core/Src/CAN_X_2025.c:1570:6:message_canrx_RAW_FECU_Data2	16	static
../Core/Src/CAN_X_2025.c:1578:6:message_canrx_RAW_FECU_Data1	16	static
../Core/Src/CAN_X_2025.c:1585:6:message_canrx_STAT_ETAS_Sync	16	static
../Core/Src/CAN_X_2025.c:1589:6:error_handle	8	static
