../Core/Src/main.c:114:5:main	1
../Core/Src/main.c:227:6:SystemClock_Config	4
../Core/Src/main.c:278:13:MX_ADC1_Init	15
../Core/Src/main.c:444:13:MX_CAN1_Init	2
../Core/Src/main.c:481:13:MX_TIM1_Init	8
../Core/Src/main.c:563:13:MX_TIM8_Init	4
../Core/Src/main.c:608:13:MX_DMA_Init	1
../Core/Src/main.c:626:13:MX_GPIO_Init	1
../Core/Src/main.c:671:6:HAL_CAN_RxFifo0MsgPendingCallback	6
../Core/Src/main.c:702:6:StartCAN	1
../Core/Src/main.c:741:6:StartADC	1
../Core/Src/main.c:764:6:StartShutdown	1
../Core/Src/main.c:787:6:StartControl	19
../Core/Src/main.c:878:6:HAL_TIM_PeriodElapsedCallback	2
../Core/Src/main.c:895:6:Error_Handler	1
