../Core/Src/main.c:114:5:main	1
../Core/Src/main.c:226:6:SystemClock_Config	4
../Core/Src/main.c:277:13:MX_ADC1_Init	15
../Core/Src/main.c:443:13:MX_CAN1_Init	2
../Core/Src/main.c:480:13:MX_TIM1_Init	6
../Core/Src/main.c:554:13:MX_TIM8_Init	4
../Core/Src/main.c:599:13:MX_DMA_Init	1
../Core/Src/main.c:617:13:MX_GPIO_Init	1
../Core/Src/main.c:662:6:HAL_CAN_RxFifo0MsgPendingCallback	6
../Core/Src/main.c:693:6:StartCAN	1
../Core/Src/main.c:732:6:StartADC	1
../Core/Src/main.c:755:6:StartShutdown	1
../Core/Src/main.c:778:6:StartControl	19
../Core/Src/main.c:869:6:HAL_TIM_PeriodElapsedCallback	2
../Core/Src/main.c:886:6:Error_Handler	1
