../Core/Src/ILI9488/UI/screen.c:26:13:intToString	16	static
../Core/Src/ILI9488/UI/screen.c:31:13:floatToString	24	static
../Core/Src/ILI9488/UI/screen.c:44:6:carState_0_SC0	16	static
../Core/Src/ILI9488/UI/screen.c:50:6:carState_0_SC1_ecus	64	dynamic
../Core/Src/ILI9488/UI/screen.c:74:6:carState_0_SC1_sensors	64	dynamic
../Core/Src/ILI9488/UI/screen.c:98:6:carState_0_SC1_shutdown	64	dynamic
../Core/Src/ILI9488/UI/screen.c:122:6:carState_0_SC2	16	static
../Core/Src/ILI9488/UI/screen.c:141:6:carState_3_SC0	16	static
../Core/Src/ILI9488/UI/screen.c:148:6:carState_3_SC1	8	static
../Core/Src/ILI9488/UI/screen.c:153:6:carState_3_SC2	8	static
../Core/Src/ILI9488/UI/screen.c:161:6:carState_6	48	static
../Core/Src/ILI9488/UI/screen.c:186:6:carState_9	16	static
../Core/Src/ILI9488/UI/screen.c:193:6:carState_12_DYNAMIC	16	static
../Core/Src/ILI9488/UI/screen.c:207:6:carState_14	16	static
../Core/Src/ILI9488/UI/screen.c:215:6:carState_15	24	static
../Core/Src/ILI9488/UI/screen.c:235:6:carState_21	16	static
