../Core/Src/main.c:98:5:main	88	static
../Core/Src/main.c:160:6:SystemClock_Config	88	static
../Core/Src/main.c:215:13:MX_ADC1_Init	24	static
../Core/Src/main.c:321:13:MX_CAN1_Init	8	static
../Core/Src/main.c:358:13:MX_CAN2_Init	8	static
../Core/Src/main.c:395:13:MX_TIM5_Init	40	static
../Core/Src/main.c:438:13:MX_DMA_Init	16	static
../Core/Src/main.c:456:13:MX_GPIO_Init	48	static
../Core/Src/main.c:491:6:HAL_CAN_RxFifo0MsgPendingCallback	16	static
../Core/Src/main.c:499:6:HAL_CAN_RxFifo1MsgPendingCallback	120	static
../Core/Src/main.c:519:6:HAL_ADC_ConvCpltCallback	16	static
../Core/Src/main.c:546:6:MPU_Config	24	static
../Core/Src/main.c:577:6:Error_Handler	4	static,ignoring_inline_asm
